Archive member included to satisfy reference by file (symbol)

C:/ST/STM32CubeIDE_1.13.2/STM32CubeIDE/plugins/com.st.stm32cube.ide.mcu.externaltools.gnu-tools-for-stm32.11.3.rel1.win32_1.1.1.202309131626/tools/bin/../lib/gcc/arm-none-eabi/11.3.1/../../../../arm-none-eabi/lib/thumb/v7e-m+fp/hard\libc_nano.a(libc_a-atoi.o)
                              ./Middlewares/Third_Party/LwIP/src/core/netif.o (atoi)
C:/ST/STM32CubeIDE_1.13.2/STM32CubeIDE/plugins/com.st.stm32cube.ide.mcu.externaltools.gnu-tools-for-stm32.11.3.rel1.win32_1.1.1.202309131626/tools/bin/../lib/gcc/arm-none-eabi/11.3.1/../../../../arm-none-eabi/lib/thumb/v7e-m+fp/hard\libc_nano.a(libc_a-exit.o)
                              C:/ST/STM32CubeIDE_1.13.2/STM32CubeIDE/plugins/com.st.stm32cube.ide.mcu.externaltools.gnu-tools-for-stm32.11.3.rel1.win32_1.1.1.202309131626/tools/bin/../lib/gcc/arm-none-eabi/11.3.1/../../../../arm-none-eabi/lib/thumb/v7e-m+fp/hard/crt0.o (exit)
C:/ST/STM32CubeIDE_1.13.2/STM32CubeIDE/plugins/com.st.stm32cube.ide.mcu.externaltools.gnu-tools-for-stm32.11.3.rel1.win32_1.1.1.202309131626/tools/bin/../lib/gcc/arm-none-eabi/11.3.1/../../../../arm-none-eabi/lib/thumb/v7e-m+fp/hard\libc_nano.a(libc_a-rand.o)
                              ./Middlewares/Third_Party/LwIP/src/core/tcp.o (rand)
C:/ST/STM32CubeIDE_1.13.2/STM32CubeIDE/plugins/com.st.stm32cube.ide.mcu.externaltools.gnu-tools-for-stm32.11.3.rel1.win32_1.1.1.202309131626/tools/bin/../lib/gcc/arm-none-eabi/11.3.1/../../../../arm-none-eabi/lib/thumb/v7e-m+fp/hard\libc_nano.a(libc_a-strtol.o)
                              C:/ST/STM32CubeIDE_1.13.2/STM32CubeIDE/plugins/com.st.stm32cube.ide.mcu.externaltools.gnu-tools-for-stm32.11.3.rel1.win32_1.1.1.202309131626/tools/bin/../lib/gcc/arm-none-eabi/11.3.1/../../../../arm-none-eabi/lib/thumb/v7e-m+fp/hard\libc_nano.a(libc_a-atoi.o) (_strtol_r)
C:/ST/STM32CubeIDE_1.13.2/STM32CubeIDE/plugins/com.st.stm32cube.ide.mcu.externaltools.gnu-tools-for-stm32.11.3.rel1.win32_1.1.1.202309131626/tools/bin/../lib/gcc/arm-none-eabi/11.3.1/../../../../arm-none-eabi/lib/thumb/v7e-m+fp/hard\libc_nano.a(libc_a-ctype_.o)
                              ./Middlewares/Third_Party/LwIP/src/core/ipv4/ip4_addr.o (_ctype_)
C:/ST/STM32CubeIDE_1.13.2/STM32CubeIDE/plugins/com.st.stm32cube.ide.mcu.externaltools.gnu-tools-for-stm32.11.3.rel1.win32_1.1.1.202309131626/tools/bin/../lib/gcc/arm-none-eabi/11.3.1/../../../../arm-none-eabi/lib/thumb/v7e-m+fp/hard\libc_nano.a(libc_a-findfp.o)
                              C:/ST/STM32CubeIDE_1.13.2/STM32CubeIDE/plugins/com.st.stm32cube.ide.mcu.externaltools.gnu-tools-for-stm32.11.3.rel1.win32_1.1.1.202309131626/tools/bin/../lib/gcc/arm-none-eabi/11.3.1/../../../../arm-none-eabi/lib/thumb/v7e-m+fp/hard\libc_nano.a(libc_a-exit.o) (__stdio_exit_handler)
C:/ST/STM32CubeIDE_1.13.2/STM32CubeIDE/plugins/com.st.stm32cube.ide.mcu.externaltools.gnu-tools-for-stm32.11.3.rel1.win32_1.1.1.202309131626/tools/bin/../lib/gcc/arm-none-eabi/11.3.1/../../../../arm-none-eabi/lib/thumb/v7e-m+fp/hard\libc_nano.a(libc_a-fwalk.o)
                              C:/ST/STM32CubeIDE_1.13.2/STM32CubeIDE/plugins/com.st.stm32cube.ide.mcu.externaltools.gnu-tools-for-stm32.11.3.rel1.win32_1.1.1.202309131626/tools/bin/../lib/gcc/arm-none-eabi/11.3.1/../../../../arm-none-eabi/lib/thumb/v7e-m+fp/hard\libc_nano.a(libc_a-findfp.o) (_fwalk_sglue)
C:/ST/STM32CubeIDE_1.13.2/STM32CubeIDE/plugins/com.st.stm32cube.ide.mcu.externaltools.gnu-tools-for-stm32.11.3.rel1.win32_1.1.1.202309131626/tools/bin/../lib/gcc/arm-none-eabi/11.3.1/../../../../arm-none-eabi/lib/thumb/v7e-m+fp/hard\libc_nano.a(libc_a-printf.o)
                              ./LWIP/Target/ethernetif.o (printf)
C:/ST/STM32CubeIDE_1.13.2/STM32CubeIDE/plugins/com.st.stm32cube.ide.mcu.externaltools.gnu-tools-for-stm32.11.3.rel1.win32_1.1.1.202309131626/tools/bin/../lib/gcc/arm-none-eabi/11.3.1/../../../../arm-none-eabi/lib/thumb/v7e-m+fp/hard\libc_nano.a(libc_a-stdio.o)
                              C:/ST/STM32CubeIDE_1.13.2/STM32CubeIDE/plugins/com.st.stm32cube.ide.mcu.externaltools.gnu-tools-for-stm32.11.3.rel1.win32_1.1.1.202309131626/tools/bin/../lib/gcc/arm-none-eabi/11.3.1/../../../../arm-none-eabi/lib/thumb/v7e-m+fp/hard\libc_nano.a(libc_a-findfp.o) (__sread)
C:/ST/STM32CubeIDE_1.13.2/STM32CubeIDE/plugins/com.st.stm32cube.ide.mcu.externaltools.gnu-tools-for-stm32.11.3.rel1.win32_1.1.1.202309131626/tools/bin/../lib/gcc/arm-none-eabi/11.3.1/../../../../arm-none-eabi/lib/thumb/v7e-m+fp/hard\libc_nano.a(libc_a-memcmp.o)
                              ./Middlewares/Third_Party/LwIP/src/netif/bridgeif_fdb.o (memcmp)
C:/ST/STM32CubeIDE_1.13.2/STM32CubeIDE/plugins/com.st.stm32cube.ide.mcu.externaltools.gnu-tools-for-stm32.11.3.rel1.win32_1.1.1.202309131626/tools/bin/../lib/gcc/arm-none-eabi/11.3.1/../../../../arm-none-eabi/lib/thumb/v7e-m+fp/hard\libc_nano.a(libc_a-memmove.o)
                              ./Middlewares/Third_Party/LwIP/src/core/def.o (memmove)
[...]
Memory Configuration

Name             Origin             Length             Attributes
CCMRAM           0x0000000010000000 0x0000000000010000 xrw
RAM              0x0000000020000000 0x0000000000020000 xrw
FLASH            0x0000000008000000 0x0000000000080000 xr
*default*        0x0000000000000000 0xffffffffffffffff

Linker script and memory map

LOAD C:/ST/STM32CubeIDE_1.13.2/STM32CubeIDE/plugins/com.st.stm32cube.ide.mcu.externaltools.gnu-tools-for-stm32.11.3.rel1.win32_1.1.1.202309131626/tools/bin/../lib/gcc/arm-none-eabi/11.3.1/thumb/v7e-m+fp/hard/crti.o
LOAD C:/ST/STM32CubeIDE_1.13.2/STM32CubeIDE/plugins/com.st.stm32cube.ide.mcu.externaltools.gnu-tools-for-stm32.11.3.rel1.win32_1.1.1.202309131626/tools/bin/../lib/gcc/arm-none-eabi/11.3.1/thumb/v7e-m+fp/hard/crtbegin.o
LOAD C:/ST/STM32CubeIDE_1.13.2/STM32CubeIDE/plugins/com.st.stm32cube.ide.mcu.externaltools.gnu-tools-for-stm32.11.3.rel1.win32_1.1.1.202309131626/tools/bin/../lib/gcc/arm-none-eabi/11.3.1/../../../../arm-none-eabi/lib/thumb/v7e-m+fp/hard/crt0.o
LOAD ./Core/Src/command_manager.o
LOAD ./Core/Src/main.o
LOAD ./Core/Src/message.o
LOAD ./Core/Src/stm32f4xx_hal_msp.o
LOAD ./Core/Src/stm32f4xx_it.o
LOAD ./Core/Src/syscalls.o
LOAD ./Core/Src/sysmem.o
LOAD ./Core/Src/system_stm32f4xx.o
LOAD ./Core/Src/tcp_server.o
LOAD ./Core/Startup/startup_stm32f407vetx.o
LOAD ./Drivers/BSP/Components/lan8742/lan8742.o
LOAD ./Drivers/STM32F4xx_HAL_Driver/Src/stm32f4xx_hal.o
LOAD ./Drivers/STM32F4xx_HAL_Driver/Src/stm32f4xx_hal_cortex.o
LOAD ./Drivers/STM32F4xx_HAL_Driver/Src/stm32f4xx_hal_dma.o
LOAD ./Drivers/STM32F4xx_HAL_Driver/Src/stm32f4xx_hal_dma_ex.o
LOAD ./Drivers/STM32F4xx_HAL_Driver/Src/stm32f4xx_hal_eth.o
LOAD ./Drivers/STM32F4xx_HAL_Driver/Src/stm32f4xx_hal_exti.o
LOAD ./Drivers/STM32F4xx_HAL_Driver/Src/stm32f4xx_hal_flash.o
LOAD ./Drivers/STM32F4xx_HAL_Driver/Src/stm32f4xx_hal_flash_ex.o
LOAD ./Drivers/STM32F4xx_HAL_Driver/Src/stm32f4xx_hal_flash_ramfunc.o
LOAD ./Drivers/STM32F4xx_HAL_Driver/Src/stm32f4xx_hal_gpio.o
LOAD ./Drivers/STM32F4xx_HAL_Driver/Src/stm32f4xx_hal_pwr.o
LOAD ./Drivers/STM32F4xx_HAL_Driver/Src/stm32f4xx_hal_pwr_ex.o
LOAD ./Drivers/STM32F4xx_HAL_Driver/Src/stm32f4xx_hal_rcc.o
LOAD ./Drivers/STM32F4xx_HAL_Driver/Src/stm32f4xx_hal_rcc_ex.o
LOAD ./Drivers/STM32F4xx_HAL_Driver/Src/stm32f4xx_hal_uart.o
LOAD ./LWIP/App/lwip.o
LOAD ./LWIP/Target/ethernetif.o
LOAD ./Middlewares/Third_Party/LwIP/src/api/api_lib.o
LOAD ./Middlewares/Third_Party/LwIP/src/api/api_msg.o
LOAD ./Middlewares/Third_Party/LwIP/src/api/err.o
LOAD ./Middlewares/Third_Party/LwIP/src/api/if_api.o
LOAD ./Middlewares/Third_Party/LwIP/src/api/netbuf.o
LOAD ./Middlewares/Third_Party/LwIP/src/api/netdb.o
LOAD ./Middlewares/Third_Party/LwIP/src/api/netifapi.o
LOAD ./Middlewares/Third_Party/LwIP/src/api/sockets.o
LOAD ./Middlewares/Third_Party/LwIP/src/api/tcpip.o
LOAD ./Middlewares/Third_Party/LwIP/src/apps/mqtt/mqtt.o
LOAD ./Middlewares/Third_Party/LwIP/src/core/altcp.o
LOAD ./Middlewares/Third_Party/LwIP/src/core/altcp_alloc.o
LOAD ./Middlewares/Third_Party/LwIP/src/core/altcp_tcp.o
LOAD ./Middlewares/Third_Party/LwIP/src/core/def.o
LOAD ./Middlewares/Third_Party/LwIP/src/core/dns.o
LOAD ./Middlewares/Third_Party/LwIP/src/core/inet_chksum.o
LOAD ./Middlewares/Third_Party/LwIP/src/core/init.o
LOAD ./Middlewares/Third_Party/LwIP/src/core/ip.o
LOAD ./Middlewares/Third_Party/LwIP/src/core/mem.o
LOAD ./Middlewares/Third_Party/LwIP/src/core/memp.o
LOAD ./Middlewares/Third_Party/LwIP/src/core/netif.o
LOAD ./Middlewares/Third_Party/LwIP/src/core/pbuf.o
LOAD ./Middlewares/Third_Party/LwIP/src/core/raw.o
LOAD ./Middlewares/Third_Party/LwIP/src/core/stats.o
LOAD ./Middlewares/Third_Party/LwIP/src/core/sys.o
LOAD ./Middlewares/Third_Party/LwIP/src/core/tcp.o
LOAD ./Middlewares/Third_Party/LwIP/src/core/tcp_in.o
LOAD ./Middlewares/Third_Party/LwIP/src/core/tcp_out.o
LOAD ./Middlewares/Third_Party/LwIP/src/core/timeouts.o
LOAD ./Middlewares/Third_Party/LwIP/src/core/udp.o
LOAD ./Middlewares/Third_Party/LwIP/src/core/ipv4/autoip.o
LOAD ./Middlewares/Third_Party/LwIP/src/core/ipv4/dhcp.o
LOAD ./Middlewares/Third_Party/LwIP/src/core/ipv4/etharp.o
LOAD ./Middlewares/Third_Party/LwIP/src/core/ipv4/icmp.o
LOAD ./Middlewares/Third_Party/LwIP/src/core/ipv4/igmp.o
LOAD ./Middlewares/Third_Party/LwIP/src/core/ipv4/ip4.o
LOAD ./Middlewares/Third_Party/LwIP/src/core/ipv4/ip4_addr.o
LOAD ./Middlewares/Third_Party/LwIP/src/core/ipv4/ip4_frag.o
LOAD ./Middlewares/Third_Party/LwIP/src/core/ipv6/dhcp6.o
LOAD ./Middlewares/Third_Party/LwIP/src/core/ipv6/ethip6.o
LOAD ./Middlewares/Third_Party/LwIP/src/core/ipv6/icmp6.o
LOAD ./Middlewares/Third_Party/LwIP/src/core/ipv6/inet6.o
LOAD ./Middlewares/Third_Party/LwIP/src/core/ipv6/ip6.o
LOAD ./Middlewares/Third_Party/LwIP/src/core/ipv6/ip6_addr.o
LOAD ./Middlewares/Third_Party/LwIP/src/core/ipv6/ip6_frag.o
LOAD ./Middlewares/Third_Party/LwIP/src/core/ipv6/mld6.o
LOAD ./Middlewares/Third_Party/LwIP/src/core/ipv6/nd6.o
LOAD ./Middlewares/Third_Party/LwIP/src/netif/bridgeif.o
LOAD ./Middlewares/Third_Party/LwIP/src/netif/bridgeif_fdb.o
LOAD ./Middlewares/Third_Party/LwIP/src/netif/ethernet.o
LOAD ./Middlewares/Third_Party/LwIP/src/netif/lowpan6.o
LOAD ./Middlewares/Third_Party/LwIP/src/netif/lowpan6_ble.o
LOAD ./Middlewares/Third_Party/LwIP/src/netif/lowpan6_common.o
LOAD ./Middlewares/Third_Party/LwIP/src/netif/slipif.o
LOAD ./Middlewares/Third_Party/LwIP/src/netif/zepif.o
LOAD ./Middlewares/Third_Party/LwIP/src/netif/ppp/auth.o
LOAD ./Middlewares/Third_Party/LwIP/src/netif/ppp/ccp.o
LOAD ./Middlewares/Third_Party/LwIP/src/netif/ppp/chap-md5.o
LOAD ./Middlewares/Third_Party/LwIP/src/netif/ppp/chap-new.o
LOAD ./Middlewares/Third_Party/LwIP/src/netif/ppp/chap_ms.o
LOAD ./Middlewares/Third_Party/LwIP/src/netif/ppp/demand.o
LOAD ./Middlewares/Third_Party/LwIP/src/netif/ppp/eap.o
LOAD ./Middlewares/Third_Party/LwIP/src/netif/ppp/ecp.o
LOAD ./Middlewares/Third_Party/LwIP/src/netif/ppp/eui64.o
LOAD ./Middlewares/Third_Party/LwIP/src/netif/ppp/fsm.o
LOAD ./Middlewares/Third_Party/LwIP/src/netif/ppp/ipcp.o
LOAD ./Middlewares/Third_Party/LwIP/src/netif/ppp/ipv6cp.o
LOAD ./Middlewares/Third_Party/LwIP/src/netif/ppp/lcp.o
LOAD ./Middlewares/Third_Party/LwIP/src/netif/ppp/magic.o
LOAD ./Middlewares/Third_Party/LwIP/src/netif/ppp/mppe.o
LOAD ./Middlewares/Third_Party/LwIP/src/netif/ppp/multilink.o
LOAD ./Middlewares/Third_Party/LwIP/src/netif/ppp/ppp.o
LOAD ./Middlewares/Third_Party/LwIP/src/netif/ppp/pppapi.o
LOAD ./Middlewares/Third_Party/LwIP/src/netif/ppp/pppcrypt.o
LOAD ./Middlewares/Third_Party/LwIP/src/netif/ppp/pppoe.o
LOAD ./Middlewares/Third_Party/LwIP/src/netif/ppp/pppol2tp.o
LOAD ./Middlewares/Third_Party/LwIP/src/netif/ppp/pppos.o
LOAD ./Middlewares/Third_Party/LwIP/src/netif/ppp/upap.o
LOAD ./Middlewares/Third_Party/LwIP/src/netif/ppp/utils.o
LOAD ./Middlewares/Third_Party/LwIP/src/netif/ppp/vj.o
START GROUP
LOAD C:/ST/STM32CubeIDE_1.13.2/STM32CubeIDE/plugins/com.st.stm32cube.ide.mcu.externaltools.gnu-tools-for-stm32.11.3.rel1.win32_1.1.1.202309131626/tools/bin/../lib/gcc/arm-none-eabi/11.3.1/../../../../arm-none-eabi/lib/thumb/v7e-m+fp/hard\libc_nano.a
LOAD C:/ST/STM32CubeIDE_1.13.2/STM32CubeIDE/plugins/com.st.stm32cube.ide.mcu.externaltools.gnu-tools-for-stm32.11.3.rel1.win32_1.1.1.202309131626/tools/bin/../lib/gcc/arm-none-eabi/11.3.1/../../../../arm-none-eabi/lib/thumb/v7e-m+fp/hard\libm.a
END GROUP
START GROUP
LOAD C:/ST/STM32CubeIDE_1.13.2/STM32CubeIDE/plugins/com.st.stm32cube.ide.mcu.externaltools.gnu-tools-for-stm32.11.3.rel1.win32_1.1.1.202309131626/tools/bin/../lib/gcc/arm-none-eabi/11.3.1/thumb/v7e-m+fp/hard\libgcc.a
LOAD C:/ST/STM32CubeIDE_1.13.2/STM32CubeIDE/plugins/com.st.stm32cube.ide.mcu.externaltools.gnu-tools-for-stm32.11.3.rel1.win32_1.1.1.202309131626/tools/bin/../lib/gcc/arm-none-eabi/11.3.1/../../../../arm-none-eabi/lib/thumb/v7e-m+fp/hard\libc_nano.a
END GROUP
START GROUP
LOAD C:/ST/STM32CubeIDE_1.13.2/STM32CubeIDE/plugins/com.st.stm32cube.ide.mcu.externaltools.gnu-tools-for-stm32.11.3.rel1.win32_1.1.1.202309131626/tools/bin/../lib/gcc/arm-none-eabi/11.3.1/thumb/v7e-m+fp/hard\libgcc.a
LOAD C:/ST/STM32CubeIDE_1.13.2/STM32CubeIDE/plugins/com.st.stm32cube.ide.mcu.externaltools.gnu-tools-for-stm32.11.3.rel1.win32_1.1.1.202309131626/tools/bin/../lib/gcc/arm-none-eabi/11.3.1/../../../../arm-none-eabi/lib/thumb/v7e-m+fp/hard\libc_nano.a
LOAD C:/ST/STM32CubeIDE_1.13.2/STM32CubeIDE/plugins/com.st.stm32cube.ide.mcu.externaltools.gnu-tools-for-stm32.11.3.rel1.win32_1.1.1.202309131626/tools/bin/../lib/gcc/arm-none-eabi/11.3.1/../../../../arm-none-eabi/lib/thumb/v7e-m+fp/hard\libnosys.a
END GROUP
START GROUP
LOAD C:/ST/STM32CubeIDE_1.13.2/STM32CubeIDE/plugins/com.st.stm32cube.ide.mcu.externaltools.gnu-tools-for-stm32.11.3.rel1.win32_1.1.1.202309131626/tools/bin/../lib/gcc/arm-none-eabi/11.3.1/thumb/v7e-m+fp/hard\libgcc.a
LOAD C:/ST/STM32CubeIDE_1.13.2/STM32CubeIDE/plugins/com.st.stm32cube.ide.mcu.externaltools.gnu-tools-for-stm32.11.3.rel1.win32_1.1.1.202309131626/tools/bin/../lib/gcc/arm-none-eabi/11.3.1/../../../../arm-none-eabi/lib/thumb/v7e-m+fp/hard\libc_nano.a
LOAD C:/ST/STM32CubeIDE_1.13.2/STM32CubeIDE/plugins/com.st.stm32cube.ide.mcu.externaltools.gnu-tools-for-stm32.11.3.rel1.win32_1.1.1.202309131626/tools/bin/../lib/gcc/arm-none-eabi/11.3.1/../../../../arm-none-eabi/lib/thumb/v7e-m+fp/hard\libnosys.a
END GROUP
LOAD C:/ST/STM32CubeIDE_1.13.2/STM32CubeIDE/plugins/com.st.stm32cube.ide.mcu.externaltools.gnu-tools-for-stm32.11.3.rel1.win32_1.1.1.202309131626/tools/bin/../lib/gcc/arm-none-eabi/11.3.1/thumb/v7e-m+fp/hard/crtend.o
LOAD C:/ST/STM32CubeIDE_1.13.2/STM32CubeIDE/plugins/com.st.stm32cube.ide.mcu.externaltools.gnu-tools-for-stm32.11.3.rel1.win32_1.1.1.202309131626/tools/bin/../lib/gcc/arm-none-eabi/11.3.1/thumb/v7e-m+fp/hard/crtn.o
                0x0000000020020000                _estack = (ORIGIN (RAM) + LENGTH (RAM))
                0x0000000000000200                _Min_Heap_Size = 0x200
                0x0000000000000400                _Min_Stack_Size = 0x400

.isr_vector     0x0000000008000000      0x188
                0x0000000008000000                . = ALIGN (0x4)
 *(.isr_vector)
 .isr_vector    0x0000000008000000      0x188 ./Core/Startup/startup_stm32f407vetx.o
                0x0000000008000000                g_pfnVectors
                0x0000000008000188                . = ALIGN (0x4)

.text           0x0000000008000190     0x9938
                0x0000000008000190                . = ALIGN (0x4)
 *(.text)
 .text          0x0000000008000190       0x40 C:/ST/STM32CubeIDE_1.13.2/STM32CubeIDE/plugins/com.st.stm32cube.ide.mcu.externaltools.gnu-tools-for-stm32.11.3.rel1.win32_1.1.1.202309131626/tools/bin/../lib/gcc/arm-none-eabi/11.3.1/thumb/v7e-m+fp/hard/crtbegin.o
 .text          0x00000000080001d0       0x10 C:/ST/STM32CubeIDE_1.13.2/STM32CubeIDE/plugins/com.st.stm32cube.ide.mcu.externaltools.gnu-tools-for-stm32.11.3.rel1.win32_1.1.1.202309131626/tools/bin/../lib/gcc/arm-none-eabi/11.3.1/../../../../arm-none-eabi/lib/thumb/v7e-m+fp/hard\libc_nano.a(libc_a-strlen.o)
                0x00000000080001d0                strlen
 .text          0x00000000080001e0       0xa0 C:/ST/STM32CubeIDE_1.13.2/STM32CubeIDE/plugins/com.st.stm32cube.ide.mcu.externaltools.gnu-tools-for-stm32.11.3.rel1.win32_1.1.1.202309131626/tools/bin/../lib/gcc/arm-none-eabi/11.3.1/../../../../arm-none-eabi/lib/thumb/v7e-m+fp/hard\libc_nano.a(libc_a-memchr.o)
                0x00000000080001e0                memchr
 .text          0x0000000008000280       0x30 C:/ST/STM32CubeIDE_1.13.2/STM32CubeIDE/plugins/com.st.stm32cube.ide.mcu.externaltools.gnu-tools-for-stm32.11.3.rel1.win32_1.1.1.202309131626/tools/bin/../lib/gcc/arm-none-eabi/11.3.1/thumb/v7e-m+fp/hard\libgcc.a(_aeabi_uldivmod.o)
                0x0000000008000280                __aeabi_uldivmod
 .text          0x00000000080002b0      0x2c8 C:/ST/STM32CubeIDE_1.13.2/STM32CubeIDE/plugins/com.st.stm32cube.ide.mcu.externaltools.gnu-tools-for-stm32.11.3.rel1.win32_1.1.1.202309131626/tools/bin/../lib/gcc/arm-none-eabi/11.3.1/thumb/v7e-m+fp/hard\libgcc.a(_udivmoddi4.o)
                0x00000000080002b0                __udivmoddi4
 .text          0x0000000008000578        0x4 C:/ST/STM32CubeIDE_1.13.2/STM32CubeIDE/plugins/com.st.stm32cube.ide.mcu.externaltools.gnu-tools-for-stm32.11.3.rel1.win32_1.1.1.202309131626/tools/bin/../lib/gcc/arm-none-eabi/11.3.1/thumb/v7e-m+fp/hard\libgcc.a(_dvmd_tls.o)
                0x0000000008000578                __aeabi_idiv0
                0x0000000008000578                __aeabi_ldiv0
 *(.text*)
 .text.nok      0x000000000800057c       0x18 ./Core/Src/command_manager.o
                0x000000000800057c                nok
 .text.hello    0x0000000008000594       0x1c ./Core/Src/command_manager.o
                0x0000000008000594                hello
 .text.initialize_function_map
                0x00000000080005b0       0x18 ./Core/Src/command_manager.o
                0x00000000080005b0                initialize_function_map
 .text.handle_request
                0x00000000080005c8       0x28 ./Core/Src/command_manager.o
                0x00000000080005c8                handle_request
 .text.SystemClock_Config
                0x00000000080005f0       0xa0 ./Core/Src/main.o
                0x00000000080005f0                SystemClock_Config
 .text.startup.main
                0x0000000008000690       0xac ./Core/Src/main.o
                0x0000000008000690                main
 .text.HAL_UART_RxCpltCallback
                0x000000000800073c       0x3c ./Core/Src/main.o
                0x000000000800073c                HAL_UART_RxCpltCallback
 .text.Error_Handler
                0x0000000008000778        0x4 ./Core/Src/main.o
                0x0000000008000778                Error_Handler
 .text.deserialize_message
                0x000000000800077c        0x6 ./Core/Src/message.o
                0x000000000800077c                deserialize_message
 .text.serialize_message
                0x0000000008000782        0x6 ./Core/Src/message.o
                0x0000000008000782                serialize_message
 .text.HAL_MspInit
                0x0000000008000788       0x38 ./Core/Src/stm32f4xx_hal_msp.o
                0x0000000008000788                HAL_MspInit
 .text.HAL_UART_MspInit
                0x00000000080007c0       0x7c ./Core/Src/stm32f4xx_hal_msp.o
                0x00000000080007c0                HAL_UART_MspInit
 .text.NMI_Handler
                0x000000000800083c        0x2 ./Core/Src/stm32f4xx_it.o
                0x000000000800083c                NMI_Handler
 .text.HardFault_Handler
                0x000000000800083e        0x2 ./Core/Src/stm32f4xx_it.o
                0x000000000800083e                HardFault_Handler
 .text.MemManage_Handler
                0x0000000008000840        0x2 ./Core/Src/stm32f4xx_it.o
                0x0000000008000840                MemManage_Handler
 .text.BusFault_Handler
                0x0000000008000842        0x2 ./Core/Src/stm32f4xx_it.o
                0x0000000008000842                BusFault_Handler
 .text.UsageFault_Handler
                0x0000000008000844        0x2 ./Core/Src/stm32f4xx_it.o
                0x0000000008000844                UsageFault_Handler
 .text.SVC_Handler
                0x0000000008000846        0x2 ./Core/Src/stm32f4xx_it.o
                0x0000000008000846                SVC_Handler
 .text.DebugMon_Handler
                0x0000000008000848        0x2 ./Core/Src/stm32f4xx_it.o
                0x0000000008000848                DebugMon_Handler
 .text.PendSV_Handler
                0x000000000800084a        0x2 ./Core/Src/stm32f4xx_it.o
                0x000000000800084a                PendSV_Handler
 .text.SysTick_Handler
                0x000000000800084c        0x4 ./Core/Src/stm32f4xx_it.o
                0x000000000800084c                SysTick_Handler
 .text.UART4_IRQHandler
                0x0000000008000850        0xc ./Core/Src/stm32f4xx_it.o
                0x0000000008000850                UART4_IRQHandler
 .text._getpid  0x000000000800085c        0x4 ./Core/Src/syscalls.o
                0x000000000800085c                _getpid
 .text._kill    0x0000000008000860       0x10 ./Core/Src/syscalls.o
                0x0000000008000860                _kill
 .text._exit    0x0000000008000870        0xc ./Core/Src/syscalls.o
                0x0000000008000870                _exit
 .text._read    0x000000000800087c       0x1c ./Core/Src/syscalls.o
                0x000000000800087c                _read
 .text._write   0x0000000008000898       0x1c ./Core/Src/syscalls.o
                0x0000000008000898                _write
 .text._close   0x00000000080008b4        0x6 ./Core/Src/syscalls.o
                0x00000000080008b4                _close
 .text._fstat   0x00000000080008ba        0xa ./Core/Src/syscalls.o
                0x00000000080008ba                _fstat
 .text._isatty  0x00000000080008c4        0x4 ./Core/Src/syscalls.o
                0x00000000080008c4                _isatty
 .text._lseek   0x00000000080008c8        0x4 ./Core/Src/syscalls.o
                0x00000000080008c8                _lseek
 .text._sbrk    0x00000000080008cc       0x40 ./Core/Src/sysmem.o
                0x00000000080008cc                _sbrk
 .text.SystemInit
                0x000000000800090c       0x14 ./Core/Src/system_stm32f4xx.o
                0x000000000800090c                SystemInit
 .text.tcp_server_error
                0x0000000008000920        0x2 ./Core/Src/tcp_server.o
 *fill*         0x0000000008000922        0x2 
 .text.tcp_server_accept
                0x0000000008000924       0x2c ./Core/Src/tcp_server.o
 .text.tcp_server_recv
                0x0000000008000950       0x88 ./Core/Src/tcp_server.o
 .text.tcp_server_init
                0x00000000080009d8       0x3c ./Core/Src/tcp_server.o
                0x00000000080009d8                tcp_server_init
 .text.Reset_Handler
                0x0000000008000a14       0x50 ./Core/Startup/startup_stm32f407vetx.o
                0x0000000008000a14                Reset_Handler
 .text.Default_Handler
                0x0000000008000a64        0x2 ./Core/Startup/startup_stm32f407vetx.o
                0x0000000008000a64                RTC_Alarm_IRQHandler
                0x0000000008000a64                HASH_RNG_IRQHandler
                0x0000000008000a64                EXTI2_IRQHandler
                0x0000000008000a64                TIM8_CC_IRQHandler
                0x0000000008000a64                TIM1_CC_IRQHandler
                0x0000000008000a64                DMA2_Stream5_IRQHandler
                0x0000000008000a64                DMA1_Stream5_IRQHandler
                0x0000000008000a64                PVD_IRQHandler
                0x0000000008000a64                SDIO_IRQHandler
                0x0000000008000a64                TAMP_STAMP_IRQHandler
                0x0000000008000a64                CAN2_RX1_IRQHandler
                0x0000000008000a64                EXTI3_IRQHandler
                0x0000000008000a64                TIM8_TRG_COM_TIM14_IRQHandler
                0x0000000008000a64                TIM1_UP_TIM10_IRQHandler
                0x0000000008000a64                TIM8_UP_TIM13_IRQHandler
                0x0000000008000a64                I2C3_ER_IRQHandler
                0x0000000008000a64                EXTI0_IRQHandler
                0x0000000008000a64                I2C2_EV_IRQHandler
                0x0000000008000a64                DMA1_Stream2_IRQHandler
                0x0000000008000a64                CAN1_RX0_IRQHandler
                0x0000000008000a64                FPU_IRQHandler
                0x0000000008000a64                OTG_HS_WKUP_IRQHandler
                0x0000000008000a64                CAN2_SCE_IRQHandler
                0x0000000008000a64                DMA2_Stream2_IRQHandler
                0x0000000008000a64                SPI1_IRQHandler
                0x0000000008000a64                TIM6_DAC_IRQHandler
                0x0000000008000a64                TIM1_BRK_TIM9_IRQHandler
                0x0000000008000a64                DCMI_IRQHandler
                0x0000000008000a64                CAN2_RX0_IRQHandler
                0x0000000008000a64                DMA2_Stream3_IRQHandler
                0x0000000008000a64                USART6_IRQHandler
                0x0000000008000a64                USART3_IRQHandler
                0x0000000008000a64                CAN1_RX1_IRQHandler
                0x0000000008000a64                UART5_IRQHandler
                0x0000000008000a64                DMA2_Stream0_IRQHandler
                0x0000000008000a64                TIM4_IRQHandler
                0x0000000008000a64                I2C1_EV_IRQHandler
                0x0000000008000a64                DMA1_Stream6_IRQHandler
                0x0000000008000a64                DMA1_Stream1_IRQHandler
                0x0000000008000a64                TIM3_IRQHandler
                0x0000000008000a64                RCC_IRQHandler
                0x0000000008000a64                TIM8_BRK_TIM12_IRQHandler
                0x0000000008000a64                Default_Handler
                0x0000000008000a64                EXTI15_10_IRQHandler
                0x0000000008000a64                ADC_IRQHandler
                0x0000000008000a64                DMA1_Stream7_IRQHandler
                0x0000000008000a64                TIM7_IRQHandler
                0x0000000008000a64                CAN2_TX_IRQHandler
                0x0000000008000a64                TIM5_IRQHandler
                0x0000000008000a64                DMA2_Stream7_IRQHandler
                0x0000000008000a64                I2C3_EV_IRQHandler
                0x0000000008000a64                EXTI9_5_IRQHandler
                0x0000000008000a64                RTC_WKUP_IRQHandler
                0x0000000008000a64                ETH_WKUP_IRQHandler
                0x0000000008000a64                SPI2_IRQHandler
                0x0000000008000a64                OTG_HS_EP1_IN_IRQHandler
                0x0000000008000a64                DMA1_Stream0_IRQHandler
                0x0000000008000a64                CAN1_TX_IRQHandler
                0x0000000008000a64                EXTI4_IRQHandler
                0x0000000008000a64                FSMC_IRQHandler
                0x0000000008000a64                ETH_IRQHandler
                0x0000000008000a64                OTG_HS_EP1_OUT_IRQHandler
                0x0000000008000a64                WWDG_IRQHandler
                0x0000000008000a64                TIM2_IRQHandler
                0x0000000008000a64                OTG_FS_WKUP_IRQHandler
                0x0000000008000a64                TIM1_TRG_COM_TIM11_IRQHandler
                0x0000000008000a64                OTG_HS_IRQHandler
                0x0000000008000a64                EXTI1_IRQHandler
                0x0000000008000a64                USART2_IRQHandler
                0x0000000008000a64                I2C2_ER_IRQHandler
                0x0000000008000a64                DMA2_Stream1_IRQHandler
                0x0000000008000a64                CAN1_SCE_IRQHandler
                0x0000000008000a64                FLASH_IRQHandler
                0x0000000008000a64                DMA2_Stream4_IRQHandler
                0x0000000008000a64                USART1_IRQHandler
                0x0000000008000a64                OTG_FS_IRQHandler
                0x0000000008000a64                SPI3_IRQHandler
                0x0000000008000a64                DMA1_Stream4_IRQHandler
                0x0000000008000a64                I2C1_ER_IRQHandler
                0x0000000008000a64                DMA2_Stream6_IRQHandler
                0x0000000008000a64                DMA1_Stream3_IRQHandler
 .text.LAN8742_RegisterBusIO
                0x0000000008000a66       0x28 ./Drivers/BSP/Components/lan8742/lan8742.o
                0x0000000008000a66                LAN8742_RegisterBusIO
 .text.LAN8742_Init
                0x0000000008000a8e       0xc2 ./Drivers/BSP/Components/lan8742/lan8742.o
                0x0000000008000a8e                LAN8742_Init
 .text.LAN8742_GetLinkState
                0x0000000008000b50       0x94 ./Drivers/BSP/Components/lan8742/lan8742.o
                0x0000000008000b50                LAN8742_GetLinkState
 .text.HAL_InitTick
                0x0000000008000be4       0x48 ./Drivers/STM32F4xx_HAL_Driver/Src/stm32f4xx_hal.o
                0x0000000008000be4                HAL_InitTick
 .text.HAL_Init
                0x0000000008000c2c       0x34 ./Drivers/STM32F4xx_HAL_Driver/Src/stm32f4xx_hal.o
                0x0000000008000c2c                HAL_Init
 .text.HAL_IncTick
                0x0000000008000c60       0x18 ./Drivers/STM32F4xx_HAL_Driver/Src/stm32f4xx_hal.o
                0x0000000008000c60                HAL_IncTick
 .text.HAL_GetTick
                0x0000000008000c78        0xc ./Drivers/STM32F4xx_HAL_Driver/Src/stm32f4xx_hal.o
                0x0000000008000c78                HAL_GetTick
 .text.HAL_Delay
                0x0000000008000c84       0x28 ./Drivers/STM32F4xx_HAL_Driver/Src/stm32f4xx_hal.o
                0x0000000008000c84                HAL_Delay
 .text.HAL_NVIC_SetPriorityGrouping
                0x0000000008000cac       0x24 ./Drivers/STM32F4xx_HAL_Driver/Src/stm32f4xx_hal_cortex.o
                0x0000000008000cac                HAL_NVIC_SetPriorityGrouping
 .text.HAL_NVIC_SetPriority
                0x0000000008000cd0       0x64 ./Drivers/STM32F4xx_HAL_Driver/Src/stm32f4xx_hal_cortex.o
                0x0000000008000cd0                HAL_NVIC_SetPriority
 .text.HAL_NVIC_EnableIRQ
                0x0000000008000d34       0x1c ./Drivers/STM32F4xx_HAL_Driver/Src/stm32f4xx_hal_cortex.o
                0x0000000008000d34                HAL_NVIC_EnableIRQ
 .text.HAL_SYSTICK_Config
                0x0000000008000d50       0x28 ./Drivers/STM32F4xx_HAL_Driver/Src/stm32f4xx_hal_cortex.o
                0x0000000008000d50                HAL_SYSTICK_Config
 .text.HAL_DMA_Abort
                0x0000000008000d78       0x7e ./Drivers/STM32F4xx_HAL_Driver/Src/stm32f4xx_hal_dma.o
                0x0000000008000d78                HAL_DMA_Abort
 .text.HAL_DMA_Abort_IT
                0x0000000008000df6       0x24 ./Drivers/STM32F4xx_HAL_Driver/Src/stm32f4xx_hal_dma.o
                0x0000000008000df6                HAL_DMA_Abort_IT
 *fill*         0x0000000008000e1a        0x2 
 .text.ETH_Prepare_Tx_Descriptors
                0x0000000008000e1c      0x150 ./Drivers/STM32F4xx_HAL_Driver/Src/stm32f4xx_hal_eth.o
 .text.ETH_SetMACConfig
                0x0000000008000f6c       0xe4 ./Drivers/STM32F4xx_HAL_Driver/Src/stm32f4xx_hal_eth.o
 .text.ETH_SetDMAConfig
                0x0000000008001050       0xa4 ./Drivers/STM32F4xx_HAL_Driver/Src/stm32f4xx_hal_eth.o
 .text.ETH_FlushTransmitFIFO
                0x00000000080010f4       0x2e ./Drivers/STM32F4xx_HAL_Driver/Src/stm32f4xx_hal_eth.o
 *fill*         0x0000000008001122        0x2 
 .text.ETH_UpdateDescriptor
                0x0000000008001124       0x90 ./Drivers/STM32F4xx_HAL_Driver/Src/stm32f4xx_hal_eth.o
 .text.HAL_ETH_Init
                0x00000000080011b4      0x1d4 ./Drivers/STM32F4xx_HAL_Driver/Src/stm32f4xx_hal_eth.o
                0x00000000080011b4                HAL_ETH_Init
 .text.HAL_ETH_Start
                0x0000000008001388       0x6c ./Drivers/STM32F4xx_HAL_Driver/Src/stm32f4xx_hal_eth.o
                0x0000000008001388                HAL_ETH_Start
 .text.HAL_ETH_Stop
                0x00000000080013f4       0x64 ./Drivers/STM32F4xx_HAL_Driver/Src/stm32f4xx_hal_eth.o
                0x00000000080013f4                HAL_ETH_Stop
 .text.HAL_ETH_Transmit
                0x0000000008001458       0xb0 ./Drivers/STM32F4xx_HAL_Driver/Src/stm32f4xx_hal_eth.o
                0x0000000008001458                HAL_ETH_Transmit
 .text.HAL_ETH_ReadData
                0x0000000008001508       0xf6 ./Drivers/STM32F4xx_HAL_Driver/Src/stm32f4xx_hal_eth.o
                0x0000000008001508                HAL_ETH_ReadData
 .text.HAL_ETH_ReadPHYRegister
                0x00000000080015fe       0x50 ./Drivers/STM32F4xx_HAL_Driver/Src/stm32f4xx_hal_eth.o
                0x00000000080015fe                HAL_ETH_ReadPHYRegister
 .text.HAL_ETH_WritePHYRegister
                0x000000000800164e       0x4a ./Drivers/STM32F4xx_HAL_Driver/Src/stm32f4xx_hal_eth.o
                0x000000000800164e                HAL_ETH_WritePHYRegister
 .text.HAL_ETH_GetMACConfig
                0x0000000008001698       0xc4 ./Drivers/STM32F4xx_HAL_Driver/Src/stm32f4xx_hal_eth.o
                0x0000000008001698                HAL_ETH_GetMACConfig
 .text.HAL_ETH_SetMACConfig
                0x000000000800175c       0x18 ./Drivers/STM32F4xx_HAL_Driver/Src/stm32f4xx_hal_eth.o
                0x000000000800175c                HAL_ETH_SetMACConfig
 .text.HAL_ETH_SetMDIOClockRange
                0x0000000008001774       0x74 ./Drivers/STM32F4xx_HAL_Driver/Src/stm32f4xx_hal_eth.o
                0x0000000008001774                HAL_ETH_SetMDIOClockRange
 .text.HAL_GPIO_Init
                0x00000000080017e8      0x1b4 ./Drivers/STM32F4xx_HAL_Driver/Src/stm32f4xx_hal_gpio.o
                0x00000000080017e8                HAL_GPIO_Init
 .text.HAL_RCC_OscConfig
                0x000000000800199c      0x358 ./Drivers/STM32F4xx_HAL_Driver/Src/stm32f4xx_hal_rcc.o
                0x000000000800199c                HAL_RCC_OscConfig
 .text.HAL_RCC_GetSysClockFreq
                0x0000000008001cf4       0x5c ./Drivers/STM32F4xx_HAL_Driver/Src/stm32f4xx_hal_rcc.o
                0x0000000008001cf4                HAL_RCC_GetSysClockFreq
 .text.HAL_RCC_ClockConfig
                0x0000000008001d50      0x134 ./Drivers/STM32F4xx_HAL_Driver/Src/stm32f4xx_hal_rcc.o
                0x0000000008001d50                HAL_RCC_ClockConfig
 .text.HAL_RCC_GetHCLKFreq
                0x0000000008001e84        0xc ./Drivers/STM32F4xx_HAL_Driver/Src/stm32f4xx_hal_rcc.o
                0x0000000008001e84                HAL_RCC_GetHCLKFreq
 .text.HAL_RCC_GetPCLK1Freq
                0x0000000008001e90       0x20 ./Drivers/STM32F4xx_HAL_Driver/Src/stm32f4xx_hal_rcc.o
                0x0000000008001e90                HAL_RCC_GetPCLK1Freq
 .text.HAL_RCC_GetPCLK2Freq
                0x0000000008001eb0       0x20 ./Drivers/STM32F4xx_HAL_Driver/Src/stm32f4xx_hal_rcc.o
                0x0000000008001eb0                HAL_RCC_GetPCLK2Freq
 .text.UART_EndRxTransfer
                0x0000000008001ed0       0x5c ./Drivers/STM32F4xx_HAL_Driver/Src/stm32f4xx_hal_uart.o
 .text.UART_SetConfig
                0x0000000008001f2c       0xbc ./Drivers/STM32F4xx_HAL_Driver/Src/stm32f4xx_hal_uart.o
 .text.HAL_UART_Init
                0x0000000008001fe8       0x5c ./Drivers/STM32F4xx_HAL_Driver/Src/stm32f4xx_hal_uart.o
                0x0000000008001fe8                HAL_UART_Init
 .text.HAL_UART_Transmit_IT
                0x0000000008002044       0x3e ./Drivers/STM32F4xx_HAL_Driver/Src/stm32f4xx_hal_uart.o
                0x0000000008002044                HAL_UART_Transmit_IT
 .text.HAL_UART_TxCpltCallback
                0x0000000008002082        0x2 ./Drivers/STM32F4xx_HAL_Driver/Src/stm32f4xx_hal_uart.o
                0x0000000008002082                HAL_UART_TxCpltCallback
 .text.HAL_UART_ErrorCallback
                0x0000000008002084        0x2 ./Drivers/STM32F4xx_HAL_Driver/Src/stm32f4xx_hal_uart.o
                0x0000000008002084                HAL_UART_ErrorCallback
 .text.UART_DMAAbortOnError
                0x0000000008002086       0x10 ./Drivers/STM32F4xx_HAL_Driver/Src/stm32f4xx_hal_uart.o
 .text.HAL_UARTEx_RxEventCallback
                0x0000000008002096        0x2 ./Drivers/STM32F4xx_HAL_Driver/Src/stm32f4xx_hal_uart.o
                0x0000000008002096                HAL_UARTEx_RxEventCallback
 .text.UART_Receive_IT.isra.0
                0x0000000008002098       0xb4 ./Drivers/STM32F4xx_HAL_Driver/Src/stm32f4xx_hal_uart.o
 .text.HAL_UART_IRQHandler
                0x000000000800214c      0x28c ./Drivers/STM32F4xx_HAL_Driver/Src/stm32f4xx_hal_uart.o
                0x000000000800214c                HAL_UART_IRQHandler
 .text.UART_Start_Receive_IT
                0x00000000080023d8       0x36 ./Drivers/STM32F4xx_HAL_Driver/Src/stm32f4xx_hal_uart.o
                0x00000000080023d8                UART_Start_Receive_IT
 .text.HAL_UART_Receive_IT
                0x000000000800240e       0x30 ./Drivers/STM32F4xx_HAL_Driver/Src/stm32f4xx_hal_uart.o
                0x000000000800240e                HAL_UART_Receive_IT
 .text.ethernet_link_status_updated
                0x000000000800243e        0x2 ./LWIP/App/lwip.o
 .text.MX_LWIP_Init
                0x0000000008002440       0xa8 ./LWIP/App/lwip.o
                0x0000000008002440                MX_LWIP_Init
 .text.MX_LWIP_Process
                0x00000000080024e8       0x34 ./LWIP/App/lwip.o
                0x00000000080024e8                MX_LWIP_Process
 .text.ETH_PHY_IO_DeInit
                0x000000000800251c        0x4 ./LWIP/Target/ethernetif.o
                0x000000000800251c                ETH_PHY_IO_DeInit
 .text.low_level_output
                0x0000000008002520       0x60 ./LWIP/Target/ethernetif.o
 .text.pbuf_free_custom
                0x0000000008002580       0x20 ./LWIP/Target/ethernetif.o
                0x0000000008002580                pbuf_free_custom
 .text.ETH_PHY_IO_GetTick
                0x00000000080025a0        0x4 ./LWIP/Target/ethernetif.o
                0x00000000080025a0                ETH_PHY_IO_GetTick
 .text.ETH_PHY_IO_Init
                0x00000000080025a4       0x10 ./LWIP/Target/ethernetif.o
                0x00000000080025a4                ETH_PHY_IO_Init
 .text.ETH_PHY_IO_ReadReg
                0x00000000080025b4       0x1c ./LWIP/Target/ethernetif.o
                0x00000000080025b4                ETH_PHY_IO_ReadReg
 .text.ETH_PHY_IO_WriteReg
                0x00000000080025d0       0x1c ./LWIP/Target/ethernetif.o
                0x00000000080025d0                ETH_PHY_IO_WriteReg
 .text.ethernetif_input
                0x00000000080025ec       0x44 ./LWIP/Target/ethernetif.o
                0x00000000080025ec                ethernetif_input
 .text.sys_now  0x0000000008002630        0x4 ./LWIP/Target/ethernetif.o
                0x0000000008002630                sys_now
 .text.HAL_ETH_MspInit
                0x0000000008002634       0xec ./LWIP/Target/ethernetif.o
                0x0000000008002634                HAL_ETH_MspInit
 .text.ethernet_link_check_state
                0x0000000008002720       0x8c ./LWIP/Target/ethernetif.o
                0x0000000008002720                ethernet_link_check_state
 .text.ethernetif_init
                0x00000000080027ac      0x10c ./LWIP/Target/ethernetif.o
                0x00000000080027ac                ethernetif_init
 .text.HAL_ETH_RxAllocateCallback
                0x00000000080028b8       0x44 ./LWIP/Target/ethernetif.o
                0x00000000080028b8                HAL_ETH_RxAllocateCallback
 .text.HAL_ETH_RxLinkCallback
                0x00000000080028fc       0x32 ./LWIP/Target/ethernetif.o
                0x00000000080028fc                HAL_ETH_RxLinkCallback
 .text.lwip_htons
                0x000000000800292e        0x6 ./Middlewares/Third_Party/LwIP/src/core/def.o
                0x000000000800292e                lwip_htons
 .text.lwip_htonl
                0x0000000008002934        0x4 ./Middlewares/Third_Party/LwIP/src/core/def.o
                0x0000000008002934                lwip_htonl
 .text.lwip_init
                0x0000000008002938       0x1e ./Middlewares/Third_Party/LwIP/src/core/init.o
                0x0000000008002938                lwip_init
 *fill*         0x0000000008002956        0x2 
 .text.mem_init
                0x0000000008002958       0x44 ./Middlewares/Third_Party/LwIP/src/core/mem.o
                0x0000000008002958                mem_init
 .text.mem_free
                0x000000000800299c      0x170 ./Middlewares/Third_Party/LwIP/src/core/mem.o
                0x000000000800299c                mem_free
 .text.mem_trim
                0x0000000008002b0c      0x148 ./Middlewares/Third_Party/LwIP/src/core/mem.o
                0x0000000008002b0c                mem_trim
 .text.mem_malloc
                0x0000000008002c54      0x144 ./Middlewares/Third_Party/LwIP/src/core/mem.o
                0x0000000008002c54                mem_malloc
 .text.do_memp_free_pool
                0x0000000008002d98       0x30 ./Middlewares/Third_Party/LwIP/src/core/memp.o
 .text.do_memp_malloc_pool.isra.0
                0x0000000008002dc8       0x2c ./Middlewares/Third_Party/LwIP/src/core/memp.o
 .text.memp_init_pool
                0x0000000008002df4       0x26 ./Middlewares/Third_Party/LwIP/src/core/memp.o
                0x0000000008002df4                memp_init_pool
 *fill*         0x0000000008002e1a        0x2 
 .text.memp_init
                0x0000000008002e1c       0x1c ./Middlewares/Third_Party/LwIP/src/core/memp.o
                0x0000000008002e1c                memp_init
 .text.memp_malloc_pool
                0x0000000008002e38       0x30 ./Middlewares/Third_Party/LwIP/src/core/memp.o
                0x0000000008002e38                memp_malloc_pool
 .text.memp_malloc
                0x0000000008002e68       0x38 ./Middlewares/Third_Party/LwIP/src/core/memp.o
                0x0000000008002e68                memp_malloc
 .text.memp_free_pool
                0x0000000008002ea0       0x28 ./Middlewares/Third_Party/LwIP/src/core/memp.o
                0x0000000008002ea0                memp_free_pool
 .text.memp_free
                0x0000000008002ec8       0x30 ./Middlewares/Third_Party/LwIP/src/core/memp.o
                0x0000000008002ec8                memp_free
 .text.netif_null_output_ip4
                0x0000000008002ef8        0x6 ./Middlewares/Third_Party/LwIP/src/core/netif.o
 *fill*         0x0000000008002efe        0x2 
 .text.netif_issue_reports
                0x0000000008002f00       0x44 ./Middlewares/Third_Party/LwIP/src/core/netif.o
 .text.netif_do_set_ipaddr.isra.0
                0x0000000008002f44       0x50 ./Middlewares/Third_Party/LwIP/src/core/netif.o
 .text.netif_init
                0x0000000008002f94        0x2 ./Middlewares/Third_Party/LwIP/src/core/netif.o
                0x0000000008002f94                netif_init
 *fill*         0x0000000008002f96        0x2 
 .text.netif_set_addr
                0x0000000008002f98       0x58 ./Middlewares/Third_Party/LwIP/src/core/netif.o
                0x0000000008002f98                netif_set_addr
 .text.netif_add
                0x0000000008002ff0      0x12c ./Middlewares/Third_Party/LwIP/src/core/netif.o
                0x0000000008002ff0                netif_add
 .text.netif_set_default
                0x000000000800311c        0xc ./Middlewares/Third_Party/LwIP/src/core/netif.o
                0x000000000800311c                netif_set_default
 .text.netif_set_up
                0x0000000008003128       0x34 ./Middlewares/Third_Party/LwIP/src/core/netif.o
                0x0000000008003128                netif_set_up
 .text.netif_set_down
                0x000000000800315c       0x38 ./Middlewares/Third_Party/LwIP/src/core/netif.o
                0x000000000800315c                netif_set_down
 .text.netif_set_link_up
                0x0000000008003194       0x48 ./Middlewares/Third_Party/LwIP/src/core/netif.o
                0x0000000008003194                netif_set_link_up
 .text.netif_set_link_down
                0x00000000080031dc       0x34 ./Middlewares/Third_Party/LwIP/src/core/netif.o
                0x00000000080031dc                netif_set_link_down
 .text.netif_set_link_callback
                0x0000000008003210        0x6 ./Middlewares/Third_Party/LwIP/src/core/netif.o
                0x0000000008003210                netif_set_link_callback
 *fill*         0x0000000008003216        0x2 
 .text.netif_get_by_index
                0x0000000008003218       0x20 ./Middlewares/Third_Party/LwIP/src/core/netif.o
                0x0000000008003218                netif_get_by_index
 .text.pbuf_add_header_impl
                0x0000000008003238       0x64 ./Middlewares/Third_Party/LwIP/src/core/pbuf.o
 .text.pbuf_free_ooseq
                0x000000000800329c       0x24 ./Middlewares/Third_Party/LwIP/src/core/pbuf.o
                0x000000000800329c                pbuf_free_ooseq
 .text.pbuf_alloc_reference
                0x00000000080032c0       0x48 ./Middlewares/Third_Party/LwIP/src/core/pbuf.o
                0x00000000080032c0                pbuf_alloc_reference
 .text.pbuf_alloced_custom
                0x0000000008003308       0x34 ./Middlewares/Third_Party/LwIP/src/core/pbuf.o
                0x0000000008003308                pbuf_alloced_custom
 .text.pbuf_add_header
                0x000000000800333c        0x6 ./Middlewares/Third_Party/LwIP/src/core/pbuf.o
                0x000000000800333c                pbuf_add_header
 *fill*         0x0000000008003342        0x2 
 .text.pbuf_remove_header
                0x0000000008003344       0x58 ./Middlewares/Third_Party/LwIP/src/core/pbuf.o
                0x0000000008003344                pbuf_remove_header
 .text.pbuf_header_force
                0x000000000800339c       0x10 ./Middlewares/Third_Party/LwIP/src/core/pbuf.o
                0x000000000800339c                pbuf_header_force
 .text.pbuf_free
                0x00000000080033ac       0xc8 ./Middlewares/Third_Party/LwIP/src/core/pbuf.o
                0x00000000080033ac                pbuf_free
 .text.pbuf_alloc
                0x0000000008003474      0x100 ./Middlewares/Third_Party/LwIP/src/core/pbuf.o
                0x0000000008003474                pbuf_alloc
 .text.pbuf_realloc
                0x0000000008003574       0xb0 ./Middlewares/Third_Party/LwIP/src/core/pbuf.o
                0x0000000008003574                pbuf_realloc
 .text.pbuf_clen
                0x0000000008003624       0x10 ./Middlewares/Third_Party/LwIP/src/core/pbuf.o
                0x0000000008003624                pbuf_clen
 .text.pbuf_ref
                0x0000000008003634       0x28 ./Middlewares/Third_Party/LwIP/src/core/pbuf.o
                0x0000000008003634                pbuf_ref
 .text.pbuf_cat
                0x000000000800365c       0x74 ./Middlewares/Third_Party/LwIP/src/core/pbuf.o
                0x000000000800365c                pbuf_cat
 .text.pbuf_copy
                0x00000000080036d0      0x104 ./Middlewares/Third_Party/LwIP/src/core/pbuf.o
                0x00000000080036d0                pbuf_copy
 .text.pbuf_copy_partial
                0x00000000080037d4       0x8c ./Middlewares/Third_Party/LwIP/src/core/pbuf.o
                0x00000000080037d4                pbuf_copy_partial
 .text.pbuf_clone
                0x0000000008003860       0x38 ./Middlewares/Third_Party/LwIP/src/core/pbuf.o
                0x0000000008003860                pbuf_clone
 .text.tcp_new_port
                0x0000000008003898       0x50 ./Middlewares/Third_Party/LwIP/src/core/tcp.o
 .text.tcp_close_shutdown_fin
                0x00000000080038e8       0x60 ./Middlewares/Third_Party/LwIP/src/core/tcp.o
 .text.tcp_init
                0x0000000008003948       0x18 ./Middlewares/Third_Party/LwIP/src/core/tcp.o
                0x0000000008003948                tcp_init
 .text.tcp_free
                0x0000000008003960       0x30 ./Middlewares/Third_Party/LwIP/src/core/tcp.o
                0x0000000008003960                tcp_free
 .text.tcp_bind
                0x0000000008003990       0xac ./Middlewares/Third_Party/LwIP/src/core/tcp.o
                0x0000000008003990                tcp_bind
 .text.tcp_listen_with_backlog_and_err
                0x0000000008003a3c       0xcc ./Middlewares/Third_Party/LwIP/src/core/tcp.o
                0x0000000008003a3c                tcp_listen_with_backlog_and_err
 .text.tcp_listen_with_backlog
                0x0000000008003b08        0x6 ./Middlewares/Third_Party/LwIP/src/core/tcp.o
                0x0000000008003b08                tcp_listen_with_backlog
 *fill*         0x0000000008003b0e        0x2 
 .text.tcp_update_rcv_ann_wnd
                0x0000000008003b10       0x6c ./Middlewares/Third_Party/LwIP/src/core/tcp.o
                0x0000000008003b10                tcp_update_rcv_ann_wnd
 .text.tcp_recved
                0x0000000008003b7c       0x7c ./Middlewares/Third_Party/LwIP/src/core/tcp.o
                0x0000000008003b7c                tcp_recved
 .text.tcp_seg_free
                0x0000000008003bf8       0x1c ./Middlewares/Third_Party/LwIP/src/core/tcp.o
                0x0000000008003bf8                tcp_seg_free
 .text.tcp_segs_free
                0x0000000008003c14       0x10 ./Middlewares/Third_Party/LwIP/src/core/tcp.o
                0x0000000008003c14                tcp_segs_free
 .text.tcp_setprio
                0x0000000008003c24       0x20 ./Middlewares/Third_Party/LwIP/src/core/tcp.o
                0x0000000008003c24                tcp_setprio
 .text.tcp_seg_copy
                0x0000000008003c44       0x48 ./Middlewares/Third_Party/LwIP/src/core/tcp.o
                0x0000000008003c44                tcp_seg_copy
 .text.tcp_recv
                0x0000000008003c8c       0x30 ./Middlewares/Third_Party/LwIP/src/core/tcp.o
                0x0000000008003c8c                tcp_recv
 .text.tcp_err  0x0000000008003cbc       0x30 ./Middlewares/Third_Party/LwIP/src/core/tcp.o
                0x0000000008003cbc                tcp_err
 .text.tcp_accept
                0x0000000008003cec        0xc ./Middlewares/Third_Party/LwIP/src/core/tcp.o
                0x0000000008003cec                tcp_accept
 .text.tcp_next_iss
                0x0000000008003cf8       0x34 ./Middlewares/Third_Party/LwIP/src/core/tcp.o
                0x0000000008003cf8                tcp_next_iss
 .text.tcp_eff_send_mss_netif
                0x0000000008003d2c       0x3c ./Middlewares/Third_Party/LwIP/src/core/tcp.o
                0x0000000008003d2c                tcp_eff_send_mss_netif
 .text.tcp_free_ooseq
                0x0000000008003d68       0x12 ./Middlewares/Third_Party/LwIP/src/core/tcp.o
                0x0000000008003d68                tcp_free_ooseq
 *fill*         0x0000000008003d7a        0x2 
 .text.tcp_pcb_purge
                0x0000000008003d7c       0x64 ./Middlewares/Third_Party/LwIP/src/core/tcp.o
                0x0000000008003d7c                tcp_pcb_purge
 .text.tcp_pcb_remove
                0x0000000008003de0       0xcc ./Middlewares/Third_Party/LwIP/src/core/tcp.o
                0x0000000008003de0                tcp_pcb_remove
 .text.tcp_abandon
                0x0000000008003eac      0x104 ./Middlewares/Third_Party/LwIP/src/core/tcp.o
                0x0000000008003eac                tcp_abandon
 .text.tcp_abort
                0x0000000008003fb0        0x6 ./Middlewares/Third_Party/LwIP/src/core/tcp.o
                0x0000000008003fb0                tcp_abort
 *fill*         0x0000000008003fb6        0x2 
 .text.tcp_accept_null
                0x0000000008003fb8       0x2c ./Middlewares/Third_Party/LwIP/src/core/tcp.o
 .text.tcp_netif_ip_addr_changed_pcblist
                0x0000000008003fe4       0x3c ./Middlewares/Third_Party/LwIP/src/core/tcp.o
 .text.tcp_netif_ip_addr_changed
                0x0000000008004020       0x48 ./Middlewares/Third_Party/LwIP/src/core/tcp.o
                0x0000000008004020                tcp_netif_ip_addr_changed
 .text.tcp_kill_state
                0x0000000008004068       0x3c ./Middlewares/Third_Party/LwIP/src/core/tcp.o
 .text.tcp_alloc
                0x00000000080040a4      0x134 ./Middlewares/Third_Party/LwIP/src/core/tcp.o
                0x00000000080040a4                tcp_alloc
 .text.tcp_new  0x00000000080041d8        0x6 ./Middlewares/Third_Party/LwIP/src/core/tcp.o
                0x00000000080041d8                tcp_new
 *fill*         0x00000000080041de        0x2 
 .text.tcp_close_shutdown
                0x00000000080041e0      0x164 ./Middlewares/Third_Party/LwIP/src/core/tcp.o
 .text.tcp_close
                0x0000000008004344       0x3c ./Middlewares/Third_Party/LwIP/src/core/tcp.o
                0x0000000008004344                tcp_close
 .text.tcp_recv_null
                0x0000000008004380       0x48 ./Middlewares/Third_Party/LwIP/src/core/tcp.o
                0x0000000008004380                tcp_recv_null
 .text.tcp_process_refused_data
                0x00000000080043c8       0x88 ./Middlewares/Third_Party/LwIP/src/core/tcp.o
                0x00000000080043c8                tcp_process_refused_data
 .text.tcp_fasttmr
                0x0000000008004450       0x80 ./Middlewares/Third_Party/LwIP/src/core/tcp.o
                0x0000000008004450                tcp_fasttmr
 .text.tcp_slowtmr
                0x00000000080044d0      0x438 ./Middlewares/Third_Party/LwIP/src/core/tcp.o
                0x00000000080044d0                tcp_slowtmr
 .text.tcp_tmr  0x0000000008004908       0x24 ./Middlewares/Third_Party/LwIP/src/core/tcp.o
                0x0000000008004908                tcp_tmr
 .text.tcp_get_next_optbyte
                0x000000000800492c       0x38 ./Middlewares/Third_Party/LwIP/src/core/tcp_in.o
 .text.tcp_oos_insert_segment
                0x0000000008004964       0x94 ./Middlewares/Third_Party/LwIP/src/core/tcp_in.o
 .text.tcp_parseopt
                0x00000000080049f8       0x90 ./Middlewares/Third_Party/LwIP/src/core/tcp_in.o
 .text.tcp_input_delayed_close
                0x0000000008004a88       0x58 ./Middlewares/Third_Party/LwIP/src/core/tcp_in.o
 .text.tcp_free_acked_segments.constprop.0
                0x0000000008004ae0       0xc4 ./Middlewares/Third_Party/LwIP/src/core/tcp_in.o
 .text.tcp_receive
                0x0000000008004ba4      0x85c ./Middlewares/Third_Party/LwIP/src/core/tcp_in.o
 .text.tcp_input
                0x0000000008005400      0xb04 ./Middlewares/Third_Party/LwIP/src/core/tcp_in.o
                0x0000000008005400                tcp_input
 .text.tcp_trigger_input_pcb_close
                0x0000000008005f04       0x10 ./Middlewares/Third_Party/LwIP/src/core/tcp_in.o
                0x0000000008005f04                tcp_trigger_input_pcb_close
 .text.tcp_output_segment_busy
                0x0000000008005f14       0x2c ./Middlewares/Third_Party/LwIP/src/core/tcp_out.o
 .text.tcp_pbuf_prealloc
                0x0000000008005f40       0xa4 ./Middlewares/Third_Party/LwIP/src/core/tcp_out.o
 .text.tcp_create_segment
                0x0000000008005fe4       0xe4 ./Middlewares/Third_Party/LwIP/src/core/tcp_out.o
 .text.tcp_output_alloc_header_common.constprop.0
                0x00000000080060c8       0x84 ./Middlewares/Third_Party/LwIP/src/core/tcp_out.o
 .text.tcp_output_alloc_header.constprop.0
                0x000000000800614c       0x4c ./Middlewares/Third_Party/LwIP/src/core/tcp_out.o
 .text.tcp_output_fill_options.constprop.0
                0x0000000008006198       0x20 ./Middlewares/Third_Party/LwIP/src/core/tcp_out.o
 .text.tcp_output_control_segment
                0x00000000080061b8       0x70 ./Middlewares/Third_Party/LwIP/src/core/tcp_out.o
 .text.tcp_write
                0x0000000008006228      0x53c ./Middlewares/Third_Party/LwIP/src/core/tcp_out.o
                0x0000000008006228                tcp_write
 .text.tcp_split_unsent_seg
                0x0000000008006764      0x198 ./Middlewares/Third_Party/LwIP/src/core/tcp_out.o
                0x0000000008006764                tcp_split_unsent_seg
 .text.tcp_enqueue_flags
                0x00000000080068fc      0x128 ./Middlewares/Third_Party/LwIP/src/core/tcp_out.o
                0x00000000080068fc                tcp_enqueue_flags
 .text.tcp_send_fin
                0x0000000008006a24       0x60 ./Middlewares/Third_Party/LwIP/src/core/tcp_out.o
                0x0000000008006a24                tcp_send_fin
 .text.tcp_rexmit_rto_prepare
                0x0000000008006a84       0x88 ./Middlewares/Third_Party/LwIP/src/core/tcp_out.o
                0x0000000008006a84                tcp_rexmit_rto_prepare
 .text.tcp_rexmit
                0x0000000008006b0c       0x84 ./Middlewares/Third_Party/LwIP/src/core/tcp_out.o
                0x0000000008006b0c                tcp_rexmit
 .text.tcp_rexmit_fast
                0x0000000008006b90       0x68 ./Middlewares/Third_Party/LwIP/src/core/tcp_out.o
                0x0000000008006b90                tcp_rexmit_fast
 .text.tcp_rst  0x0000000008006bf8       0x8c ./Middlewares/Third_Party/LwIP/src/core/tcp_out.o
                0x0000000008006bf8                tcp_rst
 .text.tcp_send_empty_ack
                0x0000000008006c84       0x64 ./Middlewares/Third_Party/LwIP/src/core/tcp_out.o
                0x0000000008006c84                tcp_send_empty_ack
 .text.tcp_output
                0x0000000008006ce8      0x354 ./Middlewares/Third_Party/LwIP/src/core/tcp_out.o
                0x0000000008006ce8                tcp_output
 .text.tcp_rexmit_rto_commit
                0x000000000800703c       0x38 ./Middlewares/Third_Party/LwIP/src/core/tcp_out.o
                0x000000000800703c                tcp_rexmit_rto_commit
 .text.tcp_rexmit_rto
                0x0000000008007074       0x34 ./Middlewares/Third_Party/LwIP/src/core/tcp_out.o
                0x0000000008007074                tcp_rexmit_rto
 .text.tcp_keepalive
                0x00000000080070a8       0x50 ./Middlewares/Third_Party/LwIP/src/core/tcp_out.o
                0x00000000080070a8                tcp_keepalive
 .text.tcp_zero_window_probe
                0x00000000080070f8       0xc8 ./Middlewares/Third_Party/LwIP/src/core/tcp_out.o
                0x00000000080070f8                tcp_zero_window_probe
 .text.sys_timeout_abs
                0x00000000080071c0       0x64 ./Middlewares/Third_Party/LwIP/src/core/timeouts.o
 .text.lwip_cyclic_timer
                0x0000000008007224       0x34 ./Middlewares/Third_Party/LwIP/src/core/timeouts.o
 .text.sys_timeout
                0x0000000008007258       0x3c ./Middlewares/Third_Party/LwIP/src/core/timeouts.o
                0x0000000008007258                sys_timeout
 .text.tcp_timer_needed
                0x0000000008007294       0x34 ./Middlewares/Third_Party/LwIP/src/core/timeouts.o
                0x0000000008007294                tcp_timer_needed
 .text.tcpip_tcp_timer
                0x00000000080072c8       0x38 ./Middlewares/Third_Party/LwIP/src/core/timeouts.o
 .text.sys_timeouts_init
                0x0000000008007300       0x2c ./Middlewares/Third_Party/LwIP/src/core/timeouts.o
                0x0000000008007300                sys_timeouts_init
 .text.sys_check_timeouts
                0x000000000800732c       0x58 ./Middlewares/Third_Party/LwIP/src/core/timeouts.o
                0x000000000800732c                sys_check_timeouts
 .text.udp_init
                0x0000000008007384       0x18 ./Middlewares/Third_Party/LwIP/src/core/udp.o
                0x0000000008007384                udp_init
 .text.udp_input
                0x000000000800739c      0x1b0 ./Middlewares/Third_Party/LwIP/src/core/udp.o
                0x000000000800739c                udp_input
 .text.udp_netif_ip_addr_changed
                0x000000000800754c       0x2c ./Middlewares/Third_Party/LwIP/src/core/udp.o
                0x000000000800754c                udp_netif_ip_addr_changed
 .text.etharp_free_entry
                0x0000000008007578       0x28 ./Middlewares/Third_Party/LwIP/src/core/ipv4/etharp.o
 .text.etharp_find_entry
                0x00000000080075a0      0x128 ./Middlewares/Third_Party/LwIP/src/core/ipv4/etharp.o
 .text.etharp_raw
                0x00000000080076c8       0xdc ./Middlewares/Third_Party/LwIP/src/core/ipv4/etharp.o
 .text.etharp_cleanup_netif
                0x00000000080077a4       0x28 ./Middlewares/Third_Party/LwIP/src/core/ipv4/etharp.o
                0x00000000080077a4                etharp_cleanup_netif
 .text.etharp_input
                0x00000000080077cc      0x144 ./Middlewares/Third_Party/LwIP/src/core/ipv4/etharp.o
                0x00000000080077cc                etharp_input
 .text.etharp_request
                0x0000000008007910       0x2c ./Middlewares/Third_Party/LwIP/src/core/ipv4/etharp.o
                0x0000000008007910                etharp_request
 .text.etharp_tmr
                0x000000000800793c       0x54 ./Middlewares/Third_Party/LwIP/src/core/ipv4/etharp.o
                0x000000000800793c                etharp_tmr
 .text.etharp_output_to_arp_index
                0x0000000008007990       0xac ./Middlewares/Third_Party/LwIP/src/core/ipv4/etharp.o
 .text.etharp_query
                0x0000000008007a3c      0x134 ./Middlewares/Third_Party/LwIP/src/core/ipv4/etharp.o
                0x0000000008007a3c                etharp_query
 .text.etharp_output
                0x0000000008007b70      0x140 ./Middlewares/Third_Party/LwIP/src/core/ipv4/etharp.o
                0x0000000008007b70                etharp_output
 .text.icmp_send_response
                0x0000000008007cb0       0x90 ./Middlewares/Third_Party/LwIP/src/core/ipv4/icmp.o
 .text.icmp_input
                0x0000000008007d40      0x12c ./Middlewares/Third_Party/LwIP/src/core/ipv4/icmp.o
                0x0000000008007d40                icmp_input
 .text.icmp_dest_unreach
                0x0000000008007e6c        0x8 ./Middlewares/Third_Party/LwIP/src/core/ipv4/icmp.o
                0x0000000008007e6c                icmp_dest_unreach
 .text.icmp_time_exceeded
                0x0000000008007e74        0x8 ./Middlewares/Third_Party/LwIP/src/core/ipv4/icmp.o
                0x0000000008007e74                icmp_time_exceeded
 .text.ip4_input_accept
                0x0000000008007e7c       0x34 ./Middlewares/Third_Party/LwIP/src/core/ipv4/ip4.o
 .text.ip4_route
                0x0000000008007eb0       0x5c ./Middlewares/Third_Party/LwIP/src/core/ipv4/ip4.o
                0x0000000008007eb0                ip4_route
 .text.ip4_input
                0x0000000008007f0c      0x168 ./Middlewares/Third_Party/LwIP/src/core/ipv4/ip4.o
                0x0000000008007f0c                ip4_input
 .text.ip4_output_if_src
                0x0000000008008074       0xf8 ./Middlewares/Third_Party/LwIP/src/core/ipv4/ip4.o
                0x0000000008008074                ip4_output_if_src
 .text.ip4_output_if
                0x000000000800816c       0x22 ./Middlewares/Third_Party/LwIP/src/core/ipv4/ip4.o
                0x000000000800816c                ip4_output_if
 .text.ip4_addr_isbroadcast_u32
                0x000000000800818e       0x36 ./Middlewares/Third_Party/LwIP/src/core/ipv4/ip4_addr.o
                0x000000000800818e                ip4_addr_isbroadcast_u32
 .text.ip_reass_dequeue_datagram
                0x00000000080081c4       0x44 ./Middlewares/Third_Party/LwIP/src/core/ipv4/ip4_frag.o
 .text.ip_reass_free_complete_datagram
                0x0000000008008208       0xe8 ./Middlewares/Third_Party/LwIP/src/core/ipv4/ip4_frag.o
 .text.ip_reass_remove_oldest_datagram
                0x00000000080082f0       0x78 ./Middlewares/Third_Party/LwIP/src/core/ipv4/ip4_frag.o
 .text.ip_frag_free_pbuf_custom_ref
                0x0000000008008368       0x2c ./Middlewares/Third_Party/LwIP/src/core/ipv4/ip4_frag.o
 .text.ipfrag_free_pbuf_custom
                0x0000000008008394       0x34 ./Middlewares/Third_Party/LwIP/src/core/ipv4/ip4_frag.o
 .text.ip_reass_tmr
                0x00000000080083c8       0x2c ./Middlewares/Third_Party/LwIP/src/core/ipv4/ip4_frag.o
                0x00000000080083c8                ip_reass_tmr
 .text.ip4_reass
                0x00000000080083f4      0x3b0 ./Middlewares/Third_Party/LwIP/src/core/ipv4/ip4_frag.o
                0x00000000080083f4                ip4_reass
 .text.ip4_frag
                0x00000000080087a4      0x1d8 ./Middlewares/Third_Party/LwIP/src/core/ipv4/ip4_frag.o
                0x00000000080087a4                ip4_frag
 .text.ethernet_input
                0x000000000800897c       0xa0 ./Middlewares/Third_Party/LwIP/src/netif/ethernet.o
                0x000000000800897c                ethernet_input
 .text.ethernet_output
                0x0000000008008a1c       0x70 ./Middlewares/Third_Party/LwIP/src/netif/ethernet.o
                0x0000000008008a1c                ethernet_output
 .text.rand     0x0000000008008a8c       0x7c C:/ST/STM32CubeIDE_1.13.2/STM32CubeIDE/plugins/com.st.stm32cube.ide.mcu.externaltools.gnu-tools-for-stm32.11.3.rel1.win32_1.1.1.202309131626/tools/bin/../lib/gcc/arm-none-eabi/11.3.1/../../../../arm-none-eabi/lib/thumb/v7e-m+fp/hard\libc_nano.a(libc_a-rand.o)
                0x0000000008008a8c                rand
 .text.std      0x0000000008008b08       0x6c C:/ST/STM32CubeIDE_1.13.2/STM32CubeIDE/plugins/com.st.stm32cube.ide.mcu.externaltools.gnu-tools-for-stm32.11.3.rel1.win32_1.1.1.202309131626/tools/bin/../lib/gcc/arm-none-eabi/11.3.1/../../../../arm-none-eabi/lib/thumb/v7e-m+fp/hard\libc_nano.a(libc_a-findfp.o)
 .text.stdio_exit_handler
                0x0000000008008b74       0x18 C:/ST/STM32CubeIDE_1.13.2/STM32CubeIDE/plugins/com.st.stm32cube.ide.mcu.externaltools.gnu-tools-for-stm32.11.3.rel1.win32_1.1.1.202309131626/tools/bin/../lib/gcc/arm-none-eabi/11.3.1/../../../../arm-none-eabi/lib/thumb/v7e-m+fp/hard\libc_nano.a(libc_a-findfp.o)
 .text.cleanup_stdio
                0x0000000008008b8c       0x40 C:/ST/STM32CubeIDE_1.13.2/STM32CubeIDE/plugins/com.st.stm32cube.ide.mcu.externaltools.gnu-tools-for-stm32.11.3.rel1.win32_1.1.1.202309131626/tools/bin/../lib/gcc/arm-none-eabi/11.3.1/../../../../arm-none-eabi/lib/thumb/v7e-m+fp/hard\libc_nano.a(libc_a-findfp.o)
 .text.global_stdio_init.part.0
                0x0000000008008bcc       0x3c C:/ST/STM32CubeIDE_1.13.2/STM32CubeIDE/plugins/com.st.stm32cube.ide.mcu.externaltools.gnu-tools-for-stm32.11.3.rel1.win32_1.1.1.202309131626/tools/bin/../lib/gcc/arm-none-eabi/11.3.1/../../../../arm-none-eabi/lib/thumb/v7e-m+fp/hard\libc_nano.a(libc_a-findfp.o)
 .text.__sfp_lock_acquire
                0x0000000008008c08        0xc C:/ST/STM32CubeIDE_1.13.2/STM32CubeIDE/plugins/com.st.stm32cube.ide.mcu.externaltools.gnu-tools-for-stm32.11.3.rel1.win32_1.1.1.202309131626/tools/bin/../lib/gcc/arm-none-eabi/11.3.1/../../../../arm-none-eabi/lib/thumb/v7e-m+fp/hard\libc_nano.a(libc_a-findfp.o)
                0x0000000008008c08                __sfp_lock_acquire
 .text.__sfp_lock_release
                0x0000000008008c14        0xc C:/ST/STM32CubeIDE_1.13.2/STM32CubeIDE/plugins/com.st.stm32cube.ide.mcu.externaltools.gnu-tools-for-stm32.11.3.rel1.win32_1.1.1.202309131626/tools/bin/../lib/gcc/arm-none-eabi/11.3.1/../../../../arm-none-eabi/lib/thumb/v7e-m+fp/hard\libc_nano.a(libc_a-findfp.o)
                0x0000000008008c14                __sfp_lock_release
 .text.__sinit  0x0000000008008c20       0x30 C:/ST/STM32CubeIDE_1.13.2/STM32CubeIDE/plugins/com.st.stm32cube.ide.mcu.externaltools.gnu-tools-for-stm32.11.3.rel1.win32_1.1.1.202309131626/tools/bin/../lib/gcc/arm-none-eabi/11.3.1/../../../../arm-none-eabi/lib/thumb/v7e-m+fp/hard\libc_nano.a(libc_a-findfp.o)
                0x0000000008008c20                __sinit
 .text._fwalk_sglue
                0x0000000008008c50       0x3c C:/ST/STM32CubeIDE_1.13.2/STM32CubeIDE/plugins/com.st.stm32cube.ide.mcu.externaltools.gnu-tools-for-stm32.11.3.rel1.win32_1.1.1.202309131626/tools/bin/../lib/gcc/arm-none-eabi/11.3.1/../../../../arm-none-eabi/lib/thumb/v7e-m+fp/hard\libc_nano.a(libc_a-fwalk.o)
                0x0000000008008c50                _fwalk_sglue
 .text.printf   0x0000000008008c8c       0x24 C:/ST/STM32CubeIDE_1.13.2/STM32CubeIDE/plugins/com.st.stm32cube.ide.mcu.externaltools.gnu-tools-for-stm32.11.3.rel1.win32_1.1.1.202309131626/tools/bin/../lib/gcc/arm-none-eabi/11.3.1/../../../../arm-none-eabi/lib/thumb/v7e-m+fp/hard\libc_nano.a(libc_a-printf.o)
                0x0000000008008c8c                iprintf
                0x0000000008008c8c                printf
 .text.__sread  0x0000000008008cb0       0x22 C:/ST/STM32CubeIDE_1.13.2/STM32CubeIDE/plugins/com.st.stm32cube.ide.mcu.externaltools.gnu-tools-for-stm32.11.3.rel1.win32_1.1.1.202309131626/tools/bin/../lib/gcc/arm-none-eabi/11.3.1/../../../../arm-none-eabi/lib/thumb/v7e-m+fp/hard\libc_nano.a(libc_a-stdio.o)
                0x0000000008008cb0                __sread
 .text.__swrite
                0x0000000008008cd2       0x38 C:/ST/STM32CubeIDE_1.13.2/STM32CubeIDE/plugins/com.st.stm32cube.ide.mcu.externaltools.gnu-tools-for-stm32.11.3.rel1.win32_1.1.1.202309131626/tools/bin/../lib/gcc/arm-none-eabi/11.3.1/../../../../arm-none-eabi/lib/thumb/v7e-m+fp/hard\libc_nano.a(libc_a-stdio.o)
                0x0000000008008cd2                __swrite
 .text.__sseek  0x0000000008008d0a       0x24 C:/ST/STM32CubeIDE_1.13.2/STM32CubeIDE/plugins/com.st.stm32cube.ide.mcu.externaltools.gnu-tools-for-stm32.11.3.rel1.win32_1.1.1.202309131626/tools/bin/../lib/gcc/arm-none-eabi/11.3.1/../../../../arm-none-eabi/lib/thumb/v7e-m+fp/hard\libc_nano.a(libc_a-stdio.o)
                0x0000000008008d0a                __sseek
 .text.__sclose
                0x0000000008008d2e        0x8 C:/ST/STM32CubeIDE_1.13.2/STM32CubeIDE/plugins/com.st.stm32cube.ide.mcu.externaltools.gnu-tools-for-stm32.11.3.rel1.win32_1.1.1.202309131626/tools/bin/../lib/gcc/arm-none-eabi/11.3.1/../../../../arm-none-eabi/lib/thumb/v7e-m+fp/hard\libc_nano.a(libc_a-stdio.o)
                0x0000000008008d2e                __sclose
 .text.memcmp   0x0000000008008d36       0x20 C:/ST/STM32CubeIDE_1.13.2/STM32CubeIDE/plugins/com.st.stm32cube.ide.mcu.externaltools.gnu-tools-for-stm32.11.3.rel1.win32_1.1.1.202309131626/tools/bin/../lib/gcc/arm-none-eabi/11.3.1/../../../../arm-none-eabi/lib/thumb/v7e-m+fp/hard\libc_nano.a(libc_a-memcmp.o)
                0x0000000008008d36                memcmp
 .text.memset   0x0000000008008d56       0x10 C:/ST/STM32CubeIDE_1.13.2/STM32CubeIDE/plugins/com.st.stm32cube.ide.mcu.externaltools.gnu-tools-for-stm32.11.3.rel1.win32_1.1.1.202309131626/tools/bin/../lib/gcc/arm-none-eabi/11.3.1/../../../../arm-none-eabi/lib/thumb/v7e-m+fp/hard\libc_nano.a(libc_a-memset.o)
                0x0000000008008d56                memset
 *fill*         0x0000000008008d66        0x2 
 .text._close_r
                0x0000000008008d68       0x20 C:/ST/STM32CubeIDE_1.13.2/STM32CubeIDE/plugins/com.st.stm32cube.ide.mcu.externaltools.gnu-tools-for-stm32.11.3.rel1.win32_1.1.1.202309131626/tools/bin/../lib/gcc/arm-none-eabi/11.3.1/../../../../arm-none-eabi/lib/thumb/v7e-m+fp/hard\libc_nano.a(libc_a-closer.o)
                0x0000000008008d68                _close_r
 .text._lseek_r
                0x0000000008008d88       0x24 C:/ST/STM32CubeIDE_1.13.2/STM32CubeIDE/plugins/com.st.stm32cube.ide.mcu.externaltools.gnu-tools-for-stm32.11.3.rel1.win32_1.1.1.202309131626/tools/bin/../lib/gcc/arm-none-eabi/11.3.1/../../../../arm-none-eabi/lib/thumb/v7e-m+fp/hard\libc_nano.a(libc_a-lseekr.o)
                0x0000000008008d88                _lseek_r
 .text._read_r  0x0000000008008dac       0x24 C:/ST/STM32CubeIDE_1.13.2/STM32CubeIDE/plugins/com.st.stm32cube.ide.mcu.externaltools.gnu-tools-for-stm32.11.3.rel1.win32_1.1.1.202309131626/tools/bin/../lib/gcc/arm-none-eabi/11.3.1/../../../../arm-none-eabi/lib/thumb/v7e-m+fp/hard\libc_nano.a(libc_a-readr.o)
                0x0000000008008dac                _read_r
 .text._write_r
                0x0000000008008dd0       0x24 C:/ST/STM32CubeIDE_1.13.2/STM32CubeIDE/plugins/com.st.stm32cube.ide.mcu.externaltools.gnu-tools-for-stm32.11.3.rel1.win32_1.1.1.202309131626/tools/bin/../lib/gcc/arm-none-eabi/11.3.1/../../../../arm-none-eabi/lib/thumb/v7e-m+fp/hard\libc_nano.a(libc_a-writer.o)
                0x0000000008008dd0                _write_r
 .text.__libc_init_array
                0x0000000008008df4       0x48 C:/ST/STM32CubeIDE_1.13.2/STM32CubeIDE/plugins/com.st.stm32cube.ide.mcu.externaltools.gnu-tools-for-stm32.11.3.rel1.win32_1.1.1.202309131626/tools/bin/../lib/gcc/arm-none-eabi/11.3.1/../../../../arm-none-eabi/lib/thumb/v7e-m+fp/hard\libc_nano.a(libc_a-init.o)
                0x0000000008008df4                __libc_init_array
 .text.__retarget_lock_init_recursive
                0x0000000008008e3c        0x2 C:/ST/STM32CubeIDE_1.13.2/STM32CubeIDE/plugins/com.st.stm32cube.ide.mcu.externaltools.gnu-tools-for-stm32.11.3.rel1.win32_1.1.1.202309131626/tools/bin/../lib/gcc/arm-none-eabi/11.3.1/../../../../arm-none-eabi/lib/thumb/v7e-m+fp/hard\libc_nano.a(libc_a-lock.o)
                0x0000000008008e3c                __retarget_lock_init_recursive
 .text.__retarget_lock_acquire_recursive
                0x0000000008008e3e        0x2 C:/ST/STM32CubeIDE_1.13.2/STM32CubeIDE/plugins/com.st.stm32cube.ide.mcu.externaltools.gnu-tools-for-stm32.11.3.rel1.win32_1.1.1.202309131626/tools/bin/../lib/gcc/arm-none-eabi/11.3.1/../../../../arm-none-eabi/lib/thumb/v7e-m+fp/hard\libc_nano.a(libc_a-lock.o)
                0x0000000008008e3e                __retarget_lock_acquire_recursive
 .text.__retarget_lock_release_recursive
                0x0000000008008e40        0x2 C:/ST/STM32CubeIDE_1.13.2/STM32CubeIDE/plugins/com.st.stm32cube.ide.mcu.externaltools.gnu-tools-for-stm32.11.3.rel1.win32_1.1.1.202309131626/tools/bin/../lib/gcc/arm-none-eabi/11.3.1/../../../../arm-none-eabi/lib/thumb/v7e-m+fp/hard\libc_nano.a(libc_a-lock.o)
                0x0000000008008e40                __retarget_lock_release_recursive
 .text.memcpy   0x0000000008008e42       0x1c C:/ST/STM32CubeIDE_1.13.2/STM32CubeIDE/plugins/com.st.stm32cube.ide.mcu.externaltools.gnu-tools-for-stm32.11.3.rel1.win32_1.1.1.202309131626/tools/bin/../lib/gcc/arm-none-eabi/11.3.1/../../../../arm-none-eabi/lib/thumb/v7e-m+fp/hard\libc_nano.a(libc_a-memcpy-stub.o)
                0x0000000008008e42                memcpy
 *fill*         0x0000000008008e5e        0x2 
 .text.__assert_func
                0x0000000008008e60       0x3c C:/ST/STM32CubeIDE_1.13.2/STM32CubeIDE/plugins/com.st.stm32cube.ide.mcu.externaltools.gnu-tools-for-stm32.11.3.rel1.win32_1.1.1.202309131626/tools/bin/../lib/gcc/arm-none-eabi/11.3.1/../../../../arm-none-eabi/lib/thumb/v7e-m+fp/hard\libc_nano.a(libc_a-assert.o)
                0x0000000008008e60                __assert_func
 .text._free_r  0x0000000008008e9c       0x98 C:/ST/STM32CubeIDE_1.13.2/STM32CubeIDE/plugins/com.st.stm32cube.ide.mcu.externaltools.gnu-tools-for-stm32.11.3.rel1.win32_1.1.1.202309131626/tools/bin/../lib/gcc/arm-none-eabi/11.3.1/../../../../arm-none-eabi/lib/thumb/v7e-m+fp/hard\libc_nano.a(libc_a-freer.o)
                0x0000000008008e9c                _free_r
 .text.malloc   0x0000000008008f34       0x10 C:/ST/STM32CubeIDE_1.13.2/STM32CubeIDE/plugins/com.st.stm32cube.ide.mcu.externaltools.gnu-tools-for-stm32.11.3.rel1.win32_1.1.1.202309131626/tools/bin/../lib/gcc/arm-none-eabi/11.3.1/../../../../arm-none-eabi/lib/thumb/v7e-m+fp/hard\libc_nano.a(libc_a-malloc.o)
                0x0000000008008f34                malloc
 .text.sbrk_aligned
                0x0000000008008f44       0x40 C:/ST/STM32CubeIDE_1.13.2/STM32CubeIDE/plugins/com.st.stm32cube.ide.mcu.externaltools.gnu-tools-for-stm32.11.3.rel1.win32_1.1.1.202309131626/tools/bin/../lib/gcc/arm-none-eabi/11.3.1/../../../../arm-none-eabi/lib/thumb/v7e-m+fp/hard\libc_nano.a(libc_a-mallocr.o)
 .text._malloc_r
                0x0000000008008f84      0x100 C:/ST/STM32CubeIDE_1.13.2/STM32CubeIDE/plugins/com.st.stm32cube.ide.mcu.externaltools.gnu-tools-for-stm32.11.3.rel1.win32_1.1.1.202309131626/tools/bin/../lib/gcc/arm-none-eabi/11.3.1/../../../../arm-none-eabi/lib/thumb/v7e-m+fp/hard\libc_nano.a(libc_a-mallocr.o)
                0x0000000008008f84                _malloc_r
 .text.__malloc_lock
                0x0000000008009084        0xc C:/ST/STM32CubeIDE_1.13.2/STM32CubeIDE/plugins/com.st.stm32cube.ide.mcu.externaltools.gnu-tools-for-stm32.11.3.rel1.win32_1.1.1.202309131626/tools/bin/../lib/gcc/arm-none-eabi/11.3.1/../../../../arm-none-eabi/lib/thumb/v7e-m+fp/hard\libc_nano.a(libc_a-mlock.o)
                0x0000000008009084                __malloc_lock
 .text.__malloc_unlock
                0x0000000008009090        0xc C:/ST/STM32CubeIDE_1.13.2/STM32CubeIDE/plugins/com.st.stm32cube.ide.mcu.externaltools.gnu-tools-for-stm32.11.3.rel1.win32_1.1.1.202309131626/tools/bin/../lib/gcc/arm-none-eabi/11.3.1/../../../../arm-none-eabi/lib/thumb/v7e-m+fp/hard\libc_nano.a(libc_a-mlock.o)
                0x0000000008009090                __malloc_unlock
 .text.__sfputc_r
                0x000000000800909c       0x2e C:/ST/STM32CubeIDE_1.13.2/STM32CubeIDE/plugins/com.st.stm32cube.ide.mcu.externaltools.gnu-tools-for-stm32.11.3.rel1.win32_1.1.1.202309131626/tools/bin/../lib/gcc/arm-none-eabi/11.3.1/../../../../arm-none-eabi/lib/thumb/v7e-m+fp/hard\libc_nano.a(libc_a-nano-vfprintf.o)
 .text.__sfputs_r
                0x00000000080090ca       0x24 C:/ST/STM32CubeIDE_1.13.2/STM32CubeIDE/plugins/com.st.stm32cube.ide.mcu.externaltools.gnu-tools-for-stm32.11.3.rel1.win32_1.1.1.202309131626/tools/bin/../lib/gcc/arm-none-eabi/11.3.1/../../../../arm-none-eabi/lib/thumb/v7e-m+fp/hard\libc_nano.a(libc_a-nano-vfprintf.o)
                0x00000000080090ca                __sfputs_r
 *fill*         0x00000000080090ee        0x2 
 .text._vfprintf_r
                0x00000000080090f0      0x234 C:/ST/STM32CubeIDE_1.13.2/STM32CubeIDE/plugins/com.st.stm32cube.ide.mcu.externaltools.gnu-tools-for-stm32.11.3.rel1.win32_1.1.1.202309131626/tools/bin/../lib/gcc/arm-none-eabi/11.3.1/../../../../arm-none-eabi/lib/thumb/v7e-m+fp/hard\libc_nano.a(libc_a-nano-vfprintf.o)
                0x00000000080090f0                _vfprintf_r
                0x00000000080090f0                _vfiprintf_r
 .text._printf_common
                0x0000000008009324       0xda C:/ST/STM32CubeIDE_1.13.2/STM32CubeIDE/plugins/com.st.stm32cube.ide.mcu.externaltools.gnu-tools-for-stm32.11.3.rel1.win32_1.1.1.202309131626/tools/bin/../lib/gcc/arm-none-eabi/11.3.1/../../../../arm-none-eabi/lib/thumb/v7e-m+fp/hard\libc_nano.a(libc_a-nano-vfprintf_i.o)
                0x0000000008009324                _printf_common
 *fill*         0x00000000080093fe        0x2 
 .text._printf_i
                0x0000000008009400      0x244 C:/ST/STM32CubeIDE_1.13.2/STM32CubeIDE/plugins/com.st.stm32cube.ide.mcu.externaltools.gnu-tools-for-stm32.11.3.rel1.win32_1.1.1.202309131626/tools/bin/../lib/gcc/arm-none-eabi/11.3.1/../../../../arm-none-eabi/lib/thumb/v7e-m+fp/hard\libc_nano.a(libc_a-nano-vfprintf_i.o)
                0x0000000008009400                _printf_i
 .text.__sflush_r
                0x0000000008009644      0x10c C:/ST/STM32CubeIDE_1.13.2/STM32CubeIDE/plugins/com.st.stm32cube.ide.mcu.externaltools.gnu-tools-for-stm32.11.3.rel1.win32_1.1.1.202309131626/tools/bin/../lib/gcc/arm-none-eabi/11.3.1/../../../../arm-none-eabi/lib/thumb/v7e-m+fp/hard\libc_nano.a(libc_a-fflush.o)
                0x0000000008009644                __sflush_r
 .text._fflush_r
                0x0000000008009750       0x50 C:/ST/STM32CubeIDE_1.13.2/STM32CubeIDE/plugins/com.st.stm32cube.ide.mcu.externaltools.gnu-tools-for-stm32.11.3.rel1.win32_1.1.1.202309131626/tools/bin/../lib/gcc/arm-none-eabi/11.3.1/../../../../arm-none-eabi/lib/thumb/v7e-m+fp/hard\libc_nano.a(libc_a-fflush.o)
                0x0000000008009750                _fflush_r
 .text.fprintf  0x00000000080097a0       0x24 C:/ST/STM32CubeIDE_1.13.2/STM32CubeIDE/plugins/com.st.stm32cube.ide.mcu.externaltools.gnu-tools-for-stm32.11.3.rel1.win32_1.1.1.202309131626/tools/bin/../lib/gcc/arm-none-eabi/11.3.1/../../../../arm-none-eabi/lib/thumb/v7e-m+fp/hard\libc_nano.a(libc_a-fprintf.o)
                0x00000000080097a0                fiprintf
                0x00000000080097a0                fprintf
 .text.__swbuf_r
                0x00000000080097c4       0x7a C:/ST/STM32CubeIDE_1.13.2/STM32CubeIDE/plugins/com.st.stm32cube.ide.mcu.externaltools.gnu-tools-for-stm32.11.3.rel1.win32_1.1.1.202309131626/tools/bin/../lib/gcc/arm-none-eabi/11.3.1/../../../../arm-none-eabi/lib/thumb/v7e-m+fp/hard\libc_nano.a(libc_a-wbuf.o)
                0x00000000080097c4                __swbuf_r
 *fill*         0x000000000800983e        0x2 
 .text.__swsetup_r
                0x0000000008009840       0xb0 C:/ST/STM32CubeIDE_1.13.2/STM32CubeIDE/plugins/com.st.stm32cube.ide.mcu.externaltools.gnu-tools-for-stm32.11.3.rel1.win32_1.1.1.202309131626/tools/bin/../lib/gcc/arm-none-eabi/11.3.1/../../../../arm-none-eabi/lib/thumb/v7e-m+fp/hard\libc_nano.a(libc_a-wsetup.o)
                0x0000000008009840                __swsetup_r
 .text._sbrk_r  0x00000000080098f0       0x20 C:/ST/STM32CubeIDE_1.13.2/STM32CubeIDE/plugins/com.st.stm32cube.ide.mcu.externaltools.gnu-tools-for-stm32.11.3.rel1.win32_1.1.1.202309131626/tools/bin/../lib/gcc/arm-none-eabi/11.3.1/../../../../arm-none-eabi/lib/thumb/v7e-m+fp/hard\libc_nano.a(libc_a-sbrkr.o)
                0x00000000080098f0                _sbrk_r
 .text.abort    0x0000000008009910        0xe C:/ST/STM32CubeIDE_1.13.2/STM32CubeIDE/plugins/com.st.stm32cube.ide.mcu.externaltools.gnu-tools-for-stm32.11.3.rel1.win32_1.1.1.202309131626/tools/bin/../lib/gcc/arm-none-eabi/11.3.1/../../../../arm-none-eabi/lib/thumb/v7e-m+fp/hard\libc_nano.a(libc_a-abort.o)
                0x0000000008009910                abort
 .text.__swhatbuf_r
                0x000000000800991e       0x4c C:/ST/STM32CubeIDE_1.13.2/STM32CubeIDE/plugins/com.st.stm32cube.ide.mcu.externaltools.gnu-tools-for-stm32.11.3.rel1.win32_1.1.1.202309131626/tools/bin/../lib/gcc/arm-none-eabi/11.3.1/../../../../arm-none-eabi/lib/thumb/v7e-m+fp/hard\libc_nano.a(libc_a-makebuf.o)
                0x000000000800991e                __swhatbuf_r
 .text.__smakebuf_r
                0x000000000800996a       0x78 C:/ST/STM32CubeIDE_1.13.2/STM32CubeIDE/plugins/com.st.stm32cube.ide.mcu.externaltools.gnu-tools-for-stm32.11.3.rel1.win32_1.1.1.202309131626/tools/bin/../lib/gcc/arm-none-eabi/11.3.1/../../../../arm-none-eabi/lib/thumb/v7e-m+fp/hard\libc_nano.a(libc_a-makebuf.o)
                0x000000000800996a                __smakebuf_r
 .text._raise_r
                0x00000000080099e2       0x50 C:/ST/STM32CubeIDE_1.13.2/STM32CubeIDE/plugins/com.st.stm32cube.ide.mcu.externaltools.gnu-tools-for-stm32.11.3.rel1.win32_1.1.1.202309131626/tools/bin/../lib/gcc/arm-none-eabi/11.3.1/../../../../arm-none-eabi/lib/thumb/v7e-m+fp/hard\libc_nano.a(libc_a-signal.o)
                0x00000000080099e2                _raise_r
 *fill*         0x0000000008009a32        0x2 
 .text.raise    0x0000000008009a34       0x10 C:/ST/STM32CubeIDE_1.13.2/STM32CubeIDE/plugins/com.st.stm32cube.ide.mcu.externaltools.gnu-tools-for-stm32.11.3.rel1.win32_1.1.1.202309131626/tools/bin/../lib/gcc/arm-none-eabi/11.3.1/../../../../arm-none-eabi/lib/thumb/v7e-m+fp/hard\libc_nano.a(libc_a-signal.o)
                0x0000000008009a34                raise
 .text._fstat_r
                0x0000000008009a44       0x24 C:/ST/STM32CubeIDE_1.13.2/STM32CubeIDE/plugins/com.st.stm32cube.ide.mcu.externaltools.gnu-tools-for-stm32.11.3.rel1.win32_1.1.1.202309131626/tools/bin/../lib/gcc/arm-none-eabi/11.3.1/../../../../arm-none-eabi/lib/thumb/v7e-m+fp/hard\libc_nano.a(libc_a-fstatr.o)
                0x0000000008009a44                _fstat_r
 .text._isatty_r
                0x0000000008009a68       0x20 C:/ST/STM32CubeIDE_1.13.2/STM32CubeIDE/plugins/com.st.stm32cube.ide.mcu.externaltools.gnu-tools-for-stm32.11.3.rel1.win32_1.1.1.202309131626/tools/bin/../lib/gcc/arm-none-eabi/11.3.1/../../../../arm-none-eabi/lib/thumb/v7e-m+fp/hard\libc_nano.a(libc_a-isattyr.o)
                0x0000000008009a68                _isatty_r
 .text._kill_r  0x0000000008009a88       0x24 C:/ST/STM32CubeIDE_1.13.2/STM32CubeIDE/plugins/com.st.stm32cube.ide.mcu.externaltools.gnu-tools-for-stm32.11.3.rel1.win32_1.1.1.202309131626/tools/bin/../lib/gcc/arm-none-eabi/11.3.1/../../../../arm-none-eabi/lib/thumb/v7e-m+fp/hard\libc_nano.a(libc_a-signalr.o)
                0x0000000008009a88                _kill_r
 .text._getpid_r
                0x0000000008009aac        0x4 C:/ST/STM32CubeIDE_1.13.2/STM32CubeIDE/plugins/com.st.stm32cube.ide.mcu.externaltools.gnu-tools-for-stm32.11.3.rel1.win32_1.1.1.202309131626/tools/bin/../lib/gcc/arm-none-eabi/11.3.1/../../../../arm-none-eabi/lib/thumb/v7e-m+fp/hard\libc_nano.a(libc_a-signalr.o)
                0x0000000008009aac                _getpid_r
 *(.glue_7)
 .glue_7        0x0000000008009ab0        0x0 linker stubs
 *(.glue_7t)
 .glue_7t       0x0000000008009ab0        0x0 linker stubs
 *(.eh_frame)
 .eh_frame      0x0000000008009ab0        0x0 C:/ST/STM32CubeIDE_1.13.2/STM32CubeIDE/plugins/com.st.stm32cube.ide.mcu.externaltools.gnu-tools-for-stm32.11.3.rel1.win32_1.1.1.202309131626/tools/bin/../lib/gcc/arm-none-eabi/11.3.1/thumb/v7e-m+fp/hard/crtbegin.o
 *(.init)
 .init          0x0000000008009ab0        0x4 C:/ST/STM32CubeIDE_1.13.2/STM32CubeIDE/plugins/com.st.stm32cube.ide.mcu.externaltools.gnu-tools-for-stm32.11.3.rel1.win32_1.1.1.202309131626/tools/bin/../lib/gcc/arm-none-eabi/11.3.1/thumb/v7e-m+fp/hard/crti.o
                0x0000000008009ab0                _init
 .init          0x0000000008009ab4        0x8 C:/ST/STM32CubeIDE_1.13.2/STM32CubeIDE/plugins/com.st.stm32cube.ide.mcu.externaltools.gnu-tools-for-stm32.11.3.rel1.win32_1.1.1.202309131626/tools/bin/../lib/gcc/arm-none-eabi/11.3.1/thumb/v7e-m+fp/hard/crtn.o
 *(.fini)
 .fini          0x0000000008009abc        0x4 C:/ST/STM32CubeIDE_1.13.2/STM32CubeIDE/plugins/com.st.stm32cube.ide.mcu.externaltools.gnu-tools-for-stm32.11.3.rel1.win32_1.1.1.202309131626/tools/bin/../lib/gcc/arm-none-eabi/11.3.1/thumb/v7e-m+fp/hard/crti.o
                0x0000000008009abc                _fini
 .fini          0x0000000008009ac0        0x8 C:/ST/STM32CubeIDE_1.13.2/STM32CubeIDE/plugins/com.st.stm32cube.ide.mcu.externaltools.gnu-tools-for-stm32.11.3.rel1.win32_1.1.1.202309131626/tools/bin/../lib/gcc/arm-none-eabi/11.3.1/thumb/v7e-m+fp/hard/crtn.o
                0x0000000008009ac8                . = ALIGN (0x4)
                0x0000000008009ac8                _etext = .

.vfp11_veneer   0x0000000008009ac8        0x0
 .vfp11_veneer  0x0000000008009ac8        0x0 linker stubs

.v4_bx          0x0000000008009ac8        0x0
 .v4_bx         0x0000000008009ac8        0x0 linker stubs

.iplt           0x0000000008009ac8        0x0
 .iplt          0x0000000008009ac8        0x0 C:/ST/STM32CubeIDE_1.13.2/STM32CubeIDE/plugins/com.st.stm32cube.ide.mcu.externaltools.gnu-tools-for-stm32.11.3.rel1.win32_1.1.1.202309131626/tools/bin/../lib/gcc/arm-none-eabi/11.3.1/thumb/v7e-m+fp/hard/crtbegin.o

.rodata         0x0000000008009ac8     0x1fb0
                0x0000000008009ac8                . = ALIGN (0x4)
 *(.rodata)
 *(.rodata*)
 .rodata.AHBPrescTable
                0x0000000008009ac8       0x10 ./Core/Src/system_stm32f4xx.o
                0x0000000008009ac8                AHBPrescTable
 .rodata.APBPrescTable
                0x0000000008009ad8        0x8 ./Core/Src/system_stm32f4xx.o
                0x0000000008009ad8                APBPrescTable
 .rodata.tcp_server_recv.str1.1
                0x0000000008009ae0       0x28 ./Core/Src/tcp_server.o
 .rodata.ethernetif_init.str1.1
                0x0000000008009b08       0x52 ./LWIP/Target/ethernetif.o
 .rodata.CSWTCH.21
                0x0000000008009b5a        0x8 ./LWIP/Target/ethernetif.o
 .rodata.CSWTCH.22
                0x0000000008009b62        0x8 ./LWIP/Target/ethernetif.o
 *fill*         0x0000000008009b6a        0x2 
 .rodata.memp_RX_POOL
                0x0000000008009b6c        0xc ./LWIP/Target/ethernetif.o
                0x0000000008009b6c                memp_RX_POOL
 .rodata.mem_free.str1.1
                0x0000000008009b78      0x120 ./Middlewares/Third_Party/LwIP/src/core/mem.o
                                        0x148 (size before relaxing)
 .rodata.mem_trim.str1.1
                0x0000000008009c98       0x48 ./Middlewares/Third_Party/LwIP/src/core/mem.o
 .rodata.mem_malloc.str1.1
                0x0000000008009ce0       0x9b ./Middlewares/Third_Party/LwIP/src/core/mem.o
 .rodata.do_memp_free_pool.str1.1
                0x0000000008009d7b       0x50 ./Middlewares/Third_Party/LwIP/src/core/memp.o
                                         0x78 (size before relaxing)
 .rodata.do_memp_malloc_pool.isra.0.str1.1
                0x0000000008009dcb       0x23 ./Middlewares/Third_Party/LwIP/src/core/memp.o
 .rodata.memp_malloc_pool.str1.1
                0x0000000008009dee       0x12 ./Middlewares/Third_Party/LwIP/src/core/memp.o
 .rodata.memp_malloc.str1.1
                0x0000000008009e00       0x1d ./Middlewares/Third_Party/LwIP/src/core/memp.o
 .rodata.memp_free.str1.1
                0x0000000008009e1d       0x1b ./Middlewares/Third_Party/LwIP/src/core/memp.o
 .rodata.memp_FRAG_PBUF
                0x0000000008009e38        0xc ./Middlewares/Third_Party/LwIP/src/core/memp.o
                0x0000000008009e38                memp_FRAG_PBUF
 .rodata.memp_PBUF
                0x0000000008009e44        0xc ./Middlewares/Third_Party/LwIP/src/core/memp.o
                0x0000000008009e44                memp_PBUF
 .rodata.memp_PBUF_POOL
                0x0000000008009e50        0xc ./Middlewares/Third_Party/LwIP/src/core/memp.o
                0x0000000008009e50                memp_PBUF_POOL
 .rodata.memp_REASSDATA
                0x0000000008009e5c        0xc ./Middlewares/Third_Party/LwIP/src/core/memp.o
                0x0000000008009e5c                memp_REASSDATA
 .rodata.memp_SYS_TIMEOUT
                0x0000000008009e68        0xc ./Middlewares/Third_Party/LwIP/src/core/memp.o
                0x0000000008009e68                memp_SYS_TIMEOUT
 .rodata.memp_TCP_PCB
                0x0000000008009e74        0xc ./Middlewares/Third_Party/LwIP/src/core/memp.o
                0x0000000008009e74                memp_TCP_PCB
 .rodata.memp_TCP_PCB_LISTEN
                0x0000000008009e80        0xc ./Middlewares/Third_Party/LwIP/src/core/memp.o
                0x0000000008009e80                memp_TCP_PCB_LISTEN
 .rodata.memp_TCP_SEG
                0x0000000008009e8c        0xc ./Middlewares/Third_Party/LwIP/src/core/memp.o
                0x0000000008009e8c                memp_TCP_SEG
 .rodata.memp_UDP_PCB
                0x0000000008009e98        0xc ./Middlewares/Third_Party/LwIP/src/core/memp.o
                0x0000000008009e98                memp_UDP_PCB
 .rodata.memp_pools
                0x0000000008009ea4       0x24 ./Middlewares/Third_Party/LwIP/src/core/memp.o
                0x0000000008009ea4                memp_pools
 .rodata.netif_issue_reports.str1.1
                0x0000000008009ec8       0x54 ./Middlewares/Third_Party/LwIP/src/core/netif.o
                                         0x7c (size before relaxing)
 .rodata.netif_do_set_ipaddr.isra.0.str1.1
                0x0000000008009f1c       0x10 ./Middlewares/Third_Party/LwIP/src/core/netif.o
 .rodata.netif_add.str1.1
                0x0000000008009f2c       0x7d ./Middlewares/Third_Party/LwIP/src/core/netif.o
 .rodata.netif_set_up.str1.1
                0x0000000008009fa9       0x1c ./Middlewares/Third_Party/LwIP/src/core/netif.o
 .rodata.netif_set_down.str1.1
                0x0000000008009fc5       0x1e ./Middlewares/Third_Party/LwIP/src/core/netif.o
 .rodata.netif_set_link_up.str1.1
                0x0000000008009fe3       0x21 ./Middlewares/Third_Party/LwIP/src/core/netif.o
 .rodata.netif_set_link_down.str1.1
                0x000000000800a004       0x23 ./Middlewares/Third_Party/LwIP/src/core/netif.o
 .rodata.pbuf_add_header_impl.str1.1
                0x000000000800a027       0x30 ./Middlewares/Third_Party/LwIP/src/core/pbuf.o
                                         0x62 (size before relaxing)
 .rodata.pbuf_alloc_reference.str1.1
                0x000000000800a057       0x12 ./Middlewares/Third_Party/LwIP/src/core/pbuf.o
 .rodata.pbuf_remove_header.str1.1
                0x000000000800a069       0x1e ./Middlewares/Third_Party/LwIP/src/core/pbuf.o
 .rodata.pbuf_free.str1.1
                0x000000000800a087       0x49 ./Middlewares/Third_Party/LwIP/src/core/pbuf.o
 .rodata.pbuf_alloc.str1.1
                0x000000000800a0d0       0x1b ./Middlewares/Third_Party/LwIP/src/core/pbuf.o
 .rodata.pbuf_realloc.str1.1
                0x000000000800a0eb       0x4c ./Middlewares/Third_Party/LwIP/src/core/pbuf.o
 .rodata.pbuf_ref.str1.1
                0x000000000800a137       0x12 ./Middlewares/Third_Party/LwIP/src/core/pbuf.o
 .rodata.pbuf_cat.str1.1
                0x000000000800a149       0x72 ./Middlewares/Third_Party/LwIP/src/core/pbuf.o
 .rodata.pbuf_copy.str1.1
                0x000000000800a1bb       0x99 ./Middlewares/Third_Party/LwIP/src/core/pbuf.o
 .rodata.pbuf_copy_partial.str1.1
                0x000000000800a254       0x42 ./Middlewares/Third_Party/LwIP/src/core/pbuf.o
 .rodata.pbuf_clone.str1.1
                0x000000000800a296       0x11 ./Middlewares/Third_Party/LwIP/src/core/pbuf.o
 .rodata.tcp_close_shutdown_fin.str1.1
                0x000000000800a2a7       0x3b ./Middlewares/Third_Party/LwIP/src/core/tcp.o
                                         0x63 (size before relaxing)
 .rodata.tcp_free.str1.1
                0x000000000800a2e2       0x11 ./Middlewares/Third_Party/LwIP/src/core/tcp.o
 .rodata.tcp_bind.str1.1
                0x000000000800a2f3       0x3e ./Middlewares/Third_Party/LwIP/src/core/tcp.o
 .rodata.tcp_listen_with_backlog_and_err.str1.1
                0x000000000800a331       0x64 ./Middlewares/Third_Party/LwIP/src/core/tcp.o
 .rodata.tcp_update_rcv_ann_wnd.str1.1
                0x000000000800a395       0x3e ./Middlewares/Third_Party/LwIP/src/core/tcp.o
 .rodata.tcp_recved.str1.1
                0x000000000800a3d3       0x3e ./Middlewares/Third_Party/LwIP/src/core/tcp.o
 .rodata.tcp_setprio.str1.1
                0x000000000800a411       0x19 ./Middlewares/Third_Party/LwIP/src/core/tcp.o
 .rodata.tcp_seg_copy.str1.1
                0x000000000800a42a       0x1a ./Middlewares/Third_Party/LwIP/src/core/tcp.o
 .rodata.tcp_recv.str1.1
                0x000000000800a444       0x27 ./Middlewares/Third_Party/LwIP/src/core/tcp.o
 .rodata.tcp_err.str1.1
                0x000000000800a46b       0x26 ./Middlewares/Third_Party/LwIP/src/core/tcp.o
 .rodata.tcp_next_iss.str1.1
                0x000000000800a491       0x1a ./Middlewares/Third_Party/LwIP/src/core/tcp.o
 .rodata.tcp_eff_send_mss_netif.str1.1
                0x000000000800a4ab       0x27 ./Middlewares/Third_Party/LwIP/src/core/tcp.o
 .rodata.tcp_pcb_purge.str1.1
                0x000000000800a4d2       0x1b ./Middlewares/Third_Party/LwIP/src/core/tcp.o
 .rodata.tcp_pcb_remove.str1.1
                0x000000000800a4ed       0x84 ./Middlewares/Third_Party/LwIP/src/core/tcp.o
 .rodata.tcp_abandon.str1.1
                0x000000000800a571       0x4a ./Middlewares/Third_Party/LwIP/src/core/tcp.o
 .rodata.tcp_accept_null.str1.1
                0x000000000800a5bb       0x1d ./Middlewares/Third_Party/LwIP/src/core/tcp.o
 .rodata.tcp_netif_ip_addr_changed_pcblist.str1.1
                0x000000000800a5d8       0x34 ./Middlewares/Third_Party/LwIP/src/core/tcp.o
 .rodata.tcp_close_shutdown.str1.1
                0x000000000800a60c       0x52 ./Middlewares/Third_Party/LwIP/src/core/tcp.o
 .rodata.tcp_close.str1.1
                0x000000000800a65e       0x17 ./Middlewares/Third_Party/LwIP/src/core/tcp.o
 .rodata.tcp_recv_null.str1.1
                0x000000000800a675       0x1b ./Middlewares/Third_Party/LwIP/src/core/tcp.o
 .rodata.tcp_process_refused_data.str1.1
                0x000000000800a690       0x26 ./Middlewares/Third_Party/LwIP/src/core/tcp.o
 .rodata.tcp_slowtmr.str1.1
                0x000000000800a6b6      0x1b9 ./Middlewares/Third_Party/LwIP/src/core/tcp.o
 .rodata.tcp_backoff
                0x000000000800a86f        0xd ./Middlewares/Third_Party/LwIP/src/core/tcp.o
 .rodata.tcp_pcb_lists
                0x000000000800a87c       0x10 ./Middlewares/Third_Party/LwIP/src/core/tcp.o
                0x000000000800a87c                tcp_pcb_lists
 .rodata.tcp_persist_backoff
                0x000000000800a88c        0x7 ./Middlewares/Third_Party/LwIP/src/core/tcp.o
 .rodata.tcp_oos_insert_segment.str1.1
                0x000000000800a893       0x57 ./Middlewares/Third_Party/LwIP/src/core/tcp_in.o
                                         0x7f (size before relaxing)
 .rodata.tcp_parseopt.str1.1
                0x000000000800a8ea       0x1a ./Middlewares/Third_Party/LwIP/src/core/tcp_in.o
 .rodata.tcp_input_delayed_close.str1.1
                0x000000000800a904       0x25 ./Middlewares/Third_Party/LwIP/src/core/tcp_in.o
 .rodata.tcp_free_acked_segments.constprop.0.str1.1
                0x000000000800a929       0x48 ./Middlewares/Third_Party/LwIP/src/core/tcp_in.o
 .rodata.tcp_receive.str1.1
                0x000000000800a971      0x117 ./Middlewares/Third_Party/LwIP/src/core/tcp_in.o
 .rodata.tcp_input.str1.1
                0x000000000800aa88      0x1ce ./Middlewares/Third_Party/LwIP/src/core/tcp_in.o
 .rodata.tcp_output_segment_busy.str1.1
                0x000000000800ac56       0x58 ./Middlewares/Third_Party/LwIP/src/core/tcp_out.o
                                         0x80 (size before relaxing)
 .rodata.tcp_pbuf_prealloc.str1.1
                0x000000000800acae       0x33 ./Middlewares/Third_Party/LwIP/src/core/tcp_out.o
 .rodata.tcp_create_segment.str1.1
                0x000000000800ace1       0x56 ./Middlewares/Third_Party/LwIP/src/core/tcp_out.o
 .rodata.tcp_output_alloc_header_common.constprop.0.str1.1
                0x000000000800ad37       0x2e ./Middlewares/Third_Party/LwIP/src/core/tcp_out.o
 .rodata.tcp_output_alloc_header.constprop.0.str1.1
                0x000000000800ad65       0x25 ./Middlewares/Third_Party/LwIP/src/core/tcp_out.o
 .rodata.tcp_output_fill_options.constprop.0.str1.1
                0x000000000800ad8a       0x26 ./Middlewares/Third_Party/LwIP/src/core/tcp_out.o
 .rodata.tcp_output_control_segment.str1.1
                0x000000000800adb0       0x29 ./Middlewares/Third_Party/LwIP/src/core/tcp_out.o
 .rodata.tcp_write.str1.1
                0x000000000800add9      0x249 ./Middlewares/Third_Party/LwIP/src/core/tcp_out.o
 .rodata.tcp_split_unsent_seg.str1.1
                0x000000000800b022       0x5f ./Middlewares/Third_Party/LwIP/src/core/tcp_out.o
 .rodata.tcp_enqueue_flags.str1.1
                0x000000000800b081      0x117 ./Middlewares/Third_Party/LwIP/src/core/tcp_out.o
 .rodata.tcp_send_fin.str1.1
                0x000000000800b198       0x1a ./Middlewares/Third_Party/LwIP/src/core/tcp_out.o
 .rodata.tcp_rexmit_rto_prepare.str1.1
                0x000000000800b1b2       0x24 ./Middlewares/Third_Party/LwIP/src/core/tcp_out.o