Archive member included to satisfy reference by file (symbol)

C:/ST/STM32CubeIDE_1.13.2/STM32CubeIDE/plugins/com.st.stm32cube.ide.mcu.externaltools.gnu-tools-for-stm32.11.3.rel1.win32_1.1.1.202309131626/tools/bin/../lib/gcc/arm-none-eabi/11.3.1/../../../../arm-none-eabi/lib/thumb/v7e-m+fp/hard\libc_nano.a(libc_a-atoi.o)
                              ./Middlewares/Third_Party/LwIP/src/core/netif.o (atoi)
C:/ST/STM32CubeIDE_1.13.2/STM32CubeIDE/plugins/com.st.stm32cube.ide.mcu.externaltools.gnu-tools-for-stm32.11.3.rel1.win32_1.1.1.202309131626/tools/bin/../lib/gcc/arm-none-eabi/11.3.1/../../../../arm-none-eabi/lib/thumb/v7e-m+fp/hard\libc_nano.a(libc_a-exit.o)
                              C:/ST/STM32CubeIDE_1.13.2/STM32CubeIDE/plugins/com.st.stm32cube.ide.mcu.externaltools.gnu-tools-for-stm32.11.3.rel1.win32_1.1.1.202309131626/tools/bin/../lib/gcc/arm-none-eabi/11.3.1/../../../../arm-none-eabi/lib/thumb/v7e-m+fp/hard/crt0.o (exit)
C:/ST/STM32CubeIDE_1.13.2/STM32CubeIDE/plugins/com.st.stm32cube.ide.mcu.externaltools.gnu-tools-for-stm32.11.3.rel1.win32_1.1.1.202309131626/tools/bin/../lib/gcc/arm-none-eabi/11.3.1/../../../../arm-none-eabi/lib/thumb/v7e-m+fp/hard\libc_nano.a(libc_a-rand.o)
                              ./Middlewares/Third_Party/LwIP/src/core/tcp.o (rand)
C:/ST/STM32CubeIDE_1.13.2/STM32CubeIDE/plugins/com.st.stm32cube.ide.mcu.externaltools.gnu-tools-for-stm32.11.3.rel1.win32_1.1.1.202309131626/tools/bin/../lib/gcc/arm-none-eabi/11.3.1/../../../../arm-none-eabi/lib/thumb/v7e-m+fp/hard\libc_nano.a(libc_a-strtol.o)
                              C:/ST/STM32CubeIDE_1.13.2/STM32CubeIDE/plugins/com.st.stm32cube.ide.mcu.externaltools.gnu-tools-for-stm32.11.3.rel1.win32_1.1.1.202309131626/tools/bin/../lib/gcc/arm-none-eabi/11.3.1/../../../../arm-none-eabi/lib/thumb/v7e-m+fp/hard\libc_nano.a(libc_a-atoi.o) (_strtol_r)
C:/ST/STM32CubeIDE_1.13.2/STM32CubeIDE/plugins/com.st.stm32cube.ide.mcu.externaltools.gnu-tools-for-stm32.11.3.rel1.win32_1.1.1.202309131626/tools/bin/../lib/gcc/arm-none-eabi/11.3.1/../../../../arm-none-eabi/lib/thumb/v7e-m+fp/hard\libc_nano.a(libc_a-ctype_.o)
                              ./Middlewares/Third_Party/LwIP/src/core/ipv4/ip4_addr.o (_ctype_)
C:/ST/STM32CubeIDE_1.13.2/STM32CubeIDE/plugins/com.st.stm32cube.ide.mcu.externaltools.gnu-tools-for-stm32.11.3.rel1.win32_1.1.1.202309131626/tools/bin/../lib/gcc/arm-none-eabi/11.3.1/../../../../arm-none-eabi/lib/thumb/v7e-m+fp/hard\libc_nano.a(libc_a-findfp.o)
                              C:/ST/STM32CubeIDE_1.13.2/STM32CubeIDE/plugins/com.st.stm32cube.ide.mcu.externaltools.gnu-tools-for-stm32.11.3.rel1.win32_1.1.1.202309131626/tools/bin/../lib/gcc/arm-none-eabi/11.3.1/../../../../arm-none-eabi/lib/thumb/v7e-m+fp/hard\libc_nano.a(libc_a-exit.o) (__stdio_exit_handler)
C:/ST/STM32CubeIDE_1.13.2/STM32CubeIDE/plugins/com.st.stm32cube.ide.mcu.externaltools.gnu-tools-for-stm32.11.3.rel1.win32_1.1.1.202309131626/tools/bin/../lib/gcc/arm-none-eabi/11.3.1/../../../../arm-none-eabi/lib/thumb/v7e-m+fp/hard\libc_nano.a(libc_a-fwalk.o)
                              C:/ST/STM32CubeIDE_1.13.2/STM32CubeIDE/plugins/com.st.stm32cube.ide.mcu.externaltools.gnu-tools-for-stm32.11.3.rel1.win32_1.1.1.202309131626/tools/bin/../lib/gcc/arm-none-eabi/11.3.1/../../../../arm-none-eabi/lib/thumb/v7e-m+fp/hard\libc_nano.a(libc_a-findfp.o) (_fwalk_sglue)
C:/ST/STM32CubeIDE_1.13.2/STM32CubeIDE/plugins/com.st.stm32cube.ide.mcu.externaltools.gnu-tools-for-stm32.11.3.rel1.win32_1.1.1.202309131626/tools/bin/../lib/gcc/arm-none-eabi/11.3.1/../../../../arm-none-eabi/lib/thumb/v7e-m+fp/hard\libc_nano.a(libc_a-printf.o)
                              ./LWIP/Target/ethernetif.o (printf)
C:/ST/STM32CubeIDE_1.13.2/STM32CubeIDE/plugins/com.st.stm32cube.ide.mcu.externaltools.gnu-tools-for-stm32.11.3.rel1.win32_1.1.1.202309131626/tools/bin/../lib/gcc/arm-none-eabi/11.3.1/../../../../arm-none-eabi/lib/thumb/v7e-m+fp/hard\libc_nano.a(libc_a-stdio.o)
                              C:/ST/STM32CubeIDE_1.13.2/STM32CubeIDE/plugins/com.st.stm32cube.ide.mcu.externaltools.gnu-tools-for-stm32.11.3.rel1.win32_1.1.1.202309131626/tools/bin/../lib/gcc/arm-none-eabi/11.3.1/../../../../arm-none-eabi/lib/thumb/v7e-m+fp/hard\libc_nano.a(libc_a-findfp.o) (__sread)
C:/ST/STM32CubeIDE_1.13.2/STM32CubeIDE/plugins/com.st.stm32cube.ide.mcu.externaltools.gnu-tools-for-stm32.11.3.rel1.win32_1.1.1.202309131626/tools/bin/../lib/gcc/arm-none-eabi/11.3.1/../../../../arm-none-eabi/lib/thumb/v7e-m+fp/hard\libc_nano.a(libc_a-memcmp.o)
                              ./Middlewares/Third_Party/LwIP/src/netif/bridgeif_fdb.o (memcmp)
C:/ST/STM32CubeIDE_1.13.2/STM32CubeIDE/plugins/com.st.stm32cube.ide.mcu.externaltools.gnu-tools-for-stm32.11.3.rel1.win32_1.1.1.202309131626/tools/bin/../lib/gcc/arm-none-eabi/11.3.1/../../../../arm-none-eabi/lib/thumb/v7e-m+fp/hard\libc_nano.a(libc_a-memmove.o)
                              ./Middlewares/Third_Party/LwIP/src/core/def.o (memmove)
[...]
Memory Configuration

Name             Origin             Length             Attributes
CCMRAM           0x0000000010000000 0x0000000000010000 xrw
RAM              0x0000000020000000 0x0000000000020000 xrw
FLASH            0x0000000008000000 0x0000000000080000 xr
*default*        0x0000000000000000 0xffffffffffffffff

Linker script and memory map

LOAD C:/ST/STM32CubeIDE_1.13.2/STM32CubeIDE/plugins/com.st.stm32cube.ide.mcu.externaltools.gnu-tools-for-stm32.11.3.rel1.win32_1.1.1.202309131626/tools/bin/../lib/gcc/arm-none-eabi/11.3.1/thumb/v7e-m+fp/hard/crti.o
LOAD C:/ST/STM32CubeIDE_1.13.2/STM32CubeIDE/plugins/com.st.stm32cube.ide.mcu.externaltools.gnu-tools-for-stm32.11.3.rel1.win32_1.1.1.202309131626/tools/bin/../lib/gcc/arm-none-eabi/11.3.1/thumb/v7e-m+fp/hard/crtbegin.o
LOAD C:/ST/STM32CubeIDE_1.13.2/STM32CubeIDE/plugins/com.st.stm32cube.ide.mcu.externaltools.gnu-tools-for-stm32.11.3.rel1.win32_1.1.1.202309131626/tools/bin/../lib/gcc/arm-none-eabi/11.3.1/../../../../arm-none-eabi/lib/thumb/v7e-m+fp/hard/crt0.o
LOAD ./Core/Src/command_manager.o
LOAD ./Core/Src/main.o
LOAD ./Core/Src/message.o
LOAD ./Core/Src/stm32f4xx_hal_msp.o
LOAD ./Core/Src/stm32f4xx_it.o
LOAD ./Core/Src/syscalls.o
LOAD ./Core/Src/sysmem.o
LOAD ./Core/Src/system_stm32f4xx.o
LOAD ./Core/Src/tcp_server.o
LOAD ./Core/Startup/startup_stm32f407vetx.o
LOAD ./Drivers/BSP/Components/lan8742/lan8742.o
LOAD ./Drivers/STM32F4xx_HAL_Driver/Src/stm32f4xx_hal.o
LOAD ./Drivers/STM32F4xx_HAL_Driver/Src/stm32f4xx_hal_cortex.o
LOAD ./Drivers/STM32F4xx_HAL_Driver/Src/stm32f4xx_hal_dma.o
LOAD ./Drivers/STM32F4xx_HAL_Driver/Src/stm32f4xx_hal_dma_ex.o
LOAD ./Drivers/STM32F4xx_HAL_Driver/Src/stm32f4xx_hal_eth.o
LOAD ./Drivers/STM32F4xx_HAL_Driver/Src/stm32f4xx_hal_exti.o
LOAD ./Drivers/STM32F4xx_HAL_Driver/Src/stm32f4xx_hal_flash.o
LOAD ./Drivers/STM32F4xx_HAL_Driver/Src/stm32f4xx_hal_flash_ex.o
LOAD ./Drivers/STM32F4xx_HAL_Driver/Src/stm32f4xx_hal_flash_ramfunc.o
LOAD ./Drivers/STM32F4xx_HAL_Driver/Src/stm32f4xx_hal_gpio.o
LOAD ./Drivers/STM32F4xx_HAL_Driver/Src/stm32f4xx_hal_pwr.o
LOAD ./Drivers/STM32F4xx_HAL_Driver/Src/stm32f4xx_hal_pwr_ex.o
LOAD ./Drivers/STM32F4xx_HAL_Driver/Src/stm32f4xx_hal_rcc.o
LOAD ./Drivers/STM32F4xx_HAL_Driver/Src/stm32f4xx_hal_rcc_ex.o
LOAD ./Drivers/STM32F4xx_HAL_Driver/Src/stm32f4xx_hal_uart.o
LOAD ./LWIP/App/lwip.o
LOAD ./LWIP/Target/ethernetif.o
LOAD ./Middlewares/Third_Party/LwIP/src/api/api_lib.o
LOAD ./Middlewares/Third_Party/LwIP/src/api/api_msg.o
LOAD ./Middlewares/Third_Party/LwIP/src/api/err.o
LOAD ./Middlewares/Third_Party/LwIP/src/api/if_api.o
LOAD ./Middlewares/Third_Party/LwIP/src/api/netbuf.o
LOAD ./Middlewares/Third_Party/LwIP/src/api/netdb.o
LOAD ./Middlewares/Third_Party/LwIP/src/api/netifapi.o
LOAD ./Middlewares/Third_Party/LwIP/src/api/sockets.o
LOAD ./Middlewares/Third_Party/LwIP/src/api/tcpip.o
LOAD ./Middlewares/Third_Party/LwIP/src/apps/mqtt/mqtt.o
LOAD ./Middlewares/Third_Party/LwIP/src/core/altcp.o
LOAD ./Middlewares/Third_Party/LwIP/src/core/altcp_alloc.o
LOAD ./Middlewares/Third_Party/LwIP/src/core/altcp_tcp.o
LOAD ./Middlewares/Third_Party/LwIP/src/core/def.o
LOAD ./Middlewares/Third_Party/LwIP/src/core/dns.o
LOAD ./Middlewares/Third_Party/LwIP/src/core/inet_chksum.o
LOAD ./Middlewares/Third_Party/LwIP/src/core/init.o
LOAD ./Middlewares/Third_Party/LwIP/src/core/ip.o
LOAD ./Middlewares/Third_Party/LwIP/src/core/mem.o
LOAD ./Middlewares/Third_Party/LwIP/src/core/memp.o
LOAD ./Middlewares/Third_Party/LwIP/src/core/netif.o
LOAD ./Middlewares/Third_Party/LwIP/src/core/pbuf.o
LOAD ./Middlewares/Third_Party/LwIP/src/core/raw.o
LOAD ./Middlewares/Third_Party/LwIP/src/core/stats.o
LOAD ./Middlewares/Third_Party/LwIP/src/core/sys.o
LOAD ./Middlewares/Third_Party/LwIP/src/core/tcp.o
LOAD ./Middlewares/Third_Party/LwIP/src/core/tcp_in.o
LOAD ./Middlewares/Third_Party/LwIP/src/core/tcp_out.o
LOAD ./Middlewares/Third_Party/LwIP/src/core/timeouts.o
LOAD ./Middlewares/Third_Party/LwIP/src/core/udp.o
LOAD ./Middlewares/Third_Party/LwIP/src/core/ipv4/autoip.o
LOAD ./Middlewares/Third_Party/LwIP/src/core/ipv4/dhcp.o
LOAD ./Middlewares/Third_Party/LwIP/src/core/ipv4/etharp.o
LOAD ./Middlewares/Third_Party/LwIP/src/core/ipv4/icmp.o
LOAD ./Middlewares/Third_Party/LwIP/src/core/ipv4/igmp.o
LOAD ./Middlewares/Third_Party/LwIP/src/core/ipv4/ip4.o
LOAD ./Middlewares/Third_Party/LwIP/src/core/ipv4/ip4_addr.o
LOAD ./Middlewares/Third_Party/LwIP/src/core/ipv4/ip4_frag.o
LOAD ./Middlewares/Third_Party/LwIP/src/core/ipv6/dhcp6.o
LOAD ./Middlewares/Third_Party/LwIP/src/core/ipv6/ethip6.o
LOAD ./Middlewares/Third_Party/LwIP/src/core/ipv6/icmp6.o
LOAD ./Middlewares/Third_Party/LwIP/src/core/ipv6/inet6.o
LOAD ./Middlewares/Third_Party/LwIP/src/core/ipv6/ip6.o
LOAD ./Middlewares/Third_Party/LwIP/src/core/ipv6/ip6_addr.o
LOAD ./Middlewares/Third_Party/LwIP/src/core/ipv6/ip6_frag.o
LOAD ./Middlewares/Third_Party/LwIP/src/core/ipv6/mld6.o
LOAD ./Middlewares/Third_Party/LwIP/src/core/ipv6/nd6.o
LOAD ./Middlewares/Third_Party/LwIP/src/netif/bridgeif.o
LOAD ./Middlewares/Third_Party/LwIP/src/netif/bridgeif_fdb.o
LOAD ./Middlewares/Third_Party/LwIP/src/netif/ethernet.o
LOAD ./Middlewares/Third_Party/LwIP/src/netif/lowpan6.o
LOAD ./Middlewares/Third_Party/LwIP/src/netif/lowpan6_ble.o
LOAD ./Middlewares/Third_Party/LwIP/src/netif/lowpan6_common.o
LOAD ./Middlewares/Third_Party/LwIP/src/netif/slipif.o
LOAD ./Middlewares/Third_Party/LwIP/src/netif/zepif.o
LOAD ./Middlewares/Third_Party/LwIP/src/netif/ppp/auth.o
LOAD ./Middlewares/Third_Party/LwIP/src/netif/ppp/ccp.o
LOAD ./Middlewares/Third_Party/LwIP/src/netif/ppp/chap-md5.o
LOAD ./Middlewares/Third_Party/LwIP/src/netif/ppp/chap-new.o
LOAD ./Middlewares/Third_Party/LwIP/src/netif/ppp/chap_ms.o
LOAD ./Middlewares/Third_Party/LwIP/src/netif/ppp/demand.o
LOAD ./Middlewares/Third_Party/LwIP/src/netif/ppp/eap.o
LOAD ./Middlewares/Third_Party/LwIP/src/netif/ppp/ecp.o
LOAD ./Middlewares/Third_Party/LwIP/src/netif/ppp/eui64.o
LOAD ./Middlewares/Third_Party/LwIP/src/netif/ppp/fsm.o
LOAD ./Middlewares/Third_Party/LwIP/src/netif/ppp/ipcp.o
LOAD ./Middlewares/Third_Party/LwIP/src/netif/ppp/ipv6cp.o
LOAD ./Middlewares/Third_Party/LwIP/src/netif/ppp/lcp.o
LOAD ./Middlewares/Third_Party/LwIP/src/netif/ppp/magic.o
LOAD ./Middlewares/Third_Party/LwIP/src/netif/ppp/mppe.o
LOAD ./Middlewares/Third_Party/LwIP/src/netif/ppp/multilink.o
LOAD ./Middlewares/Third_Party/LwIP/src/netif/ppp/ppp.o
LOAD ./Middlewares/Third_Party/LwIP/src/netif/ppp/pppapi.o
LOAD ./Middlewares/Third_Party/LwIP/src/netif/ppp/pppcrypt.o
LOAD ./Middlewares/Third_Party/LwIP/src/netif/ppp/pppoe.o
LOAD ./Middlewares/Third_Party/LwIP/src/netif/ppp/pppol2tp.o
LOAD ./Middlewares/Third_Party/LwIP/src/netif/ppp/pppos.o
LOAD ./Middlewares/Third_Party/LwIP/src/netif/ppp/upap.o
LOAD ./Middlewares/Third_Party/LwIP/src/netif/ppp/utils.o
LOAD ./Middlewares/Third_Party/LwIP/src/netif/ppp/vj.o
START GROUP
LOAD C:/ST/STM32CubeIDE_1.13.2/STM32CubeIDE/plugins/com.st.stm32cube.ide.mcu.externaltools.gnu-tools-for-stm32.11.3.rel1.win32_1.1.1.202309131626/tools/bin/../lib/gcc/arm-none-eabi/11.3.1/../../../../arm-none-eabi/lib/thumb/v7e-m+fp/hard\libc_nano.a
LOAD C:/ST/STM32CubeIDE_1.13.2/STM32CubeIDE/plugins/com.st.stm32cube.ide.mcu.externaltools.gnu-tools-for-stm32.11.3.rel1.win32_1.1.1.202309131626/tools/bin/../lib/gcc/arm-none-eabi/11.3.1/../../../../arm-none-eabi/lib/thumb/v7e-m+fp/hard\libm.a
END GROUP
START GROUP
LOAD C:/ST/STM32CubeIDE_1.13.2/STM32CubeIDE/plugins/com.st.stm32cube.ide.mcu.externaltools.gnu-tools-for-stm32.11.3.rel1.win32_1.1.1.202309131626/tools/bin/../lib/gcc/arm-none-eabi/11.3.1/thumb/v7e-m+fp/hard\libgcc.a
LOAD C:/ST/STM32CubeIDE_1.13.2/STM32CubeIDE/plugins/com.st.stm32cube.ide.mcu.externaltools.gnu-tools-for-stm32.11.3.rel1.win32_1.1.1.202309131626/tools/bin/../lib/gcc/arm-none-eabi/11.3.1/../../../../arm-none-eabi/lib/thumb/v7e-m+fp/hard\libc_nano.a
END GROUP
START GROUP
LOAD C:/ST/STM32CubeIDE_1.13.2/STM32CubeIDE/plugins/com.st.stm32cube.ide.mcu.externaltools.gnu-tools-for-stm32.11.3.rel1.win32_1.1.1.202309131626/tools/bin/../lib/gcc/arm-none-eabi/11.3.1/thumb/v7e-m+fp/hard\libgcc.a
LOAD C:/ST/STM32CubeIDE_1.13.2/STM32CubeIDE/plugins/com.st.stm32cube.ide.mcu.externaltools.gnu-tools-for-stm32.11.3.rel1.win32_1.1.1.202309131626/tools/bin/../lib/gcc/arm-none-eabi/11.3.1/../../../../arm-none-eabi/lib/thumb/v7e-m+fp/hard\libc_nano.a
LOAD C:/ST/STM32CubeIDE_1.13.2/STM32CubeIDE/plugins/com.st.stm32cube.ide.mcu.externaltools.gnu-tools-for-stm32.11.3.rel1.win32_1.1.1.202309131626/tools/bin/../lib/gcc/arm-none-eabi/11.3.1/../../../../arm-none-eabi/lib/thumb/v7e-m+fp/hard\libnosys.a
END GROUP
START GROUP
LOAD C:/ST/STM32CubeIDE_1.13.2/STM32CubeIDE/plugins/com.st.stm32cube.ide.mcu.externaltools.gnu-tools-for-stm32.11.3.rel1.win32_1.1.1.202309131626/tools/bin/../lib/gcc/arm-none-eabi/11.3.1/thumb/v7e-m+fp/hard\libgcc.a
LOAD C:/ST/STM32CubeIDE_1.13.2/STM32CubeIDE/plugins/com.st.stm32cube.ide.mcu.externaltools.gnu-tools-for-stm32.11.3.rel1.win32_1.1.1.202309131626/tools/bin/../lib/gcc/arm-none-eabi/11.3.1/../../../../arm-none-eabi/lib/thumb/v7e-m+fp/hard\libc_nano.a
LOAD C:/ST/STM32CubeIDE_1.13.2/STM32CubeIDE/plugins/com.st.stm32cube.ide.mcu.externaltools.gnu-tools-for-stm32.11.3.rel1.win32_1.1.1.202309131626/tools/bin/../lib/gcc/arm-none-eabi/11.3.1/../../../../arm-none-eabi/lib/thumb/v7e-m+fp/hard\libnosys.a
END GROUP
LOAD C:/ST/STM32CubeIDE_1.13.2/STM32CubeIDE/plugins/com.st.stm32cube.ide.mcu.externaltools.gnu-tools-for-stm32.11.3.rel1.win32_1.1.1.202309131626/tools/bin/../lib/gcc/arm-none-eabi/11.3.1/thumb/v7e-m+fp/hard/crtend.o
LOAD C:/ST/STM32CubeIDE_1.13.2/STM32CubeIDE/plugins/com.st.stm32cube.ide.mcu.externaltools.gnu-tools-for-stm32.11.3.rel1.win32_1.1.1.202309131626/tools/bin/../lib/gcc/arm-none-eabi/11.3.1/thumb/v7e-m+fp/hard/crtn.o
                0x0000000020020000                _estack = (ORIGIN (RAM) + LENGTH (RAM))
                0x0000000000000200                _Min_Heap_Size = 0x200
                0x0000000000000400                _Min_Stack_Size = 0x400

.isr_vector     0x0000000008000000      0x188
                0x0000000008000000                . = ALIGN (0x4)
 *(.isr_vector)
 .isr_vector    0x0000000008000000      0x188 ./Core/Startup/startup_stm32f407vetx.o
                0x0000000008000000                g_pfnVectors
                0x0000000008000188                . = ALIGN (0x4)

.text           0x0000000008000190     0x9940
                0x0000000008000190                . = ALIGN (0x4)
 *(.text)
 .text          0x0000000008000190       0x40 C:/ST/STM32CubeIDE_1.13.2/STM32CubeIDE/plugins/com.st.stm32cube.ide.mcu.externaltools.gnu-tools-for-stm32.11.3.rel1.win32_1.1.1.202309131626/tools/bin/../lib/gcc/arm-none-eabi/11.3.1/thumb/v7e-m+fp/hard/crtbegin.o
 .text          0x00000000080001d0       0x10 C:/ST/STM32CubeIDE_1.13.2/STM32CubeIDE/plugins/com.st.stm32cube.ide.mcu.externaltools.gnu-tools-for-stm32.11.3.rel1.win32_1.1.1.202309131626/tools/bin/../lib/gcc/arm-none-eabi/11.3.1/../../../../arm-none-eabi/lib/thumb/v7e-m+fp/hard\libc_nano.a(libc_a-strlen.o)
                0x00000000080001d0                strlen
 .text          0x00000000080001e0       0xa0 C:/ST/STM32CubeIDE_1.13.2/STM32CubeIDE/plugins/com.st.stm32cube.ide.mcu.externaltools.gnu-tools-for-stm32.11.3.rel1.win32_1.1.1.202309131626/tools/bin/../lib/gcc/arm-none-eabi/11.3.1/../../../../arm-none-eabi/lib/thumb/v7e-m+fp/hard\libc_nano.a(libc_a-memchr.o)
                0x00000000080001e0                memchr
 .text          0x0000000008000280       0x30 C:/ST/STM32CubeIDE_1.13.2/STM32CubeIDE/plugins/com.st.stm32cube.ide.mcu.externaltools.gnu-tools-for-stm32.11.3.rel1.win32_1.1.1.202309131626/tools/bin/../lib/gcc/arm-none-eabi/11.3.1/thumb/v7e-m+fp/hard\libgcc.a(_aeabi_uldivmod.o)
                0x0000000008000280                __aeabi_uldivmod
 .text          0x00000000080002b0      0x2c8 C:/ST/STM32CubeIDE_1.13.2/STM32CubeIDE/plugins/com.st.stm32cube.ide.mcu.externaltools.gnu-tools-for-stm32.11.3.rel1.win32_1.1.1.202309131626/tools/bin/../lib/gcc/arm-none-eabi/11.3.1/thumb/v7e-m+fp/hard\libgcc.a(_udivmoddi4.o)
                0x00000000080002b0                __udivmoddi4
 .text          0x0000000008000578        0x4 C:/ST/STM32CubeIDE_1.13.2/STM32CubeIDE/plugins/com.st.stm32cube.ide.mcu.externaltools.gnu-tools-for-stm32.11.3.rel1.win32_1.1.1.202309131626/tools/bin/../lib/gcc/arm-none-eabi/11.3.1/thumb/v7e-m+fp/hard\libgcc.a(_dvmd_tls.o)
                0x0000000008000578                __aeabi_idiv0
                0x0000000008000578                __aeabi_ldiv0
 *(.text*)
 .text.nok      0x000000000800057c       0x18 ./Core/Src/command_manager.o
                0x000000000800057c                nok
 .text.hello    0x0000000008000594       0x1c ./Core/Src/command_manager.o
                0x0000000008000594                hello
 .text.initialize_function_map
                0x00000000080005b0       0x18 ./Core/Src/command_manager.o
                0x00000000080005b0                initialize_function_map
 .text.handle_request
                0x00000000080005c8       0x28 ./Core/Src/command_manager.o
                0x00000000080005c8                handle_request
 .text.SystemClock_Config
                0x00000000080005f0       0xa0 ./Core/Src/main.o
                0x00000000080005f0                SystemClock_Config
 .text.startup.main
                0x0000000008000690       0xb4 ./Core/Src/main.o
                0x0000000008000690                main
 .text.HAL_UART_RxCpltCallback
                0x0000000008000744       0x3c ./Core/Src/main.o
                0x0000000008000744                HAL_UART_RxCpltCallback
 .text.Error_Handler
                0x0000000008000780        0x4 ./Core/Src/main.o
                0x0000000008000780                Error_Handler
 .text.deserialize_message
                0x0000000008000784        0x6 ./Core/Src/message.o
                0x0000000008000784                deserialize_message
 .text.serialize_message
                0x000000000800078a        0x6 ./Core/Src/message.o
                0x000000000800078a                serialize_message
 .text.HAL_MspInit
                0x0000000008000790       0x38 ./Core/Src/stm32f4xx_hal_msp.o
                0x0000000008000790                HAL_MspInit
 .text.HAL_UART_MspInit
                0x00000000080007c8       0x7c ./Core/Src/stm32f4xx_hal_msp.o
                0x00000000080007c8                HAL_UART_MspInit
 .text.NMI_Handler
                0x0000000008000844        0x2 ./Core/Src/stm32f4xx_it.o
                0x0000000008000844                NMI_Handler
 .text.HardFault_Handler
                0x0000000008000846        0x2 ./Core/Src/stm32f4xx_it.o
                0x0000000008000846                HardFault_Handler
 .text.MemManage_Handler
                0x0000000008000848        0x2 ./Core/Src/stm32f4xx_it.o
                0x0000000008000848                MemManage_Handler
 .text.BusFault_Handler
                0x000000000800084a        0x2 ./Core/Src/stm32f4xx_it.o
                0x000000000800084a                BusFault_Handler
 .text.UsageFault_Handler
                0x000000000800084c        0x2 ./Core/Src/stm32f4xx_it.o
                0x000000000800084c                UsageFault_Handler
 .text.SVC_Handler
                0x000000000800084e        0x2 ./Core/Src/stm32f4xx_it.o
                0x000000000800084e                SVC_Handler
 .text.DebugMon_Handler
                0x0000000008000850        0x2 ./Core/Src/stm32f4xx_it.o
                0x0000000008000850                DebugMon_Handler
 .text.PendSV_Handler
                0x0000000008000852        0x2 ./Core/Src/stm32f4xx_it.o
                0x0000000008000852                PendSV_Handler
 .text.SysTick_Handler
                0x0000000008000854        0x4 ./Core/Src/stm32f4xx_it.o
                0x0000000008000854                SysTick_Handler
 .text.UART4_IRQHandler
                0x0000000008000858        0xc ./Core/Src/stm32f4xx_it.o
                0x0000000008000858                UART4_IRQHandler
 .text._getpid  0x0000000008000864        0x4 ./Core/Src/syscalls.o
                0x0000000008000864                _getpid
 .text._kill    0x0000000008000868       0x10 ./Core/Src/syscalls.o
                0x0000000008000868                _kill
 .text._exit    0x0000000008000878        0xc ./Core/Src/syscalls.o
                0x0000000008000878                _exit
 .text._read    0x0000000008000884       0x1c ./Core/Src/syscalls.o
                0x0000000008000884                _read
 .text._write   0x00000000080008a0       0x1c ./Core/Src/syscalls.o
                0x00000000080008a0                _write
 .text._close   0x00000000080008bc        0x6 ./Core/Src/syscalls.o
                0x00000000080008bc                _close
 .text._fstat   0x00000000080008c2        0xa ./Core/Src/syscalls.o
                0x00000000080008c2                _fstat
 .text._isatty  0x00000000080008cc        0x4 ./Core/Src/syscalls.o
                0x00000000080008cc                _isatty
 .text._lseek   0x00000000080008d0        0x4 ./Core/Src/syscalls.o
                0x00000000080008d0                _lseek
 .text._sbrk    0x00000000080008d4       0x40 ./Core/Src/sysmem.o
                0x00000000080008d4                _sbrk
 .text.SystemInit
                0x0000000008000914       0x14 ./Core/Src/system_stm32f4xx.o
                0x0000000008000914                SystemInit
 .text.tcp_server_error
                0x0000000008000928        0x2 ./Core/Src/tcp_server.o
 *fill*         0x000000000800092a        0x2 
 .text.tcp_server_accept
                0x000000000800092c       0x2c ./Core/Src/tcp_server.o
 .text.tcp_server_recv
                0x0000000008000958       0x88 ./Core/Src/tcp_server.o
 .text.tcp_server_init
                0x00000000080009e0       0x3c ./Core/Src/tcp_server.o
                0x00000000080009e0                tcp_server_init
 .text.Reset_Handler
                0x0000000008000a1c       0x50 ./Core/Startup/startup_stm32f407vetx.o
                0x0000000008000a1c                Reset_Handler
 .text.Default_Handler
                0x0000000008000a6c        0x2 ./Core/Startup/startup_stm32f407vetx.o
                0x0000000008000a6c                RTC_Alarm_IRQHandler
                0x0000000008000a6c                HASH_RNG_IRQHandler
                0x0000000008000a6c                EXTI2_IRQHandler
                0x0000000008000a6c                TIM8_CC_IRQHandler
                0x0000000008000a6c                TIM1_CC_IRQHandler
                0x0000000008000a6c                DMA2_Stream5_IRQHandler
                0x0000000008000a6c                DMA1_Stream5_IRQHandler
                0x0000000008000a6c                PVD_IRQHandler
                0x0000000008000a6c                SDIO_IRQHandler
                0x0000000008000a6c                TAMP_STAMP_IRQHandler
                0x0000000008000a6c                CAN2_RX1_IRQHandler
                0x0000000008000a6c                EXTI3_IRQHandler
                0x0000000008000a6c                TIM8_TRG_COM_TIM14_IRQHandler
                0x0000000008000a6c                TIM1_UP_TIM10_IRQHandler
                0x0000000008000a6c                TIM8_UP_TIM13_IRQHandler
                0x0000000008000a6c                I2C3_ER_IRQHandler
                0x0000000008000a6c                EXTI0_IRQHandler
                0x0000000008000a6c                I2C2_EV_IRQHandler
                0x0000000008000a6c                DMA1_Stream2_IRQHandler
                0x0000000008000a6c                CAN1_RX0_IRQHandler
                0x0000000008000a6c                FPU_IRQHandler
                0x0000000008000a6c                OTG_HS_WKUP_IRQHandler
                0x0000000008000a6c                CAN2_SCE_IRQHandler
                0x0000000008000a6c                DMA2_Stream2_IRQHandler
                0x0000000008000a6c                SPI1_IRQHandler
                0x0000000008000a6c                TIM6_DAC_IRQHandler
                0x0000000008000a6c                TIM1_BRK_TIM9_IRQHandler
                0x0000000008000a6c                DCMI_IRQHandler
                0x0000000008000a6c                CAN2_RX0_IRQHandler
                0x0000000008000a6c                DMA2_Stream3_IRQHandler
                0x0000000008000a6c                USART6_IRQHandler
                0x0000000008000a6c                USART3_IRQHandler
                0x0000000008000a6c                CAN1_RX1_IRQHandler
                0x0000000008000a6c                UART5_IRQHandler
                0x0000000008000a6c                DMA2_Stream0_IRQHandler
                0x0000000008000a6c                TIM4_IRQHandler
                0x0000000008000a6c                I2C1_EV_IRQHandler
                0x0000000008000a6c                DMA1_Stream6_IRQHandler
                0x0000000008000a6c                DMA1_Stream1_IRQHandler
                0x0000000008000a6c                TIM3_IRQHandler
                0x0000000008000a6c                RCC_IRQHandler
                0x0000000008000a6c                TIM8_BRK_TIM12_IRQHandler
                0x0000000008000a6c                Default_Handler
                0x0000000008000a6c                EXTI15_10_IRQHandler
                0x0000000008000a6c                ADC_IRQHandler
                0x0000000008000a6c                DMA1_Stream7_IRQHandler
                0x0000000008000a6c                TIM7_IRQHandler
                0x0000000008000a6c                CAN2_TX_IRQHandler
                0x0000000008000a6c                TIM5_IRQHandler
                0x0000000008000a6c                DMA2_Stream7_IRQHandler
                0x0000000008000a6c                I2C3_EV_IRQHandler
                0x0000000008000a6c                EXTI9_5_IRQHandler
                0x0000000008000a6c                RTC_WKUP_IRQHandler
                0x0000000008000a6c                ETH_WKUP_IRQHandler
                0x0000000008000a6c                SPI2_IRQHandler
                0x0000000008000a6c                OTG_HS_EP1_IN_IRQHandler
                0x0000000008000a6c                DMA1_Stream0_IRQHandler
                0x0000000008000a6c                CAN1_TX_IRQHandler
                0x0000000008000a6c                EXTI4_IRQHandler
                0x0000000008000a6c                FSMC_IRQHandler
                0x0000000008000a6c                ETH_IRQHandler
                0x0000000008000a6c                OTG_HS_EP1_OUT_IRQHandler
                0x0000000008000a6c                WWDG_IRQHandler
                0x0000000008000a6c                TIM2_IRQHandler
                0x0000000008000a6c                OTG_FS_WKUP_IRQHandler
                0x0000000008000a6c                TIM1_TRG_COM_TIM11_IRQHandler
                0x0000000008000a6c                OTG_HS_IRQHandler
                0x0000000008000a6c                EXTI1_IRQHandler
                0x0000000008000a6c                USART2_IRQHandler
                0x0000000008000a6c                I2C2_ER_IRQHandler
                0x0000000008000a6c                DMA2_Stream1_IRQHandler
                0x0000000008000a6c                CAN1_SCE_IRQHandler
                0x0000000008000a6c                FLASH_IRQHandler
                0x0000000008000a6c                DMA2_Stream4_IRQHandler
                0x0000000008000a6c                USART1_IRQHandler
                0x0000000008000a6c                OTG_FS_IRQHandler
                0x0000000008000a6c                SPI3_IRQHandler
                0x0000000008000a6c                DMA1_Stream4_IRQHandler
                0x0000000008000a6c                I2C1_ER_IRQHandler
                0x0000000008000a6c                DMA2_Stream6_IRQHandler
                0x0000000008000a6c                DMA1_Stream3_IRQHandler
 .text.LAN8742_RegisterBusIO
                0x0000000008000a6e       0x28 ./Drivers/BSP/Components/lan8742/lan8742.o
                0x0000000008000a6e                LAN8742_RegisterBusIO
 .text.LAN8742_Init
                0x0000000008000a96       0xc2 ./Drivers/BSP/Components/lan8742/lan8742.o
                0x0000000008000a96                LAN8742_Init
 .text.LAN8742_GetLinkState
                0x0000000008000b58       0x94 ./Drivers/BSP/Components/lan8742/lan8742.o
                0x0000000008000b58                LAN8742_GetLinkState
 .text.HAL_InitTick
                0x0000000008000bec       0x48 ./Drivers/STM32F4xx_HAL_Driver/Src/stm32f4xx_hal.o
                0x0000000008000bec                HAL_InitTick
 .text.HAL_Init
                0x0000000008000c34       0x34 ./Drivers/STM32F4xx_HAL_Driver/Src/stm32f4xx_hal.o
                0x0000000008000c34                HAL_Init
 .text.HAL_IncTick
                0x0000000008000c68       0x18 ./Drivers/STM32F4xx_HAL_Driver/Src/stm32f4xx_hal.o
                0x0000000008000c68                HAL_IncTick
 .text.HAL_GetTick
                0x0000000008000c80        0xc ./Drivers/STM32F4xx_HAL_Driver/Src/stm32f4xx_hal.o
                0x0000000008000c80                HAL_GetTick
 .text.HAL_Delay
                0x0000000008000c8c       0x28 ./Drivers/STM32F4xx_HAL_Driver/Src/stm32f4xx_hal.o
                0x0000000008000c8c                HAL_Delay
 .text.HAL_NVIC_SetPriorityGrouping
                0x0000000008000cb4       0x24 ./Drivers/STM32F4xx_HAL_Driver/Src/stm32f4xx_hal_cortex.o
                0x0000000008000cb4                HAL_NVIC_SetPriorityGrouping
 .text.HAL_NVIC_SetPriority
                0x0000000008000cd8       0x64 ./Drivers/STM32F4xx_HAL_Driver/Src/stm32f4xx_hal_cortex.o
                0x0000000008000cd8                HAL_NVIC_SetPriority
 .text.HAL_NVIC_EnableIRQ
                0x0000000008000d3c       0x1c ./Drivers/STM32F4xx_HAL_Driver/Src/stm32f4xx_hal_cortex.o
                0x0000000008000d3c                HAL_NVIC_EnableIRQ
 .text.HAL_SYSTICK_Config
                0x0000000008000d58       0x28 ./Drivers/STM32F4xx_HAL_Driver/Src/stm32f4xx_hal_cortex.o
                0x0000000008000d58                HAL_SYSTICK_Config
 .text.HAL_DMA_Abort
                0x0000000008000d80       0x7e ./Drivers/STM32F4xx_HAL_Driver/Src/stm32f4xx_hal_dma.o
                0x0000000008000d80                HAL_DMA_Abort
 .text.HAL_DMA_Abort_IT
                0x0000000008000dfe       0x24 ./Drivers/STM32F4xx_HAL_Driver/Src/stm32f4xx_hal_dma.o
                0x0000000008000dfe                HAL_DMA_Abort_IT
 *fill*         0x0000000008000e22        0x2 
 .text.ETH_Prepare_Tx_Descriptors
                0x0000000008000e24      0x150 ./Drivers/STM32F4xx_HAL_Driver/Src/stm32f4xx_hal_eth.o
 .text.ETH_SetMACConfig
                0x0000000008000f74       0xe4 ./Drivers/STM32F4xx_HAL_Driver/Src/stm32f4xx_hal_eth.o
 .text.ETH_SetDMAConfig
                0x0000000008001058       0xa4 ./Drivers/STM32F4xx_HAL_Driver/Src/stm32f4xx_hal_eth.o
 .text.ETH_FlushTransmitFIFO
                0x00000000080010fc       0x2e ./Drivers/STM32F4xx_HAL_Driver/Src/stm32f4xx_hal_eth.o
 *fill*         0x000000000800112a        0x2 
 .text.ETH_UpdateDescriptor
                0x000000000800112c       0x90 ./Drivers/STM32F4xx_HAL_Driver/Src/stm32f4xx_hal_eth.o
 .text.HAL_ETH_Init
                0x00000000080011bc      0x1d4 ./Drivers/STM32F4xx_HAL_Driver/Src/stm32f4xx_hal_eth.o
                0x00000000080011bc                HAL_ETH_Init
 .text.HAL_ETH_Start
                0x0000000008001390       0x6c ./Drivers/STM32F4xx_HAL_Driver/Src/stm32f4xx_hal_eth.o
                0x0000000008001390                HAL_ETH_Start
 .text.HAL_ETH_Stop
                0x00000000080013fc       0x64 ./Drivers/STM32F4xx_HAL_Driver/Src/stm32f4xx_hal_eth.o
                0x00000000080013fc                HAL_ETH_Stop
 .text.HAL_ETH_Transmit
                0x0000000008001460       0xb0 ./Drivers/STM32F4xx_HAL_Driver/Src/stm32f4xx_hal_eth.o
                0x0000000008001460                HAL_ETH_Transmit
 .text.HAL_ETH_ReadData
                0x0000000008001510       0xf6 ./Drivers/STM32F4xx_HAL_Driver/Src/stm32f4xx_hal_eth.o
                0x0000000008001510                HAL_ETH_ReadData
 .text.HAL_ETH_ReadPHYRegister
                0x0000000008001606       0x50 ./Drivers/STM32F4xx_HAL_Driver/Src/stm32f4xx_hal_eth.o
                0x0000000008001606                HAL_ETH_ReadPHYRegister
 .text.HAL_ETH_WritePHYRegister
                0x0000000008001656       0x4a ./Drivers/STM32F4xx_HAL_Driver/Src/stm32f4xx_hal_eth.o
                0x0000000008001656                HAL_ETH_WritePHYRegister
 .text.HAL_ETH_GetMACConfig
                0x00000000080016a0       0xc4 ./Drivers/STM32F4xx_HAL_Driver/Src/stm32f4xx_hal_eth.o
                0x00000000080016a0                HAL_ETH_GetMACConfig
 .text.HAL_ETH_SetMACConfig
                0x0000000008001764       0x18 ./Drivers/STM32F4xx_HAL_Driver/Src/stm32f4xx_hal_eth.o
                0x0000000008001764                HAL_ETH_SetMACConfig
 .text.HAL_ETH_SetMDIOClockRange
                0x000000000800177c       0x74 ./Drivers/STM32F4xx_HAL_Driver/Src/stm32f4xx_hal_eth.o
                0x000000000800177c                HAL_ETH_SetMDIOClockRange
 .text.HAL_GPIO_Init
                0x00000000080017f0      0x1b4 ./Drivers/STM32F4xx_HAL_Driver/Src/stm32f4xx_hal_gpio.o
                0x00000000080017f0                HAL_GPIO_Init
 .text.HAL_RCC_OscConfig
                0x00000000080019a4      0x358 ./Drivers/STM32F4xx_HAL_Driver/Src/stm32f4xx_hal_rcc.o
                0x00000000080019a4                HAL_RCC_OscConfig
 .text.HAL_RCC_GetSysClockFreq
                0x0000000008001cfc       0x5c ./Drivers/STM32F4xx_HAL_Driver/Src/stm32f4xx_hal_rcc.o
                0x0000000008001cfc                HAL_RCC_GetSysClockFreq
 .text.HAL_RCC_ClockConfig
                0x0000000008001d58      0x134 ./Drivers/STM32F4xx_HAL_Driver/Src/stm32f4xx_hal_rcc.o
                0x0000000008001d58                HAL_RCC_ClockConfig
 .text.HAL_RCC_GetHCLKFreq
                0x0000000008001e8c        0xc ./Drivers/STM32F4xx_HAL_Driver/Src/stm32f4xx_hal_rcc.o
                0x0000000008001e8c                HAL_RCC_GetHCLKFreq
 .text.HAL_RCC_GetPCLK1Freq
                0x0000000008001e98       0x20 ./Drivers/STM32F4xx_HAL_Driver/Src/stm32f4xx_hal_rcc.o
                0x0000000008001e98                HAL_RCC_GetPCLK1Freq
 .text.HAL_RCC_GetPCLK2Freq
                0x0000000008001eb8       0x20 ./Drivers/STM32F4xx_HAL_Driver/Src/stm32f4xx_hal_rcc.o
                0x0000000008001eb8                HAL_RCC_GetPCLK2Freq
 .text.UART_EndRxTransfer
                0x0000000008001ed8       0x5c ./Drivers/STM32F4xx_HAL_Driver/Src/stm32f4xx_hal_uart.o
 .text.UART_SetConfig
                0x0000000008001f34       0xbc ./Drivers/STM32F4xx_HAL_Driver/Src/stm32f4xx_hal_uart.o
 .text.HAL_UART_Init
                0x0000000008001ff0       0x5c ./Drivers/STM32F4xx_HAL_Driver/Src/stm32f4xx_hal_uart.o
                0x0000000008001ff0                HAL_UART_Init
 .text.HAL_UART_Transmit_IT
                0x000000000800204c       0x3e ./Drivers/STM32F4xx_HAL_Driver/Src/stm32f4xx_hal_uart.o
                0x000000000800204c                HAL_UART_Transmit_IT
 .text.HAL_UART_TxCpltCallback
                0x000000000800208a        0x2 ./Drivers/STM32F4xx_HAL_Driver/Src/stm32f4xx_hal_uart.o
                0x000000000800208a                HAL_UART_TxCpltCallback
 .text.HAL_UART_ErrorCallback
                0x000000000800208c        0x2 ./Drivers/STM32F4xx_HAL_Driver/Src/stm32f4xx_hal_uart.o
                0x000000000800208c                HAL_UART_ErrorCallback
 .text.UART_DMAAbortOnError
                0x000000000800208e       0x10 ./Drivers/STM32F4xx_HAL_Driver/Src/stm32f4xx_hal_uart.o
 .text.HAL_UARTEx_RxEventCallback
                0x000000000800209e        0x2 ./Drivers/STM32F4xx_HAL_Driver/Src/stm32f4xx_hal_uart.o
                0x000000000800209e                HAL_UARTEx_RxEventCallback
 .text.UART_Receive_IT.isra.0
                0x00000000080020a0       0xb4 ./Drivers/STM32F4xx_HAL_Driver/Src/stm32f4xx_hal_uart.o
 .text.HAL_UART_IRQHandler
                0x0000000008002154      0x28c ./Drivers/STM32F4xx_HAL_Driver/Src/stm32f4xx_hal_uart.o
                0x0000000008002154                HAL_UART_IRQHandler
 .text.UART_Start_Receive_IT
                0x00000000080023e0       0x36 ./Drivers/STM32F4xx_HAL_Driver/Src/stm32f4xx_hal_uart.o
                0x00000000080023e0                UART_Start_Receive_IT
 .text.HAL_UART_Receive_IT
                0x0000000008002416       0x30 ./Drivers/STM32F4xx_HAL_Driver/Src/stm32f4xx_hal_uart.o
                0x0000000008002416                HAL_UART_Receive_IT
 .text.ethernet_link_status_updated
                0x0000000008002446        0x2 ./LWIP/App/lwip.o
 .text.MX_LWIP_Init
                0x0000000008002448       0xa8 ./LWIP/App/lwip.o
                0x0000000008002448                MX_LWIP_Init
 .text.MX_LWIP_Process
                0x00000000080024f0       0x34 ./LWIP/App/lwip.o
                0x00000000080024f0                MX_LWIP_Process
 .text.ETH_PHY_IO_DeInit
                0x0000000008002524        0x4 ./LWIP/Target/ethernetif.o
                0x0000000008002524                ETH_PHY_IO_DeInit
 .text.low_level_output
                0x0000000008002528       0x60 ./LWIP/Target/ethernetif.o
 .text.pbuf_free_custom
                0x0000000008002588       0x20 ./LWIP/Target/ethernetif.o
                0x0000000008002588                pbuf_free_custom
 .text.ETH_PHY_IO_GetTick
                0x00000000080025a8        0x4 ./LWIP/Target/ethernetif.o
                0x00000000080025a8                ETH_PHY_IO_GetTick
 .text.ETH_PHY_IO_Init
                0x00000000080025ac       0x10 ./LWIP/Target/ethernetif.o
                0x00000000080025ac                ETH_PHY_IO_Init
 .text.ETH_PHY_IO_ReadReg
                0x00000000080025bc       0x1c ./LWIP/Target/ethernetif.o
                0x00000000080025bc                ETH_PHY_IO_ReadReg
 .text.ETH_PHY_IO_WriteReg
                0x00000000080025d8       0x1c ./LWIP/Target/ethernetif.o
                0x00000000080025d8                ETH_PHY_IO_WriteReg
 .text.ethernetif_input
                0x00000000080025f4       0x44 ./LWIP/Target/ethernetif.o
                0x00000000080025f4                ethernetif_input
 .text.sys_now  0x0000000008002638        0x4 ./LWIP/Target/ethernetif.o
                0x0000000008002638                sys_now
 .text.HAL_ETH_MspInit
                0x000000000800263c       0xec ./LWIP/Target/ethernetif.o
                0x000000000800263c                HAL_ETH_MspInit
 .text.ethernet_link_check_state
                0x0000000008002728       0x8c ./LWIP/Target/ethernetif.o
                0x0000000008002728                ethernet_link_check_state
 .text.ethernetif_init
                0x00000000080027b4      0x10c ./LWIP/Target/ethernetif.o
                0x00000000080027b4                ethernetif_init
 .text.HAL_ETH_RxAllocateCallback
                0x00000000080028c0       0x44 ./LWIP/Target/ethernetif.o
                0x00000000080028c0                HAL_ETH_RxAllocateCallback
 .text.HAL_ETH_RxLinkCallback
                0x0000000008002904       0x32 ./LWIP/Target/ethernetif.o
                0x0000000008002904                HAL_ETH_RxLinkCallback
 .text.lwip_htons
                0x0000000008002936        0x6 ./Middlewares/Third_Party/LwIP/src/core/def.o
                0x0000000008002936                lwip_htons
 .text.lwip_htonl
                0x000000000800293c        0x4 ./Middlewares/Third_Party/LwIP/src/core/def.o
                0x000000000800293c                lwip_htonl
 .text.lwip_init
                0x0000000008002940       0x1e ./Middlewares/Third_Party/LwIP/src/core/init.o
                0x0000000008002940                lwip_init
 *fill*         0x000000000800295e        0x2 
 .text.mem_init
                0x0000000008002960       0x44 ./Middlewares/Third_Party/LwIP/src/core/mem.o
                0x0000000008002960                mem_init
 .text.mem_free
                0x00000000080029a4      0x170 ./Middlewares/Third_Party/LwIP/src/core/mem.o
                0x00000000080029a4                mem_free
 .text.mem_trim
                0x0000000008002b14      0x148 ./Middlewares/Third_Party/LwIP/src/core/mem.o
                0x0000000008002b14                mem_trim
 .text.mem_malloc
                0x0000000008002c5c      0x144 ./Middlewares/Third_Party/LwIP/src/core/mem.o
                0x0000000008002c5c                mem_malloc
 .text.do_memp_free_pool
                0x0000000008002da0       0x30 ./Middlewares/Third_Party/LwIP/src/core/memp.o
 .text.do_memp_malloc_pool.isra.0
                0x0000000008002dd0       0x2c ./Middlewares/Third_Party/LwIP/src/core/memp.o
 .text.memp_init_pool
                0x0000000008002dfc       0x26 ./Middlewares/Third_Party/LwIP/src/core/memp.o
                0x0000000008002dfc                memp_init_pool
 *fill*         0x0000000008002e22        0x2 
 .text.memp_init
                0x0000000008002e24       0x1c ./Middlewares/Third_Party/LwIP/src/core/memp.o
                0x0000000008002e24                memp_init
 .text.memp_malloc_pool
                0x0000000008002e40       0x30 ./Middlewares/Third_Party/LwIP/src/core/memp.o
                0x0000000008002e40                memp_malloc_pool
 .text.memp_malloc
                0x0000000008002e70       0x38 ./Middlewares/Third_Party/LwIP/src/core/memp.o
                0x0000000008002e70                memp_malloc
 .text.memp_free_pool
                0x0000000008002ea8       0x28 ./Middlewares/Third_Party/LwIP/src/core/memp.o
                0x0000000008002ea8                memp_free_pool
 .text.memp_free
                0x0000000008002ed0       0x30 ./Middlewares/Third_Party/LwIP/src/core/memp.o
                0x0000000008002ed0                memp_free
 .text.netif_null_output_ip4
                0x0000000008002f00        0x6 ./Middlewares/Third_Party/LwIP/src/core/netif.o
 *fill*         0x0000000008002f06        0x2 
 .text.netif_issue_reports
                0x0000000008002f08       0x44 ./Middlewares/Third_Party/LwIP/src/core/netif.o
 .text.netif_do_set_ipaddr.isra.0
                0x0000000008002f4c       0x50 ./Middlewares/Third_Party/LwIP/src/core/netif.o
 .text.netif_init
                0x0000000008002f9c        0x2 ./Middlewares/Third_Party/LwIP/src/core/netif.o
                0x0000000008002f9c                netif_init
 *fill*         0x0000000008002f9e        0x2 
 .text.netif_set_addr
                0x0000000008002fa0       0x58 ./Middlewares/Third_Party/LwIP/src/core/netif.o
                0x0000000008002fa0                netif_set_addr
 .text.netif_add
                0x0000000008002ff8      0x12c ./Middlewares/Third_Party/LwIP/src/core/netif.o
                0x0000000008002ff8                netif_add
 .text.netif_set_default
                0x0000000008003124        0xc ./Middlewares/Third_Party/LwIP/src/core/netif.o
                0x0000000008003124                netif_set_default
 .text.netif_set_up
                0x0000000008003130       0x34 ./Middlewares/Third_Party/LwIP/src/core/netif.o
                0x0000000008003130                netif_set_up
 .text.netif_set_down
                0x0000000008003164       0x38 ./Middlewares/Third_Party/LwIP/src/core/netif.o
                0x0000000008003164                netif_set_down
 .text.netif_set_link_up
                0x000000000800319c       0x48 ./Middlewares/Third_Party/LwIP/src/core/netif.o
                0x000000000800319c                netif_set_link_up
 .text.netif_set_link_down
                0x00000000080031e4       0x34 ./Middlewares/Third_Party/LwIP/src/core/netif.o
                0x00000000080031e4                netif_set_link_down
 .text.netif_set_link_callback
                0x0000000008003218        0x6 ./Middlewares/Third_Party/LwIP/src/core/netif.o
                0x0000000008003218                netif_set_link_callback
 *fill*         0x000000000800321e        0x2 
 .text.netif_get_by_index
                0x0000000008003220       0x20 ./Middlewares/Third_Party/LwIP/src/core/netif.o
                0x0000000008003220                netif_get_by_index
 .text.pbuf_add_header_impl
                0x0000000008003240       0x64 ./Middlewares/Third_Party/LwIP/src/core/pbuf.o
 .text.pbuf_free_ooseq
                0x00000000080032a4       0x24 ./Middlewares/Third_Party/LwIP/src/core/pbuf.o
                0x00000000080032a4                pbuf_free_ooseq
 .text.pbuf_alloc_reference
                0x00000000080032c8       0x48 ./Middlewares/Third_Party/LwIP/src/core/pbuf.o
                0x00000000080032c8                pbuf_alloc_reference
 .text.pbuf_alloced_custom
                0x0000000008003310       0x34 ./Middlewares/Third_Party/LwIP/src/core/pbuf.o
                0x0000000008003310                pbuf_alloced_custom
 .text.pbuf_add_header
                0x0000000008003344        0x6 ./Middlewares/Third_Party/LwIP/src/core/pbuf.o
                0x0000000008003344                pbuf_add_header
 *fill*         0x000000000800334a        0x2 
 .text.pbuf_remove_header
                0x000000000800334c       0x58 ./Middlewares/Third_Party/LwIP/src/core/pbuf.o
                0x000000000800334c                pbuf_remove_header
 .text.pbuf_header_force
                0x00000000080033a4       0x10 ./Middlewares/Third_Party/LwIP/src/core/pbuf.o
                0x00000000080033a4                pbuf_header_force
 .text.pbuf_free
                0x00000000080033b4       0xc8 ./Middlewares/Third_Party/LwIP/src/core/pbuf.o
                0x00000000080033b4                pbuf_free
 .text.pbuf_alloc
                0x000000000800347c      0x100 ./Middlewares/Third_Party/LwIP/src/core/pbuf.o
                0x000000000800347c                pbuf_alloc
 .text.pbuf_realloc
                0x000000000800357c       0xb0 ./Middlewares/Third_Party/LwIP/src/core/pbuf.o
                0x000000000800357c                pbuf_realloc
 .text.pbuf_clen
                0x000000000800362c       0x10 ./Middlewares/Third_Party/LwIP/src/core/pbuf.o
                0x000000000800362c                pbuf_clen
 .text.pbuf_ref
                0x000000000800363c       0x28 ./Middlewares/Third_Party/LwIP/src/core/pbuf.o
                0x000000000800363c                pbuf_ref
 .text.pbuf_cat
                0x0000000008003664       0x74 ./Middlewares/Third_Party/LwIP/src/core/pbuf.o
                0x0000000008003664                pbuf_cat
 .text.pbuf_copy
                0x00000000080036d8      0x104 ./Middlewares/Third_Party/LwIP/src/core/pbuf.o
                0x00000000080036d8                pbuf_copy
 .text.pbuf_copy_partial
                0x00000000080037dc       0x8c ./Middlewares/Third_Party/LwIP/src/core/pbuf.o
                0x00000000080037dc                pbuf_copy_partial
 .text.pbuf_clone
                0x0000000008003868       0x38 ./Middlewares/Third_Party/LwIP/src/core/pbuf.o
                0x0000000008003868                pbuf_clone
 .text.tcp_new_port
                0x00000000080038a0       0x50 ./Middlewares/Third_Party/LwIP/src/core/tcp.o
 .text.tcp_close_shutdown_fin
                0x00000000080038f0       0x60 ./Middlewares/Third_Party/LwIP/src/core/tcp.o
 .text.tcp_init
                0x0000000008003950       0x18 ./Middlewares/Third_Party/LwIP/src/core/tcp.o
                0x0000000008003950                tcp_init
 .text.tcp_free
                0x0000000008003968       0x30 ./Middlewares/Third_Party/LwIP/src/core/tcp.o
                0x0000000008003968                tcp_free
 .text.tcp_bind
                0x0000000008003998       0xac ./Middlewares/Third_Party/LwIP/src/core/tcp.o
                0x0000000008003998                tcp_bind
 .text.tcp_listen_with_backlog_and_err
                0x0000000008003a44       0xcc ./Middlewares/Third_Party/LwIP/src/core/tcp.o
                0x0000000008003a44                tcp_listen_with_backlog_and_err
 .text.tcp_listen_with_backlog
                0x0000000008003b10        0x6 ./Middlewares/Third_Party/LwIP/src/core/tcp.o
                0x0000000008003b10                tcp_listen_with_backlog
 *fill*         0x0000000008003b16        0x2 
 .text.tcp_update_rcv_ann_wnd
                0x0000000008003b18       0x6c ./Middlewares/Third_Party/LwIP/src/core/tcp.o
                0x0000000008003b18                tcp_update_rcv_ann_wnd
 .text.tcp_recved
                0x0000000008003b84       0x7c ./Middlewares/Third_Party/LwIP/src/core/tcp.o
                0x0000000008003b84                tcp_recved
 .text.tcp_seg_free
                0x0000000008003c00       0x1c ./Middlewares/Third_Party/LwIP/src/core/tcp.o
                0x0000000008003c00                tcp_seg_free
 .text.tcp_segs_free
                0x0000000008003c1c       0x10 ./Middlewares/Third_Party/LwIP/src/core/tcp.o
                0x0000000008003c1c                tcp_segs_free
 .text.tcp_setprio
                0x0000000008003c2c       0x20 ./Middlewares/Third_Party/LwIP/src/core/tcp.o
                0x0000000008003c2c                tcp_setprio
 .text.tcp_seg_copy
                0x0000000008003c4c       0x48 ./Middlewares/Third_Party/LwIP/src/core/tcp.o
                0x0000000008003c4c                tcp_seg_copy
 .text.tcp_recv
                0x0000000008003c94       0x30 ./Middlewares/Third_Party/LwIP/src/core/tcp.o
                0x0000000008003c94                tcp_recv
 .text.tcp_err  0x0000000008003cc4       0x30 ./Middlewares/Third_Party/LwIP/src/core/tcp.o
                0x0000000008003cc4                tcp_err
 .text.tcp_accept
                0x0000000008003cf4        0xc ./Middlewares/Third_Party/LwIP/src/core/tcp.o
                0x0000000008003cf4                tcp_accept
 .text.tcp_next_iss
                0x0000000008003d00       0x34 ./Middlewares/Third_Party/LwIP/src/core/tcp.o
                0x0000000008003d00                tcp_next_iss
 .text.tcp_eff_send_mss_netif
                0x0000000008003d34       0x3c ./Middlewares/Third_Party/LwIP/src/core/tcp.o
                0x0000000008003d34                tcp_eff_send_mss_netif
 .text.tcp_free_ooseq
                0x0000000008003d70       0x12 ./Middlewares/Third_Party/LwIP/src/core/tcp.o
                0x0000000008003d70                tcp_free_ooseq
 *fill*         0x0000000008003d82        0x2 
 .text.tcp_pcb_purge
                0x0000000008003d84       0x64 ./Middlewares/Third_Party/LwIP/src/core/tcp.o
                0x0000000008003d84                tcp_pcb_purge
 .text.tcp_pcb_remove
                0x0000000008003de8       0xcc ./Middlewares/Third_Party/LwIP/src/core/tcp.o
                0x0000000008003de8                tcp_pcb_remove
 .text.tcp_abandon
                0x0000000008003eb4      0x104 ./Middlewares/Third_Party/LwIP/src/core/tcp.o
                0x0000000008003eb4                tcp_abandon
 .text.tcp_abort
                0x0000000008003fb8        0x6 ./Middlewares/Third_Party/LwIP/src/core/tcp.o
                0x0000000008003fb8                tcp_abort
 *fill*         0x0000000008003fbe        0x2 
 .text.tcp_accept_null
                0x0000000008003fc0       0x2c ./Middlewares/Third_Party/LwIP/src/core/tcp.o
 .text.tcp_netif_ip_addr_changed_pcblist
                0x0000000008003fec       0x3c ./Middlewares/Third_Party/LwIP/src/core/tcp.o
 .text.tcp_netif_ip_addr_changed
                0x0000000008004028       0x48 ./Middlewares/Third_Party/LwIP/src/core/tcp.o
                0x0000000008004028                tcp_netif_ip_addr_changed
 .text.tcp_kill_state
                0x0000000008004070       0x3c ./Middlewares/Third_Party/LwIP/src/core/tcp.o
 .text.tcp_alloc
                0x00000000080040ac      0x134 ./Middlewares/Third_Party/LwIP/src/core/tcp.o
                0x00000000080040ac                tcp_alloc
 .text.tcp_new  0x00000000080041e0        0x6 ./Middlewares/Third_Party/LwIP/src/core/tcp.o
                0x00000000080041e0                tcp_new
 *fill*         0x00000000080041e6        0x2 
 .text.tcp_close_shutdown
                0x00000000080041e8      0x164 ./Middlewares/Third_Party/LwIP/src/core/tcp.o
 .text.tcp_close
                0x000000000800434c       0x3c ./Middlewares/Third_Party/LwIP/src/core/tcp.o
                0x000000000800434c                tcp_close
 .text.tcp_recv_null
                0x0000000008004388       0x48 ./Middlewares/Third_Party/LwIP/src/core/tcp.o
                0x0000000008004388                tcp_recv_null
 .text.tcp_process_refused_data
                0x00000000080043d0       0x88 ./Middlewares/Third_Party/LwIP/src/core/tcp.o
                0x00000000080043d0                tcp_process_refused_data
 .text.tcp_fasttmr
                0x0000000008004458       0x80 ./Middlewares/Third_Party/LwIP/src/core/tcp.o
                0x0000000008004458                tcp_fasttmr
 .text.tcp_slowtmr
                0x00000000080044d8      0x438 ./Middlewares/Third_Party/LwIP/src/core/tcp.o
                0x00000000080044d8                tcp_slowtmr
 .text.tcp_tmr  0x0000000008004910       0x24 ./Middlewares/Third_Party/LwIP/src/core/tcp.o
                0x0000000008004910                tcp_tmr
 .text.tcp_get_next_optbyte
                0x0000000008004934       0x38 ./Middlewares/Third_Party/LwIP/src/core/tcp_in.o
 .text.tcp_oos_insert_segment
                0x000000000800496c       0x94 ./Middlewares/Third_Party/LwIP/src/core/tcp_in.o
 .text.tcp_parseopt
                0x0000000008004a00       0x90 ./Middlewares/Third_Party/LwIP/src/core/tcp_in.o
 .text.tcp_input_delayed_close
                0x0000000008004a90       0x58 ./Middlewares/Third_Party/LwIP/src/core/tcp_in.o
 .text.tcp_free_acked_segments.constprop.0
                0x0000000008004ae8       0xc4 ./Middlewares/Third_Party/LwIP/src/core/tcp_in.o
 .text.tcp_receive
                0x0000000008004bac      0x85c ./Middlewares/Third_Party/LwIP/src/core/tcp_in.o
 .text.tcp_input
                0x0000000008005408      0xb04 ./Middlewares/Third_Party/LwIP/src/core/tcp_in.o
                0x0000000008005408                tcp_input
 .text.tcp_trigger_input_pcb_close
                0x0000000008005f0c       0x10 ./Middlewares/Third_Party/LwIP/src/core/tcp_in.o
                0x0000000008005f0c                tcp_trigger_input_pcb_close
 .text.tcp_output_segment_busy
                0x0000000008005f1c       0x2c ./Middlewares/Third_Party/LwIP/src/core/tcp_out.o
 .text.tcp_pbuf_prealloc
                0x0000000008005f48       0xa4 ./Middlewares/Third_Party/LwIP/src/core/tcp_out.o
 .text.tcp_create_segment
                0x0000000008005fec       0xe4 ./Middlewares/Third_Party/LwIP/src/core/tcp_out.o
 .text.tcp_output_alloc_header_common.constprop.0
                0x00000000080060d0       0x84 ./Middlewares/Third_Party/LwIP/src/core/tcp_out.o
 .text.tcp_output_alloc_header.constprop.0
                0x0000000008006154       0x4c ./Middlewares/Third_Party/LwIP/src/core/tcp_out.o
 .text.tcp_output_fill_options.constprop.0
                0x00000000080061a0       0x20 ./Middlewares/Third_Party/LwIP/src/core/tcp_out.o
 .text.tcp_output_control_segment
                0x00000000080061c0       0x70 ./Middlewares/Third_Party/LwIP/src/core/tcp_out.o
 .text.tcp_write
                0x0000000008006230      0x53c ./Middlewares/Third_Party/LwIP/src/core/tcp_out.o
                0x0000000008006230                tcp_write
 .text.tcp_split_unsent_seg
                0x000000000800676c      0x198 ./Middlewares/Third_Party/LwIP/src/core/tcp_out.o
                0x000000000800676c                tcp_split_unsent_seg
 .text.tcp_enqueue_flags
                0x0000000008006904      0x128 ./Middlewares/Third_Party/LwIP/src/core/tcp_out.o
                0x0000000008006904                tcp_enqueue_flags
 .text.tcp_send_fin
                0x0000000008006a2c       0x60 ./Middlewares/Third_Party/LwIP/src/core/tcp_out.o
                0x0000000008006a2c                tcp_send_fin
 .text.tcp_rexmit_rto_prepare
                0x0000000008006a8c       0x88 ./Middlewares/Third_Party/LwIP/src/core/tcp_out.o
                0x0000000008006a8c                tcp_rexmit_rto_prepare
 .text.tcp_rexmit
                0x0000000008006b14       0x84 ./Middlewares/Third_Party/LwIP/src/core/tcp_out.o
                0x0000000008006b14                tcp_rexmit
 .text.tcp_rexmit_fast
                0x0000000008006b98       0x68 ./Middlewares/Third_Party/LwIP/src/core/tcp_out.o
                0x0000000008006b98                tcp_rexmit_fast
 .text.tcp_rst  0x0000000008006c00       0x8c ./Middlewares/Third_Party/LwIP/src/core/tcp_out.o
                0x0000000008006c00                tcp_rst
 .text.tcp_send_empty_ack
                0x0000000008006c8c       0x64 ./Middlewares/Third_Party/LwIP/src/core/tcp_out.o
                0x0000000008006c8c                tcp_send_empty_ack
 .text.tcp_output
                0x0000000008006cf0      0x354 ./Middlewares/Third_Party/LwIP/src/core/tcp_out.o
                0x0000000008006cf0                tcp_output
 .text.tcp_rexmit_rto_commit
                0x0000000008007044       0x38 ./Middlewares/Third_Party/LwIP/src/core/tcp_out.o
                0x0000000008007044                tcp_rexmit_rto_commit
 .text.tcp_rexmit_rto
                0x000000000800707c       0x34 ./Middlewares/Third_Party/LwIP/src/core/tcp_out.o
                0x000000000800707c                tcp_rexmit_rto
 .text.tcp_keepalive
                0x00000000080070b0       0x50 ./Middlewares/Third_Party/LwIP/src/core/tcp_out.o
                0x00000000080070b0                tcp_keepalive
 .text.tcp_zero_window_probe
                0x0000000008007100       0xc8 ./Middlewares/Third_Party/LwIP/src/core/tcp_out.o
                0x0000000008007100                tcp_zero_window_probe
 .text.sys_timeout_abs
                0x00000000080071c8       0x64 ./Middlewares/Third_Party/LwIP/src/core/timeouts.o
 .text.lwip_cyclic_timer
                0x000000000800722c       0x34 ./Middlewares/Third_Party/LwIP/src/core/timeouts.o
 .text.sys_timeout
                0x0000000008007260       0x3c ./Middlewares/Third_Party/LwIP/src/core/timeouts.o
                0x0000000008007260                sys_timeout
 .text.tcp_timer_needed
                0x000000000800729c       0x34 ./Middlewares/Third_Party/LwIP/src/core/timeouts.o
                0x000000000800729c                tcp_timer_needed
 .text.tcpip_tcp_timer
                0x00000000080072d0       0x38 ./Middlewares/Third_Party/LwIP/src/core/timeouts.o
 .text.sys_timeouts_init
                0x0000000008007308       0x2c ./Middlewares/Third_Party/LwIP/src/core/timeouts.o
                0x0000000008007308                sys_timeouts_init
 .text.sys_check_timeouts
                0x0000000008007334       0x58 ./Middlewares/Third_Party/LwIP/src/core/timeouts.o
                0x0000000008007334                sys_check_timeouts
 .text.udp_init
                0x000000000800738c       0x18 ./Middlewares/Third_Party/LwIP/src/core/udp.o
                0x000000000800738c                udp_init
 .text.udp_input
                0x00000000080073a4      0x1b0 ./Middlewares/Third_Party/LwIP/src/core/udp.o
                0x00000000080073a4                udp_input
 .text.udp_netif_ip_addr_changed
                0x0000000008007554       0x2c ./Middlewares/Third_Party/LwIP/src/core/udp.o
                0x0000000008007554                udp_netif_ip_addr_changed
 .text.etharp_free_entry
                0x0000000008007580       0x28 ./Middlewares/Third_Party/LwIP/src/core/ipv4/etharp.o
 .text.etharp_find_entry
                0x00000000080075a8      0x128 ./Middlewares/Third_Party/LwIP/src/core/ipv4/etharp.o
 .text.etharp_raw
                0x00000000080076d0       0xdc ./Middlewares/Third_Party/LwIP/src/core/ipv4/etharp.o
 .text.etharp_cleanup_netif
                0x00000000080077ac       0x28 ./Middlewares/Third_Party/LwIP/src/core/ipv4/etharp.o
                0x00000000080077ac                etharp_cleanup_netif
 .text.etharp_input
                0x00000000080077d4      0x144 ./Middlewares/Third_Party/LwIP/src/core/ipv4/etharp.o
                0x00000000080077d4                etharp_input
 .text.etharp_request
                0x0000000008007918       0x2c ./Middlewares/Third_Party/LwIP/src/core/ipv4/etharp.o
                0x0000000008007918                etharp_request
 .text.etharp_tmr
                0x0000000008007944       0x54 ./Middlewares/Third_Party/LwIP/src/core/ipv4/etharp.o
                0x0000000008007944                etharp_tmr
 .text.etharp_output_to_arp_index
                0x0000000008007998       0xac ./Middlewares/Third_Party/LwIP/src/core/ipv4/etharp.o
 .text.etharp_query
                0x0000000008007a44      0x134 ./Middlewares/Third_Party/LwIP/src/core/ipv4/etharp.o
                0x0000000008007a44                etharp_query
 .text.etharp_output
                0x0000000008007b78      0x140 ./Middlewares/Third_Party/LwIP/src/core/ipv4/etharp.o
                0x0000000008007b78                etharp_output
 .text.icmp_send_response
                0x0000000008007cb8       0x90 ./Middlewares/Third_Party/LwIP/src/core/ipv4/icmp.o
 .text.icmp_input
                0x0000000008007d48      0x12c ./Middlewares/Third_Party/LwIP/src/core/ipv4/icmp.o
                0x0000000008007d48                icmp_input
 .text.icmp_dest_unreach
                0x0000000008007e74        0x8 ./Middlewares/Third_Party/LwIP/src/core/ipv4/icmp.o
                0x0000000008007e74                icmp_dest_unreach
 .text.icmp_time_exceeded
                0x0000000008007e7c        0x8 ./Middlewares/Third_Party/LwIP/src/core/ipv4/icmp.o
                0x0000000008007e7c                icmp_time_exceeded
 .text.ip4_input_accept
                0x0000000008007e84       0x34 ./Middlewares/Third_Party/LwIP/src/core/ipv4/ip4.o
 .text.ip4_route
                0x0000000008007eb8       0x5c ./Middlewares/Third_Party/LwIP/src/core/ipv4/ip4.o
                0x0000000008007eb8                ip4_route
 .text.ip4_input
                0x0000000008007f14      0x168 ./Middlewares/Third_Party/LwIP/src/core/ipv4/ip4.o
                0x0000000008007f14                ip4_input
 .text.ip4_output_if_src
                0x000000000800807c       0xf8 ./Middlewares/Third_Party/LwIP/src/core/ipv4/ip4.o
                0x000000000800807c                ip4_output_if_src
 .text.ip4_output_if
                0x0000000008008174       0x22 ./Middlewares/Third_Party/LwIP/src/core/ipv4/ip4.o
                0x0000000008008174                ip4_output_if
 .text.ip4_addr_isbroadcast_u32
                0x0000000008008196       0x36 ./Middlewares/Third_Party/LwIP/src/core/ipv4/ip4_addr.o
                0x0000000008008196                ip4_addr_isbroadcast_u32
 .text.ip_reass_dequeue_datagram
                0x00000000080081cc       0x44 ./Middlewares/Third_Party/LwIP/src/core/ipv4/ip4_frag.o
 .text.ip_reass_free_complete_datagram
                0x0000000008008210       0xe8 ./Middlewares/Third_Party/LwIP/src/core/ipv4/ip4_frag.o
 .text.ip_reass_remove_oldest_datagram
                0x00000000080082f8       0x78 ./Middlewares/Third_Party/LwIP/src/core/ipv4/ip4_frag.o
 .text.ip_frag_free_pbuf_custom_ref
                0x0000000008008370       0x2c ./Middlewares/Third_Party/LwIP/src/core/ipv4/ip4_frag.o
 .text.ipfrag_free_pbuf_custom
                0x000000000800839c       0x34 ./Middlewares/Third_Party/LwIP/src/core/ipv4/ip4_frag.o
 .text.ip_reass_tmr
                0x00000000080083d0       0x2c ./Middlewares/Third_Party/LwIP/src/core/ipv4/ip4_frag.o
                0x00000000080083d0                ip_reass_tmr
 .text.ip4_reass
                0x00000000080083fc      0x3b0 ./Middlewares/Third_Party/LwIP/src/core/ipv4/ip4_frag.o
                0x00000000080083fc                ip4_reass
 .text.ip4_frag
                0x00000000080087ac      0x1d8 ./Middlewares/Third_Party/LwIP/src/core/ipv4/ip4_frag.o
                0x00000000080087ac                ip4_frag
 .text.ethernet_input
                0x0000000008008984       0xa0 ./Middlewares/Third_Party/LwIP/src/netif/ethernet.o
                0x0000000008008984                ethernet_input
 .text.ethernet_output
                0x0000000008008a24       0x70 ./Middlewares/Third_Party/LwIP/src/netif/ethernet.o
                0x0000000008008a24                ethernet_output
 .text.rand     0x0000000008008a94       0x7c C:/ST/STM32CubeIDE_1.13.2/STM32CubeIDE/plugins/com.st.stm32cube.ide.mcu.externaltools.gnu-tools-for-stm32.11.3.rel1.win32_1.1.1.202309131626/tools/bin/../lib/gcc/arm-none-eabi/11.3.1/../../../../arm-none-eabi/lib/thumb/v7e-m+fp/hard\libc_nano.a(libc_a-rand.o)
                0x0000000008008a94                rand
 .text.std      0x0000000008008b10       0x6c C:/ST/STM32CubeIDE_1.13.2/STM32CubeIDE/plugins/com.st.stm32cube.ide.mcu.externaltools.gnu-tools-for-stm32.11.3.rel1.win32_1.1.1.202309131626/tools/bin/../lib/gcc/arm-none-eabi/11.3.1/../../../../arm-none-eabi/lib/thumb/v7e-m+fp/hard\libc_nano.a(libc_a-findfp.o)
 .text.stdio_exit_handler
                0x0000000008008b7c       0x18 C:/ST/STM32CubeIDE_1.13.2/STM32CubeIDE/plugins/com.st.stm32cube.ide.mcu.externaltools.gnu-tools-for-stm32.11.3.rel1.win32_1.1.1.202309131626/tools/bin/../lib/gcc/arm-none-eabi/11.3.1/../../../../arm-none-eabi/lib/thumb/v7e-m+fp/hard\libc_nano.a(libc_a-findfp.o)
 .text.cleanup_stdio
                0x0000000008008b94       0x40 C:/ST/STM32CubeIDE_1.13.2/STM32CubeIDE/plugins/com.st.stm32cube.ide.mcu.externaltools.gnu-tools-for-stm32.11.3.rel1.win32_1.1.1.202309131626/tools/bin/../lib/gcc/arm-none-eabi/11.3.1/../../../../arm-none-eabi/lib/thumb/v7e-m+fp/hard\libc_nano.a(libc_a-findfp.o)
 .text.global_stdio_init.part.0
                0x0000000008008bd4       0x3c C:/ST/STM32CubeIDE_1.13.2/STM32CubeIDE/plugins/com.st.stm32cube.ide.mcu.externaltools.gnu-tools-for-stm32.11.3.rel1.win32_1.1.1.202309131626/tools/bin/../lib/gcc/arm-none-eabi/11.3.1/../../../../arm-none-eabi/lib/thumb/v7e-m+fp/hard\libc_nano.a(libc_a-findfp.o)
 .text.__sfp_lock_acquire
                0x0000000008008c10        0xc C:/ST/STM32CubeIDE_1.13.2/STM32CubeIDE/plugins/com.st.stm32cube.ide.mcu.externaltools.gnu-tools-for-stm32.11.3.rel1.win32_1.1.1.202309131626/tools/bin/../lib/gcc/arm-none-eabi/11.3.1/../../../../arm-none-eabi/lib/thumb/v7e-m+fp/hard\libc_nano.a(libc_a-findfp.o)
                0x0000000008008c10                __sfp_lock_acquire
 .text.__sfp_lock_release
                0x0000000008008c1c        0xc C:/ST/STM32CubeIDE_1.13.2/STM32CubeIDE/plugins/com.st.stm32cube.ide.mcu.externaltools.gnu-tools-for-stm32.11.3.rel1.win32_1.1.1.202309131626/tools/bin/../lib/gcc/arm-none-eabi/11.3.1/../../../../arm-none-eabi/lib/thumb/v7e-m+fp/hard\libc_nano.a(libc_a-findfp.o)
                0x0000000008008c1c                __sfp_lock_release
 .text.__sinit  0x0000000008008c28       0x30 C:/ST/STM32CubeIDE_1.13.2/STM32CubeIDE/plugins/com.st.stm32cube.ide.mcu.externaltools.gnu-tools-for-stm32.11.3.rel1.win32_1.1.1.202309131626/tools/bin/../lib/gcc/arm-none-eabi/11.3.1/../../../../arm-none-eabi/lib/thumb/v7e-m+fp/hard\libc_nano.a(libc_a-findfp.o)
                0x0000000008008c28                __sinit
 .text._fwalk_sglue
                0x0000000008008c58       0x3c C:/ST/STM32CubeIDE_1.13.2/STM32CubeIDE/plugins/com.st.stm32cube.ide.mcu.externaltools.gnu-tools-for-stm32.11.3.rel1.win32_1.1.1.202309131626/tools/bin/../lib/gcc/arm-none-eabi/11.3.1/../../../../arm-none-eabi/lib/thumb/v7e-m+fp/hard\libc_nano.a(libc_a-fwalk.o)
                0x0000000008008c58                _fwalk_sglue
 .text.printf   0x0000000008008c94       0x24 C:/ST/STM32CubeIDE_1.13.2/STM32CubeIDE/plugins/com.st.stm32cube.ide.mcu.externaltools.gnu-tools-for-stm32.11.3.rel1.win32_1.1.1.202309131626/tools/bin/../lib/gcc/arm-none-eabi/11.3.1/../../../../arm-none-eabi/lib/thumb/v7e-m+fp/hard\libc_nano.a(libc_a-printf.o)
                0x0000000008008c94                iprintf
                0x0000000008008c94                printf
 .text.__sread  0x0000000008008cb8       0x22 C:/ST/STM32CubeIDE_1.13.2/STM32CubeIDE/plugins/com.st.stm32cube.ide.mcu.externaltools.gnu-tools-for-stm32.11.3.rel1.win32_1.1.1.202309131626/tools/bin/../lib/gcc/arm-none-eabi/11.3.1/../../../../arm-none-eabi/lib/thumb/v7e-m+fp/hard\libc_nano.a(libc_a-stdio.o)
                0x0000000008008cb8                __sread
 .text.__swrite
                0x0000000008008cda       0x38 C:/ST/STM32CubeIDE_1.13.2/STM32CubeIDE/plugins/com.st.stm32cube.ide.mcu.externaltools.gnu-tools-for-stm32.11.3.rel1.win32_1.1.1.202309131626/tools/bin/../lib/gcc/arm-none-eabi/11.3.1/../../../../arm-none-eabi/lib/thumb/v7e-m+fp/hard\libc_nano.a(libc_a-stdio.o)
                0x0000000008008cda                __swrite
 .text.__sseek  0x0000000008008d12       0x24 C:/ST/STM32CubeIDE_1.13.2/STM32CubeIDE/plugins/com.st.stm32cube.ide.mcu.externaltools.gnu-tools-for-stm32.11.3.rel1.win32_1.1.1.202309131626/tools/bin/../lib/gcc/arm-none-eabi/11.3.1/../../../../arm-none-eabi/lib/thumb/v7e-m+fp/hard\libc_nano.a(libc_a-stdio.o)
                0x0000000008008d12                __sseek
 .text.__sclose
                0x0000000008008d36        0x8 C:/ST/STM32CubeIDE_1.13.2/STM32CubeIDE/plugins/com.st.stm32cube.ide.mcu.externaltools.gnu-tools-for-stm32.11.3.rel1.win32_1.1.1.202309131626/tools/bin/../lib/gcc/arm-none-eabi/11.3.1/../../../../arm-none-eabi/lib/thumb/v7e-m+fp/hard\libc_nano.a(libc_a-stdio.o)
                0x0000000008008d36                __sclose
 .text.memcmp   0x0000000008008d3e       0x20 C:/ST/STM32CubeIDE_1.13.2/STM32CubeIDE/plugins/com.st.stm32cube.ide.mcu.externaltools.gnu-tools-for-stm32.11.3.rel1.win32_1.1.1.202309131626/tools/bin/../lib/gcc/arm-none-eabi/11.3.1/../../../../arm-none-eabi/lib/thumb/v7e-m+fp/hard\libc_nano.a(libc_a-memcmp.o)
                0x0000000008008d3e                memcmp
 .text.memset   0x0000000008008d5e       0x10 C:/ST/STM32CubeIDE_1.13.2/STM32CubeIDE/plugins/com.st.stm32cube.ide.mcu.externaltools.gnu-tools-for-stm32.11.3.rel1.win32_1.1.1.202309131626/tools/bin/../lib/gcc/arm-none-eabi/11.3.1/../../../../arm-none-eabi/lib/thumb/v7e-m+fp/hard\libc_nano.a(libc_a-memset.o)
                0x0000000008008d5e                memset
 *fill*         0x0000000008008d6e        0x2 
 .text._close_r
                0x0000000008008d70       0x20 C:/ST/STM32CubeIDE_1.13.2/STM32CubeIDE/plugins/com.st.stm32cube.ide.mcu.externaltools.gnu-tools-for-stm32.11.3.rel1.win32_1.1.1.202309131626/tools/bin/../lib/gcc/arm-none-eabi/11.3.1/../../../../arm-none-eabi/lib/thumb/v7e-m+fp/hard\libc_nano.a(libc_a-closer.o)
                0x0000000008008d70                _close_r
 .text._lseek_r
                0x0000000008008d90       0x24 C:/ST/STM32CubeIDE_1.13.2/STM32CubeIDE/plugins/com.st.stm32cube.ide.mcu.externaltools.gnu-tools-for-stm32.11.3.rel1.win32_1.1.1.202309131626/tools/bin/../lib/gcc/arm-none-eabi/11.3.1/../../../../arm-none-eabi/lib/thumb/v7e-m+fp/hard\libc_nano.a(libc_a-lseekr.o)
                0x0000000008008d90                _lseek_r
 .text._read_r  0x0000000008008db4       0x24 C:/ST/STM32CubeIDE_1.13.2/STM32CubeIDE/plugins/com.st.stm32cube.ide.mcu.externaltools.gnu-tools-for-stm32.11.3.rel1.win32_1.1.1.202309131626/tools/bin/../lib/gcc/arm-none-eabi/11.3.1/../../../../arm-none-eabi/lib/thumb/v7e-m+fp/hard\libc_nano.a(libc_a-readr.o)
                0x0000000008008db4                _read_r
 .text._write_r
                0x0000000008008dd8       0x24 C:/ST/STM32CubeIDE_1.13.2/STM32CubeIDE/plugins/com.st.stm32cube.ide.mcu.externaltools.gnu-tools-for-stm32.11.3.rel1.win32_1.1.1.202309131626/tools/bin/../lib/gcc/arm-none-eabi/11.3.1/../../../../arm-none-eabi/lib/thumb/v7e-m+fp/hard\libc_nano.a(libc_a-writer.o)
                0x0000000008008dd8                _write_r
 .text.__libc_init_array
                0x0000000008008dfc       0x48 C:/ST/STM32CubeIDE_1.13.2/STM32CubeIDE/plugins/com.st.stm32cube.ide.mcu.externaltools.gnu-tools-for-stm32.11.3.rel1.win32_1.1.1.202309131626/tools/bin/../lib/gcc/arm-none-eabi/11.3.1/../../../../arm-none-eabi/lib/thumb/v7e-m+fp/hard\libc_nano.a(libc_a-init.o)
                0x0000000008008dfc                __libc_init_array
 .text.__retarget_lock_init_recursive
                0x0000000008008e44        0x2 C:/ST/STM32CubeIDE_1.13.2/STM32CubeIDE/plugins/com.st.stm32cube.ide.mcu.externaltools.gnu-tools-for-stm32.11.3.rel1.win32_1.1.1.202309131626/tools/bin/../lib/gcc/arm-none-eabi/11.3.1/../../../../arm-none-eabi/lib/thumb/v7e-m+fp/hard\libc_nano.a(libc_a-lock.o)
                0x0000000008008e44                __retarget_lock_init_recursive
 .text.__retarget_lock_acquire_recursive
                0x0000000008008e46        0x2 C:/ST/STM32CubeIDE_1.13.2/STM32CubeIDE/plugins/com.st.stm32cube.ide.mcu.externaltools.gnu-tools-for-stm32.11.3.rel1.win32_1.1.1.202309131626/tools/bin/../lib/gcc/arm-none-eabi/11.3.1/../../../../arm-none-eabi/lib/thumb/v7e-m+fp/hard\libc_nano.a(libc_a-lock.o)
                0x0000000008008e46                __retarget_lock_acquire_recursive
 .text.__retarget_lock_release_recursive
                0x0000000008008e48        0x2 C:/ST/STM32CubeIDE_1.13.2/STM32CubeIDE/plugins/com.st.stm32cube.ide.mcu.externaltools.gnu-tools-for-stm32.11.3.rel1.win32_1.1.1.202309131626/tools/bin/../lib/gcc/arm-none-eabi/11.3.1/../../../../arm-none-eabi/lib/thumb/v7e-m+fp/hard\libc_nano.a(libc_a-lock.o)
                0x0000000008008e48                __retarget_lock_release_recursive
 .text.memcpy   0x0000000008008e4a       0x1c C:/ST/STM32CubeIDE_1.13.2/STM32CubeIDE/plugins/com.st.stm32cube.ide.mcu.externaltools.gnu-tools-for-stm32.11.3.rel1.win32_1.1.1.202309131626/tools/bin/../lib/gcc/arm-none-eabi/11.3.1/../../../../arm-none-eabi/lib/thumb/v7e-m+fp/hard\libc_nano.a(libc_a-memcpy-stub.o)
                0x0000000008008e4a                memcpy
 *fill*         0x0000000008008e66        0x2 
 .text.__assert_func
                0x0000000008008e68       0x3c C:/ST/STM32CubeIDE_1.13.2/STM32CubeIDE/plugins/com.st.stm32cube.ide.mcu.externaltools.gnu-tools-for-stm32.11.3.rel1.win32_1.1.1.202309131626/tools/bin/../lib/gcc/arm-none-eabi/11.3.1/../../../../arm-none-eabi/lib/thumb/v7e-m+fp/hard\libc_nano.a(libc_a-assert.o)
                0x0000000008008e68                __assert_func
 .text._free_r  0x0000000008008ea4       0x98 C:/ST/STM32CubeIDE_1.13.2/STM32CubeIDE/plugins/com.st.stm32cube.ide.mcu.externaltools.gnu-tools-for-stm32.11.3.rel1.win32_1.1.1.202309131626/tools/bin/../lib/gcc/arm-none-eabi/11.3.1/../../../../arm-none-eabi/lib/thumb/v7e-m+fp/hard\libc_nano.a(libc_a-freer.o)
                0x0000000008008ea4                _free_r
 .text.malloc   0x0000000008008f3c       0x10 C:/ST/STM32CubeIDE_1.13.2/STM32CubeIDE/plugins/com.st.stm32cube.ide.mcu.externaltools.gnu-tools-for-stm32.11.3.rel1.win32_1.1.1.202309131626/tools/bin/../lib/gcc/arm-none-eabi/11.3.1/../../../../arm-none-eabi/lib/thumb/v7e-m+fp/hard\libc_nano.a(libc_a-malloc.o)
                0x0000000008008f3c                malloc
 .text.sbrk_aligned
                0x0000000008008f4c       0x40 C:/ST/STM32CubeIDE_1.13.2/STM32CubeIDE/plugins/com.st.stm32cube.ide.mcu.externaltools.gnu-tools-for-stm32.11.3.rel1.win32_1.1.1.202309131626/tools/bin/../lib/gcc/arm-none-eabi/11.3.1/../../../../arm-none-eabi/lib/thumb/v7e-m+fp/hard\libc_nano.a(libc_a-mallocr.o)
 .text._malloc_r
                0x0000000008008f8c      0x100 C:/ST/STM32CubeIDE_1.13.2/STM32CubeIDE/plugins/com.st.stm32cube.ide.mcu.externaltools.gnu-tools-for-stm32.11.3.rel1.win32_1.1.1.202309131626/tools/bin/../lib/gcc/arm-none-eabi/11.3.1/../../../../arm-none-eabi/lib/thumb/v7e-m+fp/hard\libc_nano.a(libc_a-mallocr.o)
                0x0000000008008f8c                _malloc_r
 .text.__malloc_lock
                0x000000000800908c        0xc C:/ST/STM32CubeIDE_1.13.2/STM32CubeIDE/plugins/com.st.stm32cube.ide.mcu.externaltools.gnu-tools-for-stm32.11.3.rel1.win32_1.1.1.202309131626/tools/bin/../lib/gcc/arm-none-eabi/11.3.1/../../../../arm-none-eabi/lib/thumb/v7e-m+fp/hard\libc_nano.a(libc_a-mlock.o)
                0x000000000800908c                __malloc_lock
 .text.__malloc_unlock
                0x0000000008009098        0xc C:/ST/STM32CubeIDE_1.13.2/STM32CubeIDE/plugins/com.st.stm32cube.ide.mcu.externaltools.gnu-tools-for-stm32.11.3.rel1.win32_1.1.1.202309131626/tools/bin/../lib/gcc/arm-none-eabi/11.3.1/../../../../arm-none-eabi/lib/thumb/v7e-m+fp/hard\libc_nano.a(libc_a-mlock.o)
                0x0000000008009098                __malloc_unlock
 .text.__sfputc_r
                0x00000000080090a4       0x2e C:/ST/STM32CubeIDE_1.13.2/STM32CubeIDE/plugins/com.st.stm32cube.ide.mcu.externaltools.gnu-tools-for-stm32.11.3.rel1.win32_1.1.1.202309131626/tools/bin/../lib/gcc/arm-none-eabi/11.3.1/../../../../arm-none-eabi/lib/thumb/v7e-m+fp/hard\libc_nano.a(libc_a-nano-vfprintf.o)
 .text.__sfputs_r
                0x00000000080090d2       0x24 C:/ST/STM32CubeIDE_1.13.2/STM32CubeIDE/plugins/com.st.stm32cube.ide.mcu.externaltools.gnu-tools-for-stm32.11.3.rel1.win32_1.1.1.202309131626/tools/bin/../lib/gcc/arm-none-eabi/11.3.1/../../../../arm-none-eabi/lib/thumb/v7e-m+fp/hard\libc_nano.a(libc_a-nano-vfprintf.o)
                0x00000000080090d2                __sfputs_r
 *fill*         0x00000000080090f6        0x2 
 .text._vfprintf_r
                0x00000000080090f8      0x234 C:/ST/STM32CubeIDE_1.13.2/STM32CubeIDE/plugins/com.st.stm32cube.ide.mcu.externaltools.gnu-tools-for-stm32.11.3.rel1.win32_1.1.1.202309131626/tools/bin/../lib/gcc/arm-none-eabi/11.3.1/../../../../arm-none-eabi/lib/thumb/v7e-m+fp/hard\libc_nano.a(libc_a-nano-vfprintf.o)
                0x00000000080090f8                _vfprintf_r
                0x00000000080090f8                _vfiprintf_r
 .text._printf_common
                0x000000000800932c       0xda C:/ST/STM32CubeIDE_1.13.2/STM32CubeIDE/plugins/com.st.stm32cube.ide.mcu.externaltools.gnu-tools-for-stm32.11.3.rel1.win32_1.1.1.202309131626/tools/bin/../lib/gcc/arm-none-eabi/11.3.1/../../../../arm-none-eabi/lib/thumb/v7e-m+fp/hard\libc_nano.a(libc_a-nano-vfprintf_i.o)
                0x000000000800932c                _printf_common
 *fill*         0x0000000008009406        0x2 
 .text._printf_i
                0x0000000008009408      0x244 C:/ST/STM32CubeIDE_1.13.2/STM32CubeIDE/plugins/com.st.stm32cube.ide.mcu.externaltools.gnu-tools-for-stm32.11.3.rel1.win32_1.1.1.202309131626/tools/bin/../lib/gcc/arm-none-eabi/11.3.1/../../../../arm-none-eabi/lib/thumb/v7e-m+fp/hard\libc_nano.a(libc_a-nano-vfprintf_i.o)
                0x0000000008009408                _printf_i
 .text.__sflush_r
                0x000000000800964c      0x10c C:/ST/STM32CubeIDE_1.13.2/STM32CubeIDE/plugins/com.st.stm32cube.ide.mcu.externaltools.gnu-tools-for-stm32.11.3.rel1.win32_1.1.1.202309131626/tools/bin/../lib/gcc/arm-none-eabi/11.3.1/../../../../arm-none-eabi/lib/thumb/v7e-m+fp/hard\libc_nano.a(libc_a-fflush.o)
                0x000000000800964c                __sflush_r
 .text._fflush_r
                0x0000000008009758       0x50 C:/ST/STM32CubeIDE_1.13.2/STM32CubeIDE/plugins/com.st.stm32cube.ide.mcu.externaltools.gnu-tools-for-stm32.11.3.rel1.win32_1.1.1.202309131626/tools/bin/../lib/gcc/arm-none-eabi/11.3.1/../../../../arm-none-eabi/lib/thumb/v7e-m+fp/hard\libc_nano.a(libc_a-fflush.o)
                0x0000000008009758                _fflush_r
 .text.fprintf  0x00000000080097a8       0x24 C:/ST/STM32CubeIDE_1.13.2/STM32CubeIDE/plugins/com.st.stm32cube.ide.mcu.externaltools.gnu-tools-for-stm32.11.3.rel1.win32_1.1.1.202309131626/tools/bin/../lib/gcc/arm-none-eabi/11.3.1/../../../../arm-none-eabi/lib/thumb/v7e-m+fp/hard\libc_nano.a(libc_a-fprintf.o)
                0x00000000080097a8                fiprintf
                0x00000000080097a8                fprintf
 .text.__swbuf_r
                0x00000000080097cc       0x7a C:/ST/STM32CubeIDE_1.13.2/STM32CubeIDE/plugins/com.st.stm32cube.ide.mcu.externaltools.gnu-tools-for-stm32.11.3.rel1.win32_1.1.1.202309131626/tools/bin/../lib/gcc/arm-none-eabi/11.3.1/../../../../arm-none-eabi/lib/thumb/v7e-m+fp/hard\libc_nano.a(libc_a-wbuf.o)
                0x00000000080097cc                __swbuf_r
 *fill*         0x0000000008009846        0x2 
 .text.__swsetup_r
                0x0000000008009848       0xb0 C:/ST/STM32CubeIDE_1.13.2/STM32CubeIDE/plugins/com.st.stm32cube.ide.mcu.externaltools.gnu-tools-for-stm32.11.3.rel1.win32_1.1.1.202309131626/tools/bin/../lib/gcc/arm-none-eabi/11.3.1/../../../../arm-none-eabi/lib/thumb/v7e-m+fp/hard\libc_nano.a(libc_a-wsetup.o)
                0x0000000008009848                __swsetup_r
 .text._sbrk_r  0x00000000080098f8       0x20 C:/ST/STM32CubeIDE_1.13.2/STM32CubeIDE/plugins/com.st.stm32cube.ide.mcu.externaltools.gnu-tools-for-stm32.11.3.rel1.win32_1.1.1.202309131626/tools/bin/../lib/gcc/arm-none-eabi/11.3.1/../../../../arm-none-eabi/lib/thumb/v7e-m+fp/hard\libc_nano.a(libc_a-sbrkr.o)
                0x00000000080098f8                _sbrk_r
 .text.abort    0x0000000008009918        0xe C:/ST/STM32CubeIDE_1.13.2/STM32CubeIDE/plugins/com.st.stm32cube.ide.mcu.externaltools.gnu-tools-for-stm32.11.3.rel1.win32_1.1.1.202309131626/tools/bin/../lib/gcc/arm-none-eabi/11.3.1/../../../../arm-none-eabi/lib/thumb/v7e-m+fp/hard\libc_nano.a(libc_a-abort.o)
                0x0000000008009918                abort
 .text.__swhatbuf_r
                0x0000000008009926       0x4c C:/ST/STM32CubeIDE_1.13.2/STM32CubeIDE/plugins/com.st.stm32cube.ide.mcu.externaltools.gnu-tools-for-stm32.11.3.rel1.win32_1.1.1.202309131626/tools/bin/../lib/gcc/arm-none-eabi/11.3.1/../../../../arm-none-eabi/lib/thumb/v7e-m+fp/hard\libc_nano.a(libc_a-makebuf.o)
                0x0000000008009926                __swhatbuf_r
 .text.__smakebuf_r
                0x0000000008009972       0x78 C:/ST/STM32CubeIDE_1.13.2/STM32CubeIDE/plugins/com.st.stm32cube.ide.mcu.externaltools.gnu-tools-for-stm32.11.3.rel1.win32_1.1.1.202309131626/tools/bin/../lib/gcc/arm-none-eabi/11.3.1/../../../../arm-none-eabi/lib/thumb/v7e-m+fp/hard\libc_nano.a(libc_a-makebuf.o)
                0x0000000008009972                __smakebuf_r
 .text._raise_r
                0x00000000080099ea       0x50 C:/ST/STM32CubeIDE_1.13.2/STM32CubeIDE/plugins/com.st.stm32cube.ide.mcu.externaltools.gnu-tools-for-stm32.11.3.rel1.win32_1.1.1.202309131626/tools/bin/../lib/gcc/arm-none-eabi/11.3.1/../../../../arm-none-eabi/lib/thumb/v7e-m+fp/hard\libc_nano.a(libc_a-signal.o)
                0x00000000080099ea                _raise_r
 *fill*         0x0000000008009a3a        0x2 
 .text.raise    0x0000000008009a3c       0x10 C:/ST/STM32CubeIDE_1.13.2/STM32CubeIDE/plugins/com.st.stm32cube.ide.mcu.externaltools.gnu-tools-for-stm32.11.3.rel1.win32_1.1.1.202309131626/tools/bin/../lib/gcc/arm-none-eabi/11.3.1/../../../../arm-none-eabi/lib/thumb/v7e-m+fp/hard\libc_nano.a(libc_a-signal.o)
                0x0000000008009a3c                raise
 .text._fstat_r
                0x0000000008009a4c       0x24 C:/ST/STM32CubeIDE_1.13.2/STM32CubeIDE/plugins/com.st.stm32cube.ide.mcu.externaltools.gnu-tools-for-stm32.11.3.rel1.win32_1.1.1.202309131626/tools/bin/../lib/gcc/arm-none-eabi/11.3.1/../../../../arm-none-eabi/lib/thumb/v7e-m+fp/hard\libc_nano.a(libc_a-fstatr.o)
                0x0000000008009a4c                _fstat_r
 .text._isatty_r
                0x0000000008009a70       0x20 C:/ST/STM32CubeIDE_1.13.2/STM32CubeIDE/plugins/com.st.stm32cube.ide.mcu.externaltools.gnu-tools-for-stm32.11.3.rel1.win32_1.1.1.202309131626/tools/bin/../lib/gcc/arm-none-eabi/11.3.1/../../../../arm-none-eabi/lib/thumb/v7e-m+fp/hard\libc_nano.a(libc_a-isattyr.o)
                0x0000000008009a70                _isatty_r
 .text._kill_r  0x0000000008009a90       0x24 C:/ST/STM32CubeIDE_1.13.2/STM32CubeIDE/plugins/com.st.stm32cube.ide.mcu.externaltools.gnu-tools-for-stm32.11.3.rel1.win32_1.1.1.202309131626/tools/bin/../lib/gcc/arm-none-eabi/11.3.1/../../../../arm-none-eabi/lib/thumb/v7e-m+fp/hard\libc_nano.a(libc_a-signalr.o)
                0x0000000008009a90                _kill_r
 .text._getpid_r
                0x0000000008009ab4        0x4 C:/ST/STM32CubeIDE_1.13.2/STM32CubeIDE/plugins/com.st.stm32cube.ide.mcu.externaltools.gnu-tools-for-stm32.11.3.rel1.win32_1.1.1.202309131626/tools/bin/../lib/gcc/arm-none-eabi/11.3.1/../../../../arm-none-eabi/lib/thumb/v7e-m+fp/hard\libc_nano.a(libc_a-signalr.o)
                0x0000000008009ab4                _getpid_r
 *(.glue_7)
 .glue_7        0x0000000008009ab8        0x0 linker stubs
 *(.glue_7t)
 .glue_7t       0x0000000008009ab8        0x0 linker stubs
 *(.eh_frame)
 .eh_frame      0x0000000008009ab8        0x0 C:/ST/STM32CubeIDE_1.13.2/STM32CubeIDE/plugins/com.st.stm32cube.ide.mcu.externaltools.gnu-tools-for-stm32.11.3.rel1.win32_1.1.1.202309131626/tools/bin/../lib/gcc/arm-none-eabi/11.3.1/thumb/v7e-m+fp/hard/crtbegin.o
 *(.init)
 .init          0x0000000008009ab8        0x4 C:/ST/STM32CubeIDE_1.13.2/STM32CubeIDE/plugins/com.st.stm32cube.ide.mcu.externaltools.gnu-tools-for-stm32.11.3.rel1.win32_1.1.1.202309131626/tools/bin/../lib/gcc/arm-none-eabi/11.3.1/thumb/v7e-m+fp/hard/crti.o
                0x0000000008009ab8                _init
 .init          0x0000000008009abc        0x8 C:/ST/STM32CubeIDE_1.13.2/STM32CubeIDE/plugins/com.st.stm32cube.ide.mcu.externaltools.gnu-tools-for-stm32.11.3.rel1.win32_1.1.1.202309131626/tools/bin/../lib/gcc/arm-none-eabi/11.3.1/thumb/v7e-m+fp/hard/crtn.o
 *(.fini)
 .fini          0x0000000008009ac4        0x4 C:/ST/STM32CubeIDE_1.13.2/STM32CubeIDE/plugins/com.st.stm32cube.ide.mcu.externaltools.gnu-tools-for-stm32.11.3.rel1.win32_1.1.1.202309131626/tools/bin/../lib/gcc/arm-none-eabi/11.3.1/thumb/v7e-m+fp/hard/crti.o
                0x0000000008009ac4                _fini
 .fini          0x0000000008009ac8        0x8 C:/ST/STM32CubeIDE_1.13.2/STM32CubeIDE/plugins/com.st.stm32cube.ide.mcu.externaltools.gnu-tools-for-stm32.11.3.rel1.win32_1.1.1.202309131626/tools/bin/../lib/gcc/arm-none-eabi/11.3.1/thumb/v7e-m+fp/hard/crtn.o
                0x0000000008009ad0                . = ALIGN (0x4)
                0x0000000008009ad0                _etext = .

.vfp11_veneer   0x0000000008009ad0        0x0
 .vfp11_veneer  0x0000000008009ad0        0x0 linker stubs

.v4_bx          0x0000000008009ad0        0x0
 .v4_bx         0x0000000008009ad0        0x0 linker stubs

.iplt           0x0000000008009ad0        0x0
 .iplt          0x0000000008009ad0        0x0 C:/ST/STM32CubeIDE_1.13.2/STM32CubeIDE/plugins/com.st.stm32cube.ide.mcu.externaltools.gnu-tools-for-stm32.11.3.rel1.win32_1.1.1.202309131626/tools/bin/../lib/gcc/arm-none-eabi/11.3.1/thumb/v7e-m+fp/hard/crtbegin.o

.rodata         0x0000000008009ad0     0x1fb0
                0x0000000008009ad0                . = ALIGN (0x4)
 *(.rodata)
 *(.rodata*)
 .rodata.AHBPrescTable
                0x0000000008009ad0       0x10 ./Core/Src/system_stm32f4xx.o
                0x0000000008009ad0                AHBPrescTable
 .rodata.APBPrescTable
                0x0000000008009ae0        0x8 ./Core/Src/system_stm32f4xx.o
                0x0000000008009ae0                APBPrescTable
 .rodata.tcp_server_recv.str1.1
                0x0000000008009ae8       0x28 ./Core/Src/tcp_server.o
 .rodata.ethernetif_init.str1.1
                0x0000000008009b10       0x52 ./LWIP/Target/ethernetif.o
 .rodata.CSWTCH.21
                0x0000000008009b62        0x8 ./LWIP/Target/ethernetif.o
 .rodata.CSWTCH.22
                0x0000000008009b6a        0x8 ./LWIP/Target/ethernetif.o
 *fill*         0x0000000008009b72        0x2 
 .rodata.memp_RX_POOL
                0x0000000008009b74        0xc ./LWIP/Target/ethernetif.o
                0x0000000008009b74                memp_RX_POOL
 .rodata.mem_free.str1.1
                0x0000000008009b80      0x120 ./Middlewares/Third_Party/LwIP/src/core/mem.o
                                        0x148 (size before relaxing)
 .rodata.mem_trim.str1.1
                0x0000000008009ca0       0x48 ./Middlewares/Third_Party/LwIP/src/core/mem.o
 .rodata.mem_malloc.str1.1
                0x0000000008009ce8       0x9b ./Middlewares/Third_Party/LwIP/src/core/mem.o
 .rodata.do_memp_free_pool.str1.1
                0x0000000008009d83       0x50 ./Middlewares/Third_Party/LwIP/src/core/memp.o
                                         0x78 (size before relaxing)
 .rodata.do_memp_malloc_pool.isra.0.str1.1
                0x0000000008009dd3       0x23 ./Middlewares/Third_Party/LwIP/src/core/memp.o
 .rodata.memp_malloc_pool.str1.1
                0x0000000008009df6       0x12 ./Middlewares/Third_Party/LwIP/src/core/memp.o
 .rodata.memp_malloc.str1.1
                0x0000000008009e08       0x1d ./Middlewares/Third_Party/LwIP/src/core/memp.o
 .rodata.memp_free.str1.1
                0x0000000008009e25       0x1b ./Middlewares/Third_Party/LwIP/src/core/memp.o
 .rodata.memp_FRAG_PBUF
                0x0000000008009e40        0xc ./Middlewares/Third_Party/LwIP/src/core/memp.o
                0x0000000008009e40                memp_FRAG_PBUF
 .rodata.memp_PBUF
                0x0000000008009e4c        0xc ./Middlewares/Third_Party/LwIP/src/core/memp.o
                0x0000000008009e4c                memp_PBUF
 .rodata.memp_PBUF_POOL
                0x0000000008009e58        0xc ./Middlewares/Third_Party/LwIP/src/core/memp.o
                0x0000000008009e58                memp_PBUF_POOL
 .rodata.memp_REASSDATA
                0x0000000008009e64        0xc ./Middlewares/Third_Party/LwIP/src/core/memp.o
                0x0000000008009e64                memp_REASSDATA
 .rodata.memp_SYS_TIMEOUT
                0x0000000008009e70        0xc ./Middlewares/Third_Party/LwIP/src/core/memp.o
                0x0000000008009e70                memp_SYS_TIMEOUT
 .rodata.memp_TCP_PCB
                0x0000000008009e7c        0xc ./Middlewares/Third_Party/LwIP/src/core/memp.o
                0x0000000008009e7c                memp_TCP_PCB
 .rodata.memp_TCP_PCB_LISTEN
                0x0000000008009e88        0xc ./Middlewares/Third_Party/LwIP/src/core/memp.o
                0x0000000008009e88                memp_TCP_PCB_LISTEN
 .rodata.memp_TCP_SEG
                0x0000000008009e94        0xc ./Middlewares/Third_Party/LwIP/src/core/memp.o
                0x0000000008009e94                memp_TCP_SEG
 .rodata.memp_UDP_PCB
                0x0000000008009ea0        0xc ./Middlewares/Third_Party/LwIP/src/core/memp.o
                0x0000000008009ea0                memp_UDP_PCB
 .rodata.memp_pools
                0x0000000008009eac       0x24 ./Middlewares/Third_Party/LwIP/src/core/memp.o
                0x0000000008009eac                memp_pools
 .rodata.netif_issue_reports.str1.1
                0x0000000008009ed0       0x54 ./Middlewares/Third_Party/LwIP/src/core/netif.o
                                         0x7c (size before relaxing)
 .rodata.netif_do_set_ipaddr.isra.0.str1.1
                0x0000000008009f24       0x10 ./Middlewares/Third_Party/LwIP/src/core/netif.o
 .rodata.netif_add.str1.1
                0x0000000008009f34       0x7d ./Middlewares/Third_Party/LwIP/src/core/netif.o
 .rodata.netif_set_up.str1.1
                0x0000000008009fb1       0x1c ./Middlewares/Third_Party/LwIP/src/core/netif.o
 .rodata.netif_set_down.str1.1
                0x0000000008009fcd       0x1e ./Middlewares/Third_Party/LwIP/src/core/netif.o
 .rodata.netif_set_link_up.str1.1
                0x0000000008009feb       0x21 ./Middlewares/Third_Party/LwIP/src/core/netif.o
 .rodata.netif_set_link_down.str1.1
                0x000000000800a00c       0x23 ./Middlewares/Third_Party/LwIP/src/core/netif.o
 .rodata.pbuf_add_header_impl.str1.1
                0x000000000800a02f       0x30 ./Middlewares/Third_Party/LwIP/src/core/pbuf.o
                                         0x62 (size before relaxing)
 .rodata.pbuf_alloc_reference.str1.1
                0x000000000800a05f       0x12 ./Middlewares/Third_Party/LwIP/src/core/pbuf.o
 .rodata.pbuf_remove_header.str1.1
                0x000000000800a071       0x1e ./Middlewares/Third_Party/LwIP/src/core/pbuf.o
 .rodata.pbuf_free.str1.1
                0x000000000800a08f       0x49 ./Middlewares/Third_Party/LwIP/src/core/pbuf.o
 .rodata.pbuf_alloc.str1.1
                0x000000000800a0d8       0x1b ./Middlewares/Third_Party/LwIP/src/core/pbuf.o
 .rodata.pbuf_realloc.str1.1
                0x000000000800a0f3       0x4c ./Middlewares/Third_Party/LwIP/src/core/pbuf.o
 .rodata.pbuf_ref.str1.1
                0x000000000800a13f       0x12 ./Middlewares/Third_Party/LwIP/src/core/pbuf.o
 .rodata.pbuf_cat.str1.1
                0x000000000800a151       0x72 ./Middlewares/Third_Party/LwIP/src/core/pbuf.o
 .rodata.pbuf_copy.str1.1
                0x000000000800a1c3       0x99 ./Middlewares/Third_Party/LwIP/src/core/pbuf.o
 .rodata.pbuf_copy_partial.str1.1
                0x000000000800a25c       0x42 ./Middlewares/Third_Party/LwIP/src/core/pbuf.o
 .rodata.pbuf_clone.str1.1
                0x000000000800a29e       0x11 ./Middlewares/Third_Party/LwIP/src/core/pbuf.o
 .rodata.tcp_close_shutdown_fin.str1.1
                0x000000000800a2af       0x3b ./Middlewares/Third_Party/LwIP/src/core/tcp.o
                                         0x63 (size before relaxing)
 .rodata.tcp_free.str1.1
                0x000000000800a2ea       0x11 ./Middlewares/Third_Party/LwIP/src/core/tcp.o
 .rodata.tcp_bind.str1.1
                0x000000000800a2fb       0x3e ./Middlewares/Third_Party/LwIP/src/core/tcp.o
 .rodata.tcp_listen_with_backlog_and_err.str1.1
                0x000000000800a339       0x64 ./Middlewares/Third_Party/LwIP/src/core/tcp.o
 .rodata.tcp_update_rcv_ann_wnd.str1.1
                0x000000000800a39d       0x3e ./Middlewares/Third_Party/LwIP/src/core/tcp.o
 .rodata.tcp_recved.str1.1
                0x000000000800a3db       0x3e ./Middlewares/Third_Party/LwIP/src/core/tcp.o
 .rodata.tcp_setprio.str1.1
                0x000000000800a419       0x19 ./Middlewares/Third_Party/LwIP/src/core/tcp.o
 .rodata.tcp_seg_copy.str1.1
                0x000000000800a432       0x1a ./Middlewares/Third_Party/LwIP/src/core/tcp.o
 .rodata.tcp_recv.str1.1
                0x000000000800a44c       0x27 ./Middlewares/Third_Party/LwIP/src/core/tcp.o
 .rodata.tcp_err.str1.1
                0x000000000800a473       0x26 ./Middlewares/Third_Party/LwIP/src/core/tcp.o
 .rodata.tcp_next_iss.str1.1
                0x000000000800a499       0x1a ./Middlewares/Third_Party/LwIP/src/core/tcp.o
 .rodata.tcp_eff_send_mss_netif.str1.1
                0x000000000800a4b3       0x27 ./Middlewares/Third_Party/LwIP/src/core/tcp.o
 .rodata.tcp_pcb_purge.str1.1
                0x000000000800a4da       0x1b ./Middlewares/Third_Party/LwIP/src/core/tcp.o
 .rodata.tcp_pcb_remove.str1.1
                0x000000000800a4f5       0x84 ./Middlewares/Third_Party/LwIP/src/core/tcp.o
 .rodata.tcp_abandon.str1.1
                0x000000000800a579       0x4a ./Middlewares/Third_Party/LwIP/src/core/tcp.o
 .rodata.tcp_accept_null.str1.1
                0x000000000800a5c3       0x1d ./Middlewares/Third_Party/LwIP/src/core/tcp.o
 .rodata.tcp_netif_ip_addr_changed_pcblist.str1.1
                0x000000000800a5e0       0x34 ./Middlewares/Third_Party/LwIP/src/core/tcp.o
 .rodata.tcp_close_shutdown.str1.1
                0x000000000800a614       0x52 ./Middlewares/Third_Party/LwIP/src/core/tcp.o
 .rodata.tcp_close.str1.1
                0x000000000800a666       0x17 ./Middlewares/Third_Party/LwIP/src/core/tcp.o
 .rodata.tcp_recv_null.str1.1
                0x000000000800a67d       0x1b ./Middlewares/Third_Party/LwIP/src/core/tcp.o
 .rodata.tcp_process_refused_data.str1.1
                0x000000000800a698       0x26 ./Middlewares/Third_Party/LwIP/src/core/tcp.o
 .rodata.tcp_slowtmr.str1.1
                0x000000000800a6be      0x1b9 ./Middlewares/Third_Party/LwIP/src/core/tcp.o
 .rodata.tcp_backoff
                0x000000000800a877        0xd ./Middlewares/Third_Party/LwIP/src/core/tcp.o
 .rodata.tcp_pcb_lists
                0x000000000800a884       0x10 ./Middlewares/Third_Party/LwIP/src/core/tcp.o
                0x000000000800a884                tcp_pcb_lists
 .rodata.tcp_persist_backoff
                0x000000000800a894        0x7 ./Middlewares/Third_Party/LwIP/src/core/tcp.o
 .rodata.tcp_oos_insert_segment.str1.1
                0x000000000800a89b       0x57 ./Middlewares/Third_Party/LwIP/src/core/tcp_in.o
                                         0x7f (size before relaxing)
 .rodata.tcp_parseopt.str1.1
                0x000000000800a8f2       0x1a ./Middlewares/Third_Party/LwIP/src/core/tcp_in.o
 .rodata.tcp_input_delayed_close.str1.1
                0x000000000800a90c       0x25 ./Middlewares/Third_Party/LwIP/src/core/tcp_in.o
 .rodata.tcp_free_acked_segments.constprop.0.str1.1
                0x000000000800a931       0x48 ./Middlewares/Third_Party/LwIP/src/core/tcp_in.o
 .rodata.tcp_receive.str1.1
                0x000000000800a979      0x117 ./Middlewares/Third_Party/LwIP/src/core/tcp_in.o
 .rodata.tcp_input.str1.1
                0x000000000800aa90      0x1ce ./Middlewares/Third_Party/LwIP/src/core/tcp_in.o
 .rodata.tcp_output_segment_busy.str1.1
                0x000000000800ac5e       0x58 ./Middlewares/Third_Party/LwIP/src/core/tcp_out.o
                                         0x80 (size before relaxing)
 .rodata.tcp_pbuf_prealloc.str1.1
                0x000000000800acb6       0x33 ./Middlewares/Third_Party/LwIP/src/core/tcp_out.o
 .rodata.tcp_create_segment.str1.1
                0x000000000800ace9       0x56 ./Middlewares/Third_Party/LwIP/src/core/tcp_out.o
 .rodata.tcp_output_alloc_header_common.constprop.0.str1.1
                0x000000000800ad3f       0x2e ./Middlewares/Third_Party/LwIP/src/core/tcp_out.o
 .rodata.tcp_output_alloc_header.constprop.0.str1.1
                0x000000000800ad6d       0x25 ./Middlewares/Third_Party/LwIP/src/core/tcp_out.o
 .rodata.tcp_output_fill_options.constprop.0.str1.1
                0x000000000800ad92       0x26 ./Middlewares/Third_Party/LwIP/src/core/tcp_out.o
 .rodata.tcp_output_control_segment.str1.1
                0x000000000800adb8       0x29 ./Middlewares/Third_Party/LwIP/src/core/tcp_out.o
 .rodata.tcp_write.str1.1
                0x000000000800ade1      0x249 ./Middlewares/Third_Party/LwIP/src/core/tcp_out.o
 .rodata.tcp_split_unsent_seg.str1.1
                0x000000000800b02a       0x5f ./Middlewares/Third_Party/LwIP/src/core/tcp_out.o
 .rodata.tcp_enqueue_flags.str1.1
                0x000000000800b089      0x117 ./Middlewares/Third_Party/LwIP/src/core/tcp_out.o
 .rodata.tcp_send_fin.str1.1
                0x000000000800b1a0       0x1a ./Middlewares/Third_Party/LwIP/src/core/tcp_out.o
 .rodata.tcp_rexmit_rto_prepare.str1.1
                0x000000000800b1ba       0x24 ./Middlewares/Third_Party/LwIP/src/core/tcp_out.o